11-29 15:21:25.797 28269 28340 D UE4     : [2021.11.29-14.21.25:797][  0]LogRHI: AndroidEGL:SwapBuffers eglGetCompositorTimingANDROID EGL_COMPOSITE_DEADLINE_ANDROID=624538508752800, EGL_COMPOSITE_INTERVAL_ANDROID=16665000, EGL_COMPOSITE_TO_PRESENT_LATENCY_ANDROID=15665000
11-29 15:21:25.799 28269 28340 D UE4     : [2021.11.29-14.21.25:799][  0]LogRHI: JNI Display getRefreshRate=60.000004
11-29 15:21:25.799 28269 28340 D UE4     : [2021.11.29-14.21.25:799][  0]LogRHI: Final display timing metrics: DriverRefreshRate=60.0060  DriverRefreshNanos=16665000
11-29 15:21:25.799 28269 28340 D UE4     : [2021.11.29-14.21.25:799][  0]LogRHI: AndroidEGL:SwapBuffers Min=0, Max=1, Request=1, ClosestDriver=1, SetDriver=1
11-29 15:21:25.799 28269 28340 D UE4     : [2021.11.29-14.21.25:799][  0]LogRHI: Called eglSwapInterval 1
11-29 15:21:25.897 28269 28297 D UE4     : [2021.11.29-14.21.25:897][  0]LogStreaming: Display: FlushAsyncLoading: 1 QueuedPackages, 0 AsyncPackages
11-29 15:21:25.897 28269 28297 D UE4     : [2021.11.29-14.21.25:897][  0]LogPackageLocalizationCache: Processed 25 localized package path(s) for 1 prioritized culture(s) in 0.000166 seconds
11-29 15:21:25.913 28269 28297 D UE4     : [2021.11.29-14.21.25:913][  0]LogSerialization: Display: AllowBulkDataInIoStore: 'true'
11-29 15:21:25.916 28269 28297 D UE4     : [2021.11.29-14.21.25:916][  0]LogInit: Active device profile: [0xbdb5a580][0xbca6da70 49] Android_Adreno6xx
11-29 15:21:25.916 28269 28297 D UE4     : [2021.11.29-14.21.25:916][  0]LogInit: Profiles: [0xbdb5a280][0xbe350000 49] Android, [0xbdb5a180][0xbe351550 49] Android_High, [0xbdb5a580][0xbca6da70 49] Android_Adreno6xx, 
11-29 15:21:25.944 28269 28297 D UE4     : [2021.11.29-14.21.25:944][  0]LogNetVersion: MyTestProject 1.0.0, NetCL: 17155196, EngineNetVer: 17, GameNetVer: 0 (Checksum: 347308657)
11-29 15:21:26.050 28269 28297 D UE4     : [2021.11.29-14.21.26:050][  0]LogAudioCaptureCore: Display: No Audio Capture implementations found. Audio input will be silent.
11-29 15:21:26.050 28269 28297 D UE4     : [2021.11.29-14.21.26:050][  0]LogAudioCaptureCore: Display: No Audio Capture implementations found. Audio input will be silent.
11-29 15:21:26.053 28269 28297 D UE4     : [2021.11.29-14.21.26:053][  0]LogHMD: PokeAHoleMaterial loaded successfully
11-29 15:21:26.133 28269 28297 I MediaPlayer: constructor
11-29 15:21:26.144 28269 28297 D UE4     : [2021.11.29-14.21.26:144][  0]LogMoviePlayer: Initializing movie player
11-29 15:21:26.146 28269 28297 D UE4     : [2021.11.29-14.21.26:146][  0]LogNiagaraDebuggerClient: Niagara Debugger Client Initialized | Session: 5CB16B0D49DB8A673A2C2897A0399F33 | Instance: 96A9B0F4AD5C4678A795D41B73A2078A (ONEPLUS A6013-28269).
11-29 15:21:26.149 28269 28297 D UE4     : [2021.11.29-14.21.26:149][  0]LogUdpMessaging: Initializing bridge on interface 0.0.0.0:0 to multicast group 230.0.0.1:6666.
11-29 15:21:26.152 28269 28297 D UE4     : [2021.11.29-14.21.26:152][  0]LogTcpMessaging: Initializing TcpMessaging bridge, listening on 127.0.0.1:6666
11-29 15:21:26.158 28269 28297 D UE4     : [2021.11.29-14.21.26:158][  0]LogGooglePAD: Display: GooglePAD disabled.
11-29 15:21:26.158 28269 28297 D UE4     : [2021.11.29-14.21.26:158][  0]LogAndroidPermission: UAndroidPermissionCallbackProxy::GetInstance
11-29 15:21:26.160 28269 28297 D UE4     : [2021.11.29-14.21.26:160][  0]LogOcInput: OculusInput pre-init called
11-29 15:21:26.176 28269 28297 D UE4     : [2021.11.29-14.21.26:176][  0]LogUObjectArray: 15400 objects as part of root set at end of initial load.
11-29 15:21:26.176 28269 28297 D UE4     : [2021.11.29-14.21.26:176][  0]LogUObjectArray: 2 objects are not in the root set, but can never be destroyed because they are in the DisregardForGC set.
11-29 15:21:26.176 28269 28297 D UE4     : [2021.11.29-14.21.26:176][  0]LogUObjectAllocator: 2192560 out of 0 bytes used by permanent object pool.
11-29 15:21:26.176 28269 28297 D UE4     : [2021.11.29-14.21.26:176][  0]LogUObjectArray: CloseDisregardForGC: 15400/15400 objects in disregard for GC pool
11-29 15:21:26.187 28269 28297 D UE4     : [2021.11.29-14.21.26:187][  0]LogAndroid: Display: Passed PreInit()
11-29 15:21:26.188 28269 28297 D UE4     : [2021.11.29-14.21.26:188][  0]LogEngine: Initializing Engine...
11-29 15:21:26.188 28269 28297 D UE4     : [2021.11.29-14.21.26:188][  0]LogHMD: Failed to load openxr_loader.dll
11-29 15:21:26.188 28269 28297 D UE4     : [2021.11.29-14.21.26:188][  0]LogHMD: Failed to initialize core functions. Please check that you have a valid OpenXR runtime installed.
11-29 15:21:26.188 28269 28297 D UE4     : [2021.11.29-14.21.26:188][  0]LogGoogleARCoreTrackingSystem: Creating GoogleARCore Tracking System.
11-29 15:21:26.190 28269 28297 D UE4     : [2021.11.29-14.21.26:190][  0]LogStats: UGameplayTagsManager::InitializeManager -  0.000 s
11-29 15:21:26.216 28269 28297 D UE4     : [2021.11.29-14.21.26:216][  0]LogInit: Initializing FReadOnlyCVARCache
11-29 15:21:26.216 28269 28297 D UE4     : [2021.11.29-14.21.26:216][  0]LogAudio: Display: Initializing Audio Device Manager...
11-29 15:21:26.216 28269 28297 D UE4     : [2021.11.29-14.21.26:216][  0]LogAudio: Display: Loading Default Audio Settings Objects...
11-29 15:21:26.217 28269 28297 D UE4     : [2021.11.29-14.21.26:217][  0]LogAudio: Display: No default SoundConcurrencyObject specified (or failed to load).
11-29 15:21:26.217 28269 28297 D UE4     : [2021.11.29-14.21.26:217][  0]LogAudio: Display: Audio Device Manager Initialized
11-29 15:21:26.217 28269 28297 D UE4     : [2021.11.29-14.21.26:217][  0]LogAudio: Display: Creating Audio Device:                 Id: 1, Scope: Shared, Realtime: True
11-29 15:21:26.219 28269 28297 D UE4     : [GameActivity] [JAVA] audiomanager.framesPerBuffer = 192
11-29 15:21:26.219 28269 28297 D UE4     : [2021.11.29-14.21.26:219][  0]LogAudioMixer: Display: Audio Mixer Platform Settings:
11-29 15:21:26.219 28269 28297 D UE4     : [2021.11.29-14.21.26:219][  0]LogAudioMixer: Display: 	Sample Rate:						  48000
11-29 15:21:26.219 28269 28297 D UE4     : [2021.11.29-14.21.26:219][  0]LogAudioMixer: Display: 	Callback Buffer Frame Size Requested: 1152
11-29 15:21:26.219 28269 28297 D UE4     : [2021.11.29-14.21.26:219][  0]LogAudioMixer: Display: 	Callback Buffer Frame Size To Use:	  1152
11-29 15:21:26.219 28269 28297 D UE4     : [2021.11.29-14.21.26:219][  0]LogAudioMixer: Display: 	Number of buffers to queue:			  2
11-29 15:21:26.219 28269 28297 D UE4     : [2021.11.29-14.21.26:219][  0]LogAudioMixer: Display: 	Max Channels (voices):				  32
11-29 15:21:26.219 28269 28297 D UE4     : [2021.11.29-14.21.26:219][  0]LogAudioMixer: Display: 	Number of Async Source Workers:		  0
11-29 15:21:26.219 28269 28297 D UE4     : [2021.11.29-14.21.26:219][  0]LogAudio: Display: AudioDevice MaxSources: 32
11-29 15:21:26.219 28269 28297 D UE4     : [2021.11.29-14.21.26:219][  0]LogAudio: Display: Audio Spatialization Plugin: None (built-in).
11-29 15:21:26.219 28269 28297 D UE4     : [2021.11.29-14.21.26:219][  0]LogAudio: Display: Audio Reverb Plugin: None (built-in).
11-29 15:21:26.219 28269 28297 D UE4     : [2021.11.29-14.21.26:219][  0]LogAudio: Display: Audio Occlusion Plugin: None (built-in).
11-29 15:21:26.219 28269 28297 D UE4     : [2021.11.29-14.21.26:219][  0]LogAudioMixer: Display: Initializing audio mixer.
11-29 15:21:26.220 28269 28297 D UE4     : [GameActivity] [JAVA] audiomanager.optimalSampleRate = 48000
11-29 15:21:26.221 28269 28297 D UE4     : [GameActivity] [JAVA] audiomanager.framesPerBuffer = 192
11-29 15:21:26.221 28269 28297 D         : PlayerBase::PlayerBase()
11-29 15:21:26.221 28269 28297 D         : TrackPlayerBase::TrackPlayerBase()
11-29 15:21:26.221 28269 28297 I libOpenSLES: Emulating old channel mask behavior (ignoring positional mask 0x3, using default mask 0x3 based on channel count of 2)
11-29 15:21:26.221 28269 28297 D AudioTrack: set(): streamType 3, sampleRate 48000, format 0x1, channelMask 0x3, frameCount 0, flags #104, notificationFrames -1, sessionId 12369, transferType 0, uid -1, pid -1
11-29 15:21:26.222   762   656 I APM_AudioPolicyManager: getOutputForAttr() strategy 0, device 0x2, sampling rate 48000, format 0x1, channel mask 0x3, flags 0x104
11-29 15:21:26.222   762   656 D AudioPolicyManagerCustom: getOutputForDevice() returns output 13 flag 0x104
11-29 15:21:26.223   762   656 W AudioFlinger: createTrack_l(): mismatch between requested flags (00000104) and output flags (00000006)
11-29 15:21:26.223   762   656 D AudioFlinger: Client defaulted notificationFrames to 192 for frameCount 384
11-29 15:21:26.223   762   656 I AudioFlinger: latencyMs:0,frameCount:384
11-29 15:21:26.223   762   656 D AudioFlinger: AudioOut_D createTrack_l() stmType 3,typeVolume 0.000000,mute 0,fc 384,sId 12369, flags 4
11-29 15:21:26.223   762   656 D AudioFlinger: Creating track with 2048 buffers bytes.format 1,mFrameSize 4,mFrameCount 384,roundup(frameCount) 512
11-29 15:21:26.223 28269 28297 I AudioTrack: AUDIO_OUTPUT_FLAG_FAST successful; frameCount 0 -> 384
11-29 15:21:26.225 28269 28297 D UE4     : [2021.11.29-14.21.26:225][  0]LogAudioMixer: Display: Using Audio Device Android Audio Device
11-29 15:21:26.226 28269 28297 D UE4     : [2021.11.29-14.21.26:226][  0]LogAudioMixer: Display: Initializing Sound Submixes...
11-29 15:21:26.229 28269 28297 D UE4     : [2021.11.29-14.21.26:229][  0]LogAudioMixer: Display: Creating Master Submix 'MasterSubmixDefault'
11-29 15:21:26.229 28269 28297 D UE4     : [2021.11.29-14.21.26:229][  0]LogAudioMixer: Display: Creating Master Submix 'MasterReverbSubmixDefault'
11-29 15:21:26.232 28269 28297 D UE4     : [2021.11.29-14.21.26:232][  0]LogAudioMixer: Display: Creating Master Submix 'MasterEQSubmixDefault'
11-29 15:21:26.232 28269 28297 D UE4     : [2021.11.29-14.21.26:232][  0]LogAudioMixer: Display: Output buffers initialized: Frames=1152, Channels=2, Samples=2304
11-29 15:21:26.236 28269 28360 D UE4     : [2021.11.29-14.21.26:236][  0]LogAudioMixer: Display: Starting AudioMixerPlatformInterface::RunInternal()
11-29 15:21:26.238   883  1818 V AudioService: playerEvent: 42943 event: 2 isMusicActive:false device:2
11-29 15:21:26.239   883  1818 V AudioMonitor: MDM,start. 
11-29 15:21:26.241   703   703 W AshmemAllocator: ashmem_create_region(7680) returning hidl_memory(0x76d222c100, 7680)
11-29 15:21:26.243   703   703 W AshmemAllocator: ashmem_create_region(7680) returning hidl_memory(0x76d222c100, 7680)
11-29 15:21:26.245   762   903 D APM_AudioPolicyManager: startOutput() output 13, stream 3, session 12369
11-29 15:21:26.245   762   903 I APM_AudioPolicyManager: isStrategyActive: strategy:0,stream:3
11-29 15:21:26.245   762   903 I APM_AudioPolicyManager: getNewOutputDevice() selected device 2
11-29 15:21:26.246   762   903 D APM_AudioPolicyManager: startOutput()-- newDevice:0
11-29 15:21:26.246 28269 28297 D UE4     : [2021.11.29-14.21.26:246][  0]LogInit: FAudioDevice initialized.
11-29 15:21:26.247   704 22533 D audio_hw_primary: start_output_stream: enter: stream(0xe7311000)usecase(1: low-latency-playback) devices(0x2)
11-29 15:21:26.248 28269 28297 D UE4     : [2021.11.29-14.21.26:248][  0]LogNetVersion: Set ProjectVersion to 1.0.0.0. Version Checksum will be recalculated on next use.
11-29 15:21:26.248   704 22533 D audio_hw_primary: select_devices for use case (low-latency-playback)
11-29 15:21:26.248 28269 28297 D UE4     : [2021.11.29-14.21.26:248][  0]LogInit: Texture streaming: Enabled
11-29 15:21:26.248   704 22533 D audio_hw_primary: select_devices: out_snd_device(6: speaker) in_snd_device(0: )
11-29 15:21:26.248   704 22533 I msm8974_platform: platform_check_and_set_codec_backend_cfg:becf: afe: bitwidth 24, samplerate 48000 channels 2, backend_idx 0 usecase = 1 device (speaker)
11-29 15:21:26.248   704 22533 D msm8974_platform: platform_split_snd_device: snd_device(6) num devices(1) new_snd_devices(0)
11-29 15:21:26.248   704 22533 I msm8974_platform: platform_check_and_set_codec_backend_cfg: new_snd_devices[0] is 6
11-29 15:21:26.248   704 22533 I msm8974_platform: platform_check_codec_backend_cfg:becf: afe: bitwidth 24, samplerate 48000 channels 2, backend_idx 0 usecase = 1 device (speaker)
11-29 15:21:26.248   704 22533 D msm8974_platform: platform_check_codec_backend_cfg:becf: afe: reset bitwidth to 24 (based on supported value for this platform)
11-29 15:21:26.248   704 22533 D msm8974_platform: platform_check_codec_backend_cfg:becf: afe: playback on codec device not supporting native playback set default Sample Rate(48k)
11-29 15:21:26.248   704 22533 I msm8974_platform: platform_check_codec_backend_cfg:becf: afe: Codec selected backend: 0 updated bit width: 24 and sample rate: 48000
11-29 15:21:26.248   704 22533 D audio_hw_primary: check_usecases_codec_backend:becf: force routing 0
11-29 15:21:26.248   704 22533 E msm8974_platform: platform_check_backends_match: Invalid snd_device = 
11-29 15:21:26.248   704 22533 D audio_hw_primary: check_usecases_codec_backend:becf: (62) check_usecases curr device: speaker, usecase device: backends match 0
11-29 15:21:26.248   704 22533 D audio_hw_primary: check_usecases_codec_backend:becf: check_usecases num.of Usecases to switch 0
11-29 15:21:26.248   704 22533 D msm8974_platform: platform_split_snd_device: snd_device(6) num devices(0) new_snd_devices(0)
11-29 15:21:26.248   704 22533 D hardware_info: hw_info_append_hw_type : device_name = speaker
11-29 15:21:26.248   704 22533 D msm8974_platform: platform_split_snd_device: snd_device(6) num devices(0) new_snd_devices(0)
11-29 15:21:26.248   704 22533 D audio_hw_primary: enable_snd_device: snd_device(6: speaker)
11-29 15:21:26.248   704 22533 I soundtrigger: audio_extn_sound_trigger_update_device_status: device 0x6 of type 0 for Event 1, with Raise=0
11-29 15:21:26.248   704 22533 D audio_route: Apply path: speaker
11-29 15:21:26.248   704 22533 E soundtrigger: audio_extn_sound_trigger_update_stream_status: invalid input device 0x0, for event 3
11-29 15:21:26.248   704 22533 D soundtrigger: audio_extn_sound_trigger_update_stream_status: uc_info->id 1 of type 0 for Event 3, with Raise=0
11-29 15:21:26.248   704 22533 D audio_hw_utils: audio_extn_utils_send_app_type_cfg: usecase->out_snd_device speaker
11-29 15:21:26.249   704 22533 D msm8974_platform: platform_split_snd_device: snd_device(6) num devices(0) new_snd_devices(0)
11-29 15:21:26.249   704 22533 I audio_hw_utils: send_app_type_cfg_for_device PLAYBACK app_type 69937, acdb_dev_id 15, sample_rate 48000, snd_device_be_idx 39
11-29 15:21:26.249   704 22533 D msm8974_platform: platform_split_snd_device: snd_device(6) num devices(1) new_snd_devices(0)
11-29 15:21:26.249   704 22533 D ACDB-LOADER: ACDB -> send_audio_cal, acdb_id = 15, path = 0, app id = 0x11131, sample rate = 48000
11-29 15:21:26.249   704 22533 D ACDB-LOADER: ACDB -> send_asm_topology
11-29 15:21:26.250   704 22533 D ACDB-LOADER: ACDB -> ACDB_CMD_GET_AUDPROC_STREAM_TOPOLOGY_ID
11-29 15:21:26.250   704 22533 D ACDB-LOADER: ACDB -> send_adm_topology
11-29 15:21:26.250   704 22533 D ACDB-LOADER: ACDB -> ACDB_CMD_GET_AUDPROC_COMMON_TOPOLOGY_ID
11-29 15:21:26.250   704 22533 D ACDB-LOADER: ACDB -> send_audtable
11-29 15:21:26.250   704 22533 D ACDB-LOADER: ACDB -> ACDB_CMD_GET_AUDPROC_COMMON_TABLE_SIZE
11-29 15:21:26.250   704 22533 D ACDB-LOADER: ACDB -> ACDB_CMD_GET_AUDPROC_COMMON_TABLE
11-29 15:21:26.250   704 22533 D ACDB-LOADER: ACDB -> AUDIO_SET_AUDPROC_CAL
11-29 15:21:26.250   704 22533 D ACDB-LOADER: ACDB -> send_audvoltable
11-29 15:21:26.250   704 22533 D ACDB-LOADER: ACDB -> ACDB_CMD_GET_AUDPROC_VOL_STEP_TABLE_SIZE
11-29 15:21:26.250   704 22533 D ACDB-LOADER: ACDB -> ACDB_CMD_GET_AUDPROC_GAIN_DEP_STEP_TABLE, vol index 4
11-29 15:21:26.250   704 22533 D ACDB-LOADER: ACDB -> AUDIO_SET_VOL_CAL cal type = 12
11-29 15:21:26.250   704 22533 D ACDB-LOADER: ACDB -> ACDB_CMD_GET_AUDPROC_STREAM_TABLE_SIZE
11-29 15:21:26.250   704 22533 D ACDB-LOADER: ACDB -> send_audstrmtable
11-29 15:21:26.250   704 22533 D ACDB-LOADER: ACDB -> ACDB_CMD_GET_AUDPROC_STREAM_TABLE_V2
11-29 15:21:26.250   704 22533 D ACDB-LOADER: ACDB -> audstrm_cal->cal_type.cal_data.cal_size = 16
11-29 15:21:26.250   704 22533 D ACDB-LOADER: ACDB -> send_afe_topology
11-29 15:21:26.250   704 22533 D ACDB-LOADER: ACDB -> ACDB_CMD_GET_AFE_TOPOLOGY_ID
11-29 15:21:26.250   704 22533 D ACDB-LOADER: ACDB -> GET_AFE_TOPOLOGY_ID for adcd_id 15, Topology Id 112fc
11-29 15:21:26.250   704 22533 D ACDB-LOADER: ACDB -> send_afe_cal
11-29 15:21:26.250   704 22533 D ACDB-LOADER: ACDB -> ACDB_CMD_GET_AFE_COMMON_TABLE_SIZE
11-29 15:21:26.250   704 22533 D         : Failed to fetch the lookup information of the device 0000000F 
11-29 15:21:26.250   704 22533 E ACDB-LOADER: Error: ACDB_CMD_GET_AFE_COMMON_TABLE_SIZE Returned = -19
11-29 15:21:26.250   704 22533 D ACDB-LOADER: ACDB -> ACDB_CMD_GET_AFE_COMMON_TABLE
11-29 15:21:26.250   704 22533 D         : Failed to fetch the lookup information of the device 0000000F 
11-29 15:21:26.251   704 22533 E ACDB-LOADER: Error: ACDB AFE returned = -19
11-29 15:21:26.251   704 22533 D ACDB-LOADER: ACDB -> AUDIO_SET_AFE_CAL
11-29 15:21:26.251   704 22533 D ACDB-LOADER: ACDB -> send_hw_delay : acdb_id = 15 path = 0
11-29 15:21:26.251   704 22533 D ACDB-LOADER: ACDB -> ACDB_AVSYNC_INFO: ACDB_CMD_GET_DEVICE_PROPERTY
11-29 15:21:26.251   704 22533 D audio_hw_primary: enable_audio_route: apply mixer and update path: low-latency-playback quat_i2s
11-29 15:21:26.251   704 22533 D audio_route: Apply path: low-latency-playback quat_i2s
11-29 15:21:26.252   704 22533 D audio_hw_primary: select_devices: done
11-29 15:21:26.258 28269 28297 D UE4     : [2021.11.29-14.21.26:258][  0]LogAudio: Display: Audio Device (ID: 1) registered with world 'Untitled'.
11-29 15:21:26.259 28269 28297 D UE4     : [2021.11.29-14.21.26:258][  0]LogSlate: Updating window title bar state: overlay mode, drag disabled, window buttons hidden, title bar hidden
11-29 15:21:26.259 28269 28297 D UE4     : [2021.11.29-14.21.26:259][  0]LogInit: Display: Game Engine Initialized.
11-29 15:21:26.260 28269 28297 D UE4     : [2021.11.29-14.21.26:260][  0]LogInit: Display: Starting Game.
11-29 15:21:26.260 28269 28297 D UE4     : [2021.11.29-14.21.26:260][  0]LogNet: Browse: /Game/HandheldAR/Maps/HandheldARBlankMap?Name=Player
11-29 15:21:26.261 28269 28297 D UE4     : [2021.11.29-14.21.26:261][  0]LogLoad: LoadMap: /Game/HandheldAR/Maps/HandheldARBlankMap?Name=Player
11-29 15:21:26.261 28269 28297 D UE4     : [2021.11.29-14.21.26:261][  0]LogWorld: BeginTearingDown for /Temp/Untitled_0
11-29 15:21:26.262 28269 28297 D UE4     : [2021.11.29-14.21.26:262][  0]LogWorld: UWorld::CleanupWorld for Untitled, bSessionEnded=true, bCleanupResources=true
11-29 15:21:26.263 28269 28297 D UE4     : [2021.11.29-14.21.26:263][  0]LogSlate: InvalidateAllWidgets triggered.  All widgets were invalidated
11-29 15:21:26.267 28269 28297 D UE4     : [2021.11.29-14.21.26:267][  0]LogAudio: Display: Audio Device unregistered from world 'None'.
11-29 15:21:26.269 28269 28297 D UE4     : [2021.11.29-14.21.26:269][  0]LogUObjectHash: Compacting FUObjectHashTables data took   0.82ms
11-29 15:21:26.282   704 22533 D msm8974_platform: platform_set_channel_map mixer_ctl_name:Playback Channel Map13
11-29 15:21:26.282   704 22533 D msm8974_platform: platform_set_channel_map: set mapping(1 2 0 0 0 0 0 0) for channel:2
11-29 15:21:26.283   704 22533 D audio_hw_primary: start_output_stream: exit
11-29 15:21:26.495 28269 28297 D UE4     : [2021.11.29-14.21.26:495][  0]LogAudio: Display: Audio Device (ID: 1) registered with world 'HandheldARBlankMap'.
11-29 15:21:26.497 28269 28297 D UE4     : [2021.11.29-14.21.26:496][  0]LogAIModule: Creating AISystem for world HandheldARBlankMap
11-29 15:21:26.497 28269 28297 D UE4     : [2021.11.29-14.21.26:497][  0]LogLoad: Game class is 'BP_ARGameMode_C'
11-29 15:21:26.500 28269 28297 D UE4     : [2021.11.29-14.21.26:500][  0]LogWorld: Bringing World /Game/HandheldAR/Maps/HandheldARBlankMap.HandheldARBlankMap up for play (max tick rate 0) at 2021.11.29-15.21.26
11-29 15:21:26.501 28269 28297 D UE4     : [2021.11.29-14.21.26:500][  0]LogWorld: Bringing up level for play took: 0.001256
11-29 15:21:26.501 28269 28297 D UE4     : [2021.11.29-14.21.26:501][  0]LogOnline: OSS: Creating online subsystem instance for: GooglePlay
11-29 15:21:26.501 28269 28297 D UE4     : [2021.11.29-14.21.26:501][  0]LogOnline: Warning: OSS: FOnlineSubsystemGooglePlayModule was disabled
11-29 15:21:26.502 28269 28297 D UE4     : [2021.11.29-14.21.26:502][  0]LogGameMode: FindPlayerStart: PATHS NOT DEFINED or NO PLAYERSTART with positive rating
11-29 15:21:26.517 28269 28297 D UE4     : [2021.11.29-14.21.26:517][  0]LogLoad: Took 0.256307 seconds to LoadMap(/Game/HandheldAR/Maps/HandheldARBlankMap)
11-29 15:21:26.519 28269 28297 D UE4     : [2021.11.29-14.21.26:519][  0]LogSlate: Took 0.000426 seconds to synchronously load lazily loaded font '../../../Engine/Content/EngineFonts/Faces/RobotoRegular.ufont' (155K)
11-29 15:21:26.522 28269 28297 D UE4     : [2021.11.29-14.21.26:522][  0]LogSlate: Took 0.000443 seconds to synchronously load lazily loaded font '../../../Engine/Content/EngineFonts/Faces/RobotoBold.ufont' (160K)
11-29 15:21:26.663 28269 28340 D UE4     : AndroidEGL::  ReleaseContextOwnership,  thread releasing rendering context tid: 28340
11-29 15:21:26.663 28269 28340 D UE4     : AndroidEGL::ResetDisplay()
11-29 15:21:26.686 28269 28297 D UE4     : [2021.11.29-14.21.26:686][  0]LogSlate: Took 0.000380 seconds to synchronously load lazily loaded font '../../../Engine/Content/Slate/Fonts/Roboto-Regular.ttf' (155K)
11-29 15:21:26.687 28269 28363 D UE4     : [2021.11.29-14.21.26:687][  0]LogRenderer: Reallocating scene render targets to support 608x1280 Format 10 NumSamples 1 (Frame:1).
11-29 15:21:26.687 28269 28297 D UE4     : [2021.11.29-14.21.26:687][  0]LogRHI: Display: ShaderPipelineCache: Paused Batching. 1
11-29 15:21:26.687 28269 28297 D UE4     : [2021.11.29-14.21.26:687][  0]LogRHI: Display: ShaderPipelineCache: Resumed Batching. 0
11-29 15:21:26.687 28269 28297 D UE4     : [2021.11.29-14.21.26:687][  0]LogRHI: Display: ShaderPipelineCache: Batching Resumed.
11-29 15:21:26.687 28269 28297 D UE4     : [2021.11.29-14.21.26:687][  0]LogInit: Display: Engine is initialized. Leaving FEngineLoop::Init()
11-29 15:21:26.687 28269 28297 D UE4     : [2021.11.29-14.21.26:687][  0]LogAndroid: Passed GEngineLoop.Init()
11-29 15:21:26.688 28269 28297 D UE4     : [2021.11.29-14.21.26:688][  0]LogAndroidEvents: Display: LogAndroidEvents::DequeueAppEvent : 9, [width=-1, height=-1], APP_EVENT_STATE_ON_START
11-29 15:21:26.688 28269 28297 D UE4     : FAppEventManager::Tick processing, 9
11-29 15:21:26.688 28269 28297 D UE4     : [2021.11.29-14.21.26:688][  0]LogAndroidEvents: Display: LogAndroidEvents::DequeueAppEvent : 7, [width=-1, height=-1], APP_EVENT_STATE_ON_RESUME
11-29 15:21:26.688 28269 28297 D UE4     : FAppEventManager::Tick processing, 7
11-29 15:21:26.688 28269 28297 D UE4     : [2021.11.29-14.21.26:688][  0]LogAndroidEvents: Display: LogAndroidEvents::DequeueAppEvent : 0, [width=1080, height=2260], APP_EVENT_STATE_WINDOW_CREATED
11-29 15:21:26.688 28269 28297 D UE4     : FAppEventManager::Tick processing, 0
11-29 15:21:26.688 28269 28297 D UE4     : [2021.11.29-14.21.26:688][  0]LogAndroidEvents: Display: ExecWindowCreated
11-29 15:21:26.688 28269 28297 D UE4     : AndroidEGL::ReInitWindow()
11-29 15:21:26.688 28269 28297 D UE4     : [2021.11.29-14.21.26:688][  0]LogAndroid: AndroidEGL::RefreshWindowSize updating window size = 608, 1280, cached size : 0, 0 tid : 28297
11-29 15:21:26.688 28269 28297 D UE4     : [2021.11.29-14.21.26:688][  0]LogAndroid: AndroidEGL::ResizeSharedContextSurface, PImplData->Window=0xe51f8008, PImplData->eglWidth=8, PImplData->eglHeight=8!, CachedWidth=608, CachedHeight=1280, tid: 28297
11-29 15:21:26.688 28269 28297 D UE4     : AndroidEGL::UnBindShared()
11-29 15:21:26.688 28269 28297 D UE4     : AndroidEGL::ResetDisplay()
11-29 15:21:26.688 28269 28297 D UE4     : AndroidEGL::DestroySharedSurface()
11-29 15:21:26.688 28269 28297 D UE4     : AndroidEGL::InitSharedSurface 0
11-29 15:21:26.688 28269 28297 D UE4     : AndroidEGL::InitSharedSurface, Using CachedWindowRect, width: 608, height 1280 
11-29 15:21:26.688 28269 28297 D UE4     : AndroidEGL::InitSharedSurface, Using width: 608, height 1280 
11-29 15:21:26.688 28269 28297 D UE4     : AndroidEGL::InitSharedSurface, width: 608, height 1280 
11-29 15:21:26.688 28269 28297 D UE4     : AndroidEGL::CreateEGLSharedSurface(), auxSurface = eglCreatePbufferSurface(), 8x8
11-29 15:21:26.688 28269 28297 D UE4     : ExecWindowCreated, 0, 1, 1
11-29 15:21:26.688 28269 28297 D UE4     : [2021.11.29-14.21.26:688][  0]LogAndroidEvents: Display: LogAndroidEvents::DequeueAppEvent : 11, [width=-1, height=-1], APP_EVENT_STATE_WINDOW_GAINED_FOCUS
11-29 15:21:26.688 28269 28297 D UE4     : FAppEventManager::Tick processing, 11
11-29 15:21:26.688 28269 28297 D UE4     : [2021.11.29-14.21.26:688][  0]LogAndroidEvents: Display: LogAndroidEvents::DequeueAppEvent : 14, [width=-1, height=-1], APP_EVENT_STATE_APP_ACTIVATED
11-29 15:21:26.688 28269 28297 D UE4     : FAppEventManager::Tick processing, 14
11-29 15:21:26.688 28269 28297 D UE4     : Execution will be resumed!
11-29 15:21:26.688 28269 28297 D UE4     : [2021.11.29-14.21.26:688][  0]LogAndroidEvents: Display: LogAndroidEvents::DequeueAppEvent : 15, [width=-1, height=-1], APP_EVENT_RUN_CALLBACK
11-29 15:21:26.689 28269 28297 D UE4     : FAppEventManager::Tick processing, 15
11-29 15:21:26.689 28269 28297 D UE4     : [2021.11.29-14.21.26:689][  0]LogAndroidEvents: Display: Event thread callback running.
11-29 15:21:26.689 28269 28297 D UE4     : [2021.11.29-14.21.26:689][  0]LogAndroid: performing app foregrounding callback.
11-29 15:21:26.689 28269 28297 D UE4     : [GameActivity] Registering volume receiver
11-29 15:21:26.694 28269 28297 D UE4     : [GameActivity] startVolumeReceiver: 0
11-29 15:21:26.694 28269 28297 D UE4     : nativeVolumeEvent(0)
11-29 15:21:26.694 28269 28297 D UE4     : [GameActivity] Registering battery receiver
11-29 15:21:26.694 28269 28340 D UE4     : [2021.11.29-14.21.26:694][  0]LogRHI: Using OpenGL program LRU cache: 0
11-29 15:21:26.698 28269 28297 D UE4     : [GameActivity] Registering headset receiver
11-29 15:21:26.699 28269 28269 D UE4     : [GameActivity] Battery: status = 2, rawlevel = 30, scale = 100
11-29 15:21:26.699 28269 28269 D UE4     : nativeBatteryEvent(stat = 2, lvl = 30  temp = 28.00 °C)
11-29 15:21:26.701 28269 28297 D UE4     : [GameActivity] startHeadsetReceiver: 0
11-29 15:21:26.701 28269 28297 D UE4     : nativeHeadsetEvent(0)
11-29 15:21:26.701 28269 28269 D UE4     : [GameActivity] headsetReceiver::onReceive
11-29 15:21:26.701 28269 28297 D UE4     : [2021.11.29-14.21.26:701][  0]LogCore: Display: AppLifetime: Application has entered foreground
11-29 15:21:26.701 28269 28269 D UE4     : nativeHeadsetEvent(0)
11-29 15:21:27.059   883  1080 E BatteryExternalStatsWorker: no controller energy info supplied for wifi
11-29 15:21:27.059   883  1080 E BatteryExternalStatsWorker: no controller energy info supplied for bluetooth
11-29 15:21:27.125   883  1041 D BatteryStatsService: @@@@ awaitUninterruptibly in 71 ms
11-29 15:21:27.126   883  1041 D BatteryStatsHelper: ===processSingleAppUsage===
11-29 15:21:27.259 28269 28297 D UE4     : [2021.11.29-14.21.27:259][  0]LogTcpMessaging: Initializing TcpMessaging bridge, listening on 127.0.0.1:6666
11-29 15:21:28.124   883  1041 D BatteryStatsService: ext-flush too soon, skip
11-29 15:21:28.127   883  1041 D BatteryStatsHelper: ===processSingleAppUsage===
11-29 15:21:28.130   883  1041 D BatteryStatsHelper: ===processSingleAppUsage===
11-29 15:21:28.261 28269 28297 D UE4     : [2021.11.29-14.21.28:261][  0]LogUdpMessaging: Initializing bridge on interface 0.0.0.0:0 to multicast group 230.0.0.1:6666.
11-29 15:21:28.262 28269 28369 D UE4     : [2021.11.29-14.21.28:261][  0]LogTcpMessaging: Started Connection to '127.0.0.1:45455'
11-29 15:21:28.263 28269 28369 D UE4     : [2021.11.29-14.21.28:263][  0]LogTcpMessaging: Discovered node 'DDA50CF0480A513CC8448DB2D45445B2' on connection '127.0.0.1:45455'...
11-29 15:21:28.265 28269 28297 D UE4     : [2021.11.29-14.21.28:265][  0]LogCore: Display: AppLifetime: Application has reactivated
11-29 15:21:28.266 28269 28297 D UE4     : [2021.11.29-14.21.28:266][  0]LogTemp: Android resume audio
11-29 15:21:28.286 28269 28340 D UE4     : [2021.11.29-14.21.28:286][  0]LogAndroid: AndroidEGL::ResizeRenderContextSurface, PImplData->Window=0xe51f8008, PImplData->eglWidth=8, PImplData->eglHeight=8!, CachedWidth=608, CachedHeight=1280, tid: 28340
11-29 15:21:28.286 28269 28340 D UE4     : AndroidEGL::UnBindRender()
11-29 15:21:28.286 28269 28340 D UE4     : AndroidEGL::ResetDisplay()
11-29 15:21:28.288 28269 28340 D UE4     : AndroidEGL::DestroyRenderSurface()
11-29 15:21:28.293 28269 28340 D UE4     : AndroidEGL::InitRenderSurface 0, 1
11-29 15:21:28.293 28269 28340 D UE4     : AndroidEGL::InitRenderSurface, Using CachedWindowRect, width: 608, height 1280 
11-29 15:21:28.293 28269 28340 D UE4     : AndroidEGL::InitRenderSurface, Using width: 608, height 1280 
11-29 15:21:28.293 28269 28340 D UE4     : AndroidEGL::InitRenderSurface, wnd: 0xe51f8008, width: 608, height 1280 
11-29 15:21:28.294 28269 28340 D UE4     : AndroidEGL::CreateEGLRenderSurface() 0xc0fb2aa0
11-29 15:21:28.297 28269 28297 D UE4     : [2021.11.29-14.21.28:297][  0]LogAndroid: Display: Low Power Mode Changed: 0
11-29 15:21:28.317 28269 28297 D UE4     : [2021.11.29-14.21.28:317][  0]LogSlate: InvalidateAllWidgets triggered.  All widgets were invalidated
11-29 15:21:28.500 28269 28297 D UE4     : [2021.11.29-14.21.28:500][  0]LogSlate: Slate font cache was flushed
11-29 15:21:28.513 28269 28297 D UE4     : [2021.11.29-14.21.28:513][  1]LogSlate: Took 0.000386 seconds to synchronously load lazily loaded font '../../../Engine/Content/Slate/Fonts/Roboto-Regular.ttf' (155K)
11-29 15:21:28.517 28269 28297 D UE4     : [2021.11.29-14.21.28:517][  1]LogSlate: Took 0.000847 seconds to synchronously load lazily loaded font '../../../Engine/Content/EngineFonts/Faces/RobotoRegular.ufont' (155K)
11-29 15:21:28.955   919  1078 I ThermalEngine: Monitor : quiet_therm = 29220, msm_therm = 32500, xo_therm = 31519, battery_therm = 280,current_now = -142000 
11-29 15:21:29.387 28269 28298 D UE4     : [2021.11.29-14.21.29:387][ 54]LogAndroid: Mobile HDR: YES
11-29 15:21:29.387 28269 28298 D UE4     : [2021.11.29-14.21.29:387][ 54]LogAndroidWindowUtils: Setting Width=608 and Height=1280 (requested scale = 1.000000)
11-29 15:21:29.492 28269 28297 D UE4     : [2021.11.29-14.21.29:492][ 60]LogGoogleARCore: Start ARCore session requested.
11-29 15:21:29.492 28269 28297 D UE4     : [2021.11.29-14.21.29:492][ 60]LogGoogleARCore: Pausing ARCore session.
11-29 15:21:29.492 28269 28297 D UE4     : [2021.11.29-14.21.29:492][ 60]LogGoogleARCore: Could not stop ARCore tracking session because there is no running tracking session!
11-29 15:21:29.514   762 14545 D AudioPolicyService: setRecordSilenced() uid 10125 on silenced 0
11-29 15:21:29.520 11849 17034 I native  : I1129 15:21:29.519919   17034 device_profile_database_helpers.cc:535] Found nothing for hgarzk
11-29 15:21:29.520 11849 17034 I native  : I1129 15:21:29.520211   17034 device_profile_database_helpers.cc:535] Found nothing for OnePlus6T/OnePlus6T
11-29 15:21:29.520 11849 17034 I native  : I1129 15:21:29.520233   17034 device_profile_database_helpers.cc:522] Considering avb6Tz:9
11-29 15:21:29.520 11849 17034 I native  : I1129 15:21:29.520289   17034 device_profile_database_helpers.cc:481] Device profile for OnePlus/OnePlus6T/OnePlus6T:9/PKQ1.180716.001/1906251200:user/release-keys: avb6Tz:9
11-29 15:21:29.532 28269 28297 D UE4     : [2021.11.29-14.21.29:532][ 61]LogAndroidPermission: UAndroidPermissionFunctionLibrary::CheckPermission android.permission.CAMERA (Android)
11-29 15:21:29.533 28269 28297 E PermissionHelper: GVRTransition2DActivity.getActivity() failed. Trying to get GameActivity.
11-29 15:21:29.534 28269 28297 D PermissionHelper: checkPermission: android.permission.CAMERA has not granted
11-29 15:21:29.534 28269 28297 D UE4     : [2021.11.29-14.21.29:534][ 61]LogAndroidPermission: UAndroidPermissionCallbackProxy::GetInstance
11-29 15:21:29.534 28269 28297 D UE4     : [2021.11.29-14.21.29:534][ 61]LogAndroidPermission: UAndroidPermissionFunctionLibrary::AcquirePermissions
11-29 15:21:29.535 28269 28297 E PermissionHelper: GVRTransition2DActivity.getActivity() failed. Trying to get GameActivity.
11-29 15:21:29.536 28269 28297 D UE4     : [2021.11.29-14.21.29:536][ 61]LogAndroidPermission: UAndroidPermissionCallbackProxy::GetInstance
11-29 15:21:29.536 28269 28269 D PermissionFragment: Creating PlayGamesFragment
11-29 15:21:28.129   883  1041 D BatteryStatsService: ext-flush too soon, skip
11-29 15:21:29.542   883  1818 I ActivityManager: START u0 {act=android.content.pm.action.REQUEST_PERMISSIONS pkg=com.google.android.packageinstaller cmp=com.google.android.packageinstaller/com.android.packageinstaller.permission.ui.GrantPermissionsActivity (has extras)} from uid 10182 pid 28269
11-29 15:21:29.578   883  1818 D ActivityTrigger: activityStartTrigger: Activity is not Triggerred in full screen ApplicationInfo{1e901ad com.google.android.packageinstaller}
11-29 15:21:29.579   883  1818 D ActivityTrigger: activityResumeTrigger: Activity is not Triggerred in full screen ApplicationInfo{1e901ad com.google.android.packageinstaller}
11-29 15:21:29.579   883  1818 D ActivityTrigger: ActivityTrigger activityPauseTrigger 
11-29 15:21:29.579   883  1053 D RestartProcessManager: increase duration : 5327 for com.YourCompany.MyTestProject
11-29 15:21:29.584 28269 28269 D UE4     : [GameActivity] onPause: stop memory reporter runnable
11-29 15:21:29.584 28269 28269 D UE4     : [2021.11.29-14.21.29:584][ 64]LogGoogleARCore: OnPause Called: 0
11-29 15:21:29.584 28269 28298 D UE4     : Case APP_CMD_PAUSE
11-29 15:21:29.584 28269 28269 D UE4     : [GameActivity] ==============> GameActive.onPause complete!
11-29 15:21:29.584 28269 28298 D UE4     : [2021.11.29-14.21.29:584][ 64]LogAndroid: Case APP_CMD_PAUSE
11-29 15:21:29.584 28269 28298 D UE4     : LogAndroidEvents::EnqueueAppEvent : 6, [width=-1, height=-1], tid = 28298, APP_EVENT_STATE_ON_PAUSE
11-29 15:21:29.584 28269 28298 D UE4     : [2021.11.29-14.21.29:584][ 64]LogAndroid: event thread, suspending app, acquiring HW window lock.
11-29 15:21:29.584 28269 28298 D UE4     : LogAndroidEvents::EnqueueAppEvent : 15, [width=-1, height=-1], tid = 28298, APP_EVENT_RUN_CALLBACK
11-29 15:21:29.584 28269 28298 D UE4     : [2021.11.29-14.21.29:584][ 64]LogAndroid: AndroidEGL::  SuspendApp_EventThread, waiting for event manager to process. tid: 28298
11-29 15:21:29.585   883  7952 D ActivityTrigger: activityResumeTrigger: Activity is not Triggerred in full screen ApplicationInfo{1e901ad com.google.android.packageinstaller}
11-29 15:21:29.585 28269 28297 D UE4     : [2021.11.29-14.21.29:585][ 65]LogAndroidEvents: Display: LogAndroidEvents::DequeueAppEvent : 6, [width=-1, height=-1], APP_EVENT_STATE_ON_PAUSE
11-29 15:21:29.585 28269 28297 D UE4     : FAppEventManager::Tick processing, 6
11-29 15:21:29.585 28269 28297 D UE4     : [2021.11.29-14.21.29:585][ 65]LogAndroidEvents: Display: LogAndroidEvents::DequeueAppEvent : 15, [width=-1, height=-1], APP_EVENT_RUN_CALLBACK
11-29 15:21:29.585 28269 28297 D UE4     : FAppEventManager::Tick processing, 15
11-29 15:21:29.585 28269 28297 D UE4     : [2021.11.29-14.21.29:585][ 65]LogAndroidEvents: Display: Event thread callback running.
11-29 15:21:29.585 28269 28297 D UE4     : [2021.11.29-14.21.29:585][ 65]LogAndroid: performing app backgrounding callback. 0xbd041d20
11-29 15:21:29.586   883  1053 D RestartProcessManager: Update Total Launch Times :com.google.android.packageinstaller
11-29 15:21:29.586   883  1053 D RestartProcessManager: sLastRunningPackage (null) : com.google.android.packageinstaller
11-29 15:21:29.588 14179 14179 W ActivityThread: handleWindowVisibility: no activity for token android.os.BinderProxy@9299505
11-29 15:21:29.598   762 14545 D AudioPolicyService: setRecordSilenced() uid 10007 on silenced 0
11-29 15:21:29.648   883  1150 V KeyguardServiceDelegate: setOccluded(true) animate=false
11-29 15:21:29.648   883  1150 W DeviceKeyHandler: onKeyguardOccludedChangedLw true
11-29 15:21:29.648   883  1150 I OemSceneModeAmHelper: [scene] handleShowOrOccludedChanged showing false, occluded true
11-29 15:21:29.648  1703  1716 D KeyguardViewMediator: setOccluded true
11-29 15:21:29.648  1703  1703 D KeyguardViewMediator: handleSetOccluded true
11-29 15:21:29.649  1703  1703 D KeyguardUpdateMonitor: shouldListen: visible= false, interactive= true, bouncer= false, goingToSleep= false, assist=false, occluded=true, dream=false, switchingUser= false, alreadyAuthenticated= false, away= false, disabled= false, camera= false, pocket= 0, lidOpen= true, imeShow= false, prevent:true, prevent Active:false, facelock type:0, isKeyguardDone:true, fakeLocking:false, screenOff:false, mScreenOn:true, allow:true, screenTurningOn:false, qsExpanded:true, shutingDown:false
11-29 15:21:29.649  1703  1703 D KeyguardUpdateMonitor: updateFPState: shouldListen = false, running = 0, lockout:false
11-29 15:21:29.649  1703  1703 D StatusBar: disable<e i a s b h r c s > disable2<q i n >
11-29 15:21:29.649  1703  1703 D StatusBarWindowManager: applyFocusableFlag: false, false, false, 81840048
11-29 15:21:29.666 14179 14199 D DecorView: onWindowFocusChangedFromViewRoot hasFocus: true, DecorView@e67d90[GrantPermissionsActivity]
11-29 15:21:29.667 28269 28269 D UE4     : [GameActivity] === Restoring Transparent Bars due to Visibility Change ===
11-29 15:21:29.667 28269 28269 D UE4     : [GameActivity] === Restoring Transparent Bars ===
11-29 15:21:29.668  1703  1703 D PhoneStatusBarView: getCompatMode: mode:0 ops:3
11-29 15:21:29.669  1703  1703 I PhoneStatusBarView: isFullAndNotchEnabled() isFullMode=false pkg=com.google.android.packageinstaller isCameraNotchIgnoreSetting=false, uid=10007
11-29 15:21:29.671   318   318 I GoogleInputMethodService: GoogleInputMethodService.onFinishInput():3301 
11-29 15:21:29.672   318   318 I GoogleInputMethodService: GoogleInputMethodService.onStartInput():1979 
11-29 15:21:29.672   318   318 I DeviceUnlockedTag: DeviceUnlockedTag.notifyDeviceLockStatusChanged():79 Notify device unlocked.
11-29 15:21:29.694   883  1150 I ActivityManager: Displayed com.google.android.packageinstaller/com.android.packageinstaller.permission.ui.GrantPermissionsActivity: +95ms
11-29 15:21:29.694   883  1404 E OnePlusSmartBoostManager: socket connect
11-29 15:21:29.694   883  1404 E OnePlusSmartBoostManager: cmd: iop_start 14179 com.google.android.packageinstaller /system/priv-app/GooglePackageInstaller false length = 97
11-29 15:21:29.694   883  1404 E OnePlusSmartBoostManager: data: [B@f532f2a length = 97
11-29 15:21:29.695   932 28381 E ANDR-RAMBOOST_SERVER: ramboost cmd_len = 97 cmd: iop_start 14179 com.google.android.packageinstaller /system/priv-app/GooglePackageInstaller false
11-29 15:21:29.685   932   932 W iop_capture_thr: type=1400 audit(0.0:5638262): avc: denied { lock } for path="/data/system/ramboost-prefetcher.db" dev="sda17" ino=655636 scontext=u:r:installd:s0 tcontext=u:object_r:system_data_file:s0 tclass=file permissive=0
11-29 15:21:29.699  7043  7043 I RecentsModel: onTaskStackChanged# mTaskChangeId=2460
11-29 15:21:29.695   932   932 W iop_capture_thr: type=1400 audit(0.0:5638263): avc: denied { lock } for path="/data/system/ramboost-prefetcher.db" dev="sda17" ino=655636 scontext=u:r:installd:s0 tcontext=u:object_r:system_data_file:s0 tclass=file permissive=0
11-29 15:21:29.695   932   932 I chatty  : uid=0(root) Binder:932_2 identical 2 lines
11-29 15:21:29.695   932   932 W iop_capture_thr: type=1400 audit(0.0:5638266): avc: denied { lock } for path="/data/system/ramboost-prefetcher.db" dev="sda17" ino=655636 scontext=u:r:installd:s0 tcontext=u:object_r:system_data_file:s0 tclass=file permissive=0
11-29 15:21:29.711   764   764 D SurfaceFlinger: duplicate layer name: changing Surface(name=ad6eb07 com.google.android.packageinstaller/com.android.packageinstaller.permission.ui.GrantPermissionsActivity)/@0x60d1759 - animation-leash to Surface(name=ad6eb07 com.google.android.packageinstaller/com.android.packageinstaller.permission.ui.GrantPermissionsActivity)/@0x60d1759 - animation-leash#1
11-29 15:21:29.923  1703  1703 D KeyguardUpdateMonitor: shouldListen: visible= false, interactive= true, bouncer= false, goingToSleep= false, assist=false, occluded=true, dream=false, switchingUser= false, alreadyAuthenticated= false, away= false, disabled= false, camera= false, pocket= 0, lidOpen= true, imeShow= false, prevent:true, prevent Active:false, facelock type:0, isKeyguardDone:true, fakeLocking:false, screenOff:false, mScreenOn:true, allow:true, screenTurningOn:false, qsExpanded:true, shutingDown:false
11-29 15:21:29.924  1703  1703 D KeyguardUpdateMonitor: updateFPState: shouldListen = false, running = 0, lockout:false
11-29 15:21:29.925  3516 28042 D FileSizeUtil: getAvailableStoragePercentValue totalBytes=116191297536,freeBytes=65530490880,availableStoragePercent=0.5639879428981885
11-29 15:21:29.926  3516 28042 D WidgetViewService: availableStorage has no change,availableStorage:56%
11-29 15:21:30.098   883   883 V SettingsProvider: Notifying for 0: content://settings/system/game_mode_status_auto
11-29 15:21:30.106   883   883 I OIMC    : notified , mode GameMode changeTo 2
11-29 15:21:30.112   883  1424 I OIMC    : The mode: GameMode is not entered
11-29 15:21:30.115   883   883 V SettingsProvider: Notifying for 0: content://settings/system/game_mode_status_auto
11-29 15:21:30.457   883  1785 W GnssLocationProvider: stopNavigating
11-29 15:21:30.458   883  7082 D ActivityTrigger: ActivityTrigger activityPauseTrigger 
11-29 15:21:30.471   883  7952 D ActivityTrigger: activityResumeTrigger: The activity in ApplicationInfo{418b03f com.YourCompany.MyTestProject} is now in focus and seems to be in full-screen mode
11-29 15:21:30.471   883  7952 E ActivityTrigger: activityResumeTrigger: not whiteListedcom.YourCompany.MyTestProject/com.epicgames.ue4.GameActivity/1
11-29 15:21:30.472   883  7952 D ActivityTrigger: activityResumeTrigger: The activity in ApplicationInfo{418b03f com.YourCompany.MyTestProject} is now in focus and seems to be in full-screen mode
11-29 15:21:30.472   883  7952 E ActivityTrigger: activityResumeTrigger: not whiteListedcom.YourCompany.MyTestProject/com.epicgames.ue4.GameActivity/1
11-29 15:21:30.474   883  1053 D RestartProcessManager: Update Total Launch Times :com.YourCompany.MyTestProject
11-29 15:21:30.474   883  1053 D RestartProcessManager: updateSelf :  com.YourCompany.MyTestProject, size : 30
11-29 15:21:30.474   883  1053 D RestartProcessManager: Increase Total Launch Time : com.YourCompany.MyTestProject, times : 2, index : 29
11-29 15:21:30.474   883  1053 D RestartProcessManager: Last Running Package : com.YourCompany.MyTestProject , start time 1638195690474
11-29 15:21:30.486   883  7952 V KeyguardServiceDelegate: setOccluded(false) animate=false
11-29 15:21:30.487   883  7952 W DeviceKeyHandler: onKeyguardOccludedChangedLw false
11-29 15:21:30.487   883  7952 I OemSceneModeAmHelper: [scene] handleShowOrOccludedChanged showing false, occluded false
11-29 15:21:30.487  1703  2491 D KeyguardViewMediator: setOccluded false
11-29 15:21:30.487  1703  1703 D KeyguardViewMediator: handleSetOccluded false
11-29 15:21:30.489  1703  1703 D KeyguardUpdateMonitor: shouldListen: visible= false, interactive= true, bouncer= false, goingToSleep= false, assist=false, occluded=false, dream=false, switchingUser= false, alreadyAuthenticated= false, away= false, disabled= false, camera= false, pocket= 0, lidOpen= true, imeShow= false, prevent:true, prevent Active:false, facelock type:0, isKeyguardDone:true, fakeLocking:false, screenOff:false, mScreenOn:true, allow:true, screenTurningOn:false, qsExpanded:true, shutingDown:false
11-29 15:21:30.489  1703  1703 D KeyguardUpdateMonitor: updateFPState: shouldListen = false, running = 0, lockout:false
11-29 15:21:30.490 28269 28283 D DecorView: onWindowFocusChangedFromViewRoot hasFocus: true, DecorView@eeb1a6b[GameActivity]
11-29 15:21:30.490  1703  1703 D StatusBar: disable<e i a s b h r c s > disable2<q i n >
11-29 15:21:30.492  1703  1703 D StatusBarWindowManager: applyFocusableFlag: false, false, false, 81840048
11-29 15:21:30.520  1703  1703 D PhoneStatusBarView: getCompatMode: mode:0 ops:3
11-29 15:21:30.520  1703  1703 I PhoneStatusBarView: isFullAndNotchEnabled() isFullMode=false pkg=com.YourCompany.MyTestProject isCameraNotchIgnoreSetting=false, uid=10182
11-29 15:21:30.539 28269 28269 D UE4     : [GameActivity] === Restoring Transparent Bars due to Visibility Change ===
11-29 15:21:30.539 28269 28269 D UE4     : [GameActivity] === Restoring Transparent Bars ===
11-29 15:21:30.540 28269 28269 D PermissionFragment: permission granted for android.permission.CAMERA
11-29 15:21:30.541 28269 28269 D UE4     : [2021.11.29-14.21.30:541][ 65]LogAndroidPermission: PermissionHelper_onAcquirePermissions android.permission.CAMERA 1 (1), Broadcasting...
11-29 15:21:30.541 28269 28269 D UE4     : [2021.11.29-14.21.30:541][ 65]LogAndroidPermission: UAndroidPermissionCallbackProxy::GetInstance
11-29 15:21:30.541 28269 28269 D UE4     : [2021.11.29-14.21.30:541][ 65]LogGoogleARCore: Android runtime permission granted: android.permission.CAMERA
11-29 15:21:30.543   318   318 I GoogleInputMethodService: GoogleInputMethodService.onFinishInput():3301 
11-29 15:21:30.544   318   318 I GoogleInputMethodService: GoogleInputMethodService.onStartInput():1979 
11-29 15:21:30.544   318   318 I DeviceUnlockedTag: DeviceUnlockedTag.notifyDeviceLockStatusChanged():79 Notify device unlocked.
11-29 15:21:30.604  7043  7043 I RecentsModel: onTaskStackChanged# mTaskChangeId=2461
11-29 15:21:30.758   764  1184 W SurfaceFlinger: Attempting to set client state on removed layer: Dim Layer for - Task=21427#0
11-29 15:21:30.758   764  1184 W SurfaceFlinger: Attempting to destroy on removed layer: Dim Layer for - Task=21427#0
11-29 15:21:30.791 14179 14196 D OpenGLRenderer: endAllActiveAnimators on 0x751e2cdc00 (RippleDrawable) with handle 0x750a175ce0
11-29 15:21:30.800  1703  1703 D KeyguardUpdateMonitor: shouldListen: visible= false, interactive= true, bouncer= false, goingToSleep= false, assist=false, occluded=false, dream=false, switchingUser= false, alreadyAuthenticated= false, away= false, disabled= false, camera= false, pocket= 0, lidOpen= true, imeShow= false, prevent:true, prevent Active:false, facelock type:0, isKeyguardDone:true, fakeLocking:false, screenOff:false, mScreenOn:true, allow:true, screenTurningOn:false, qsExpanded:true, shutingDown:false
11-29 15:21:30.800  1703  1703 D KeyguardUpdateMonitor: updateFPState: shouldListen = false, running = 0, lockout:false
11-29 15:21:30.983   883   883 V SettingsProvider: Notifying for 0: content://settings/system/game_mode_status_auto
11-29 15:21:30.987   883   883 V SettingsProvider: Notifying for 0: content://settings/system/rading_mode_status_auto
11-29 15:21:30.990   883   883 I OIMC    : notified , mode GameMode changeTo 2
11-29 15:21:30.990   883  1424 I OIMC    : The mode: GameMode is not entered
11-29 15:21:30.992   883   883 I OIMC    : notified , mode ReadMode changeTo 2
11-29 15:21:30.992   883  1424 I OIMC    : The mode: ReadMode is not entered
11-29 15:21:30.996   883   883 V SettingsProvider: Notifying for 0: content://settings/system/game_mode_status_auto
11-29 15:21:31.000   883   883 V SettingsProvider: Notifying for 0: content://settings/system/rading_mode_status_auto
11-29 15:21:31.395 28269 28369 D UE4     : [2021.11.29-14.21.31:395][ 65]LogTcpMessaging: Lost node 'DDA50CF0480A513CC8448DB2D45445B2' on connection '127.0.0.1:45455'...
11-29 15:21:32.384 28269 28297 D UE4     : [2021.11.29-14.21.32:383][ 65]LogCore: Display: AppLifetime: Application will deactivate
11-29 15:21:32.386 28269 28297 D UE4     : [GameActivity] Unregistering volume receiver
11-29 15:21:32.392 28269 28297 D UE4     : [GameActivity] Unregistering battery receiver
11-29 15:21:32.394 28269 28297 D UE4     : [GameActivity] Unregistering headset receiver
11-29 15:21:32.396 28269 28297 D UE4     : [2021.11.29-14.21.32:396][ 65]LogCore: Display: AppLifetime: Application will enter background
11-29 15:21:32.397 28269 28297 D UE4     : [2021.11.29-14.21.32:397][ 65]LogTemp: Android pause audio
11-29 15:21:32.398 28269 28297 D UE4     : [2021.11.29-14.21.32:397][ 65]LogAudioMixerAndroid: Display: Suspending android audio renderer
11-29 15:21:32.398 28269 28297 D         : PlayerBase::pause() from IPlayer
11-29 15:21:32.399 28269 28297 D UE4     : [2021.11.29-14.21.32:399][ 65]LogTemp: Android release microphone
11-29 15:21:32.400 28269 28298 D UE4     : [2021.11.29-14.21.32:400][ 65]LogAndroid: Blocking renderer on invalid window.
11-29 15:21:32.401 28269 28298 D UE4     : [2021.11.29-14.21.32:400][ 65]LogAndroid: Waiting for renderer to encounter blocking command.
11-29 15:21:32.401 28269 28363 D UE4     : [2021.11.29-14.21.32:401][ 65]LogAndroid: Blocking renderer
11-29 15:21:32.402 28269 28298 D UE4     : LogAndroidEvents::EnqueueAppEvent : 13, [width=-1, height=-1], tid = 28298, APP_EVENT_STATE_APP_SUSPENDED
11-29 15:21:32.402 28269 28298 D UE4     : [2021.11.29-14.21.32:402][ 65]LogAndroid: Case APP_CMD_LOST_FOCUS
11-29 15:21:32.402 28269 28298 D UE4     : LogAndroidEvents::EnqueueAppEvent : 10, [width=-1, height=-1], tid = 28298, APP_EVENT_STATE_WINDOW_LOST_FOCUS
11-29 15:21:32.403 28269 28298 D UE4     : [2021.11.29-14.21.32:403][ 65]LogAndroid: Case APP_CMD_GAINED_FOCUS
