11-11 13:58:21.907   926 17374 D ACDB-LOADER: ACDB -> ACDB_CMD_GET_AFE_TOPOLOGY_ID
11-11 13:58:21.907   926 17374 D ACDB-LOADER: ACDB -> GET_AFE_TOPOLOGY_ID for adcd_id 102, Topology Id 1000b909
11-11 13:58:21.907   926 17374 D ACDB-LOADER: ACDB -> send_afe_cal
11-11 13:58:21.907   926 17374 D ACDB-LOADER: ACDB -> ACDB_CMD_GET_AFE_INSTANCE_COMMON_TABLE_SIZE
11-11 13:58:21.907   926 17374 D ACDB-LOADER: ACDB -> ACDB_CMD_GET_AFE_INSTANCE_COMMON_TABLE
11-11 13:58:21.907   926 17374 D ACDB-LOADER: ACDB -> AUDIO_SET_AFE_CAL cal_type[17] acdb_id[102]
11-11 13:58:21.907   926 17374 D ACDB-LOADER: ACDB -> send_hw_delay : acdb_id = 102 path = 1
11-11 13:58:21.907   926 17374 D ACDB-LOADER: ACDB -> ACDB_AVSYNC_INFO: ACDB_CMD_GET_DEVICE_PROPERTY
11-11 13:58:21.907   926 17374 D audio_hw_primary: enable_audio_route: apply mixer and update path: spkr-vi-record
11-11 13:58:21.907   926 17374 D audio_route: Apply path: spkr-vi-record
11-11 13:58:21.909   926 17374 E audio_hw_tfa98xx_feedback: audio_extn_tfa98xx_start_feedback: pcm device tx id=40
11-11 13:58:21.915   958  4384 E libc    : Access denied finding property "ro.product.system.name"
11-11 13:58:21.915   958  4384 E sensors-hal: get_gsi_image_flag:253, product system name : qssi
11-11 13:58:21.915   958  4384 E sensors-hal: handle_sns_client_event:66, device_orient_event: ts=2767971602845, type=0
11-11 13:58:21.915   958  4384 E sensors-hal: handle_sns_client_event:67, device_orient_event: hal scalar type =0.000000
11-11 13:58:21.910   958   958 W 272_see : type=1400 audit(0.0:19037): avc: denied { read } for name="u:object_r:default_prop:s0" dev="tmpfs" ino=10315 scontext=u:r:hal_sensors_default:s0 tcontext=u:object_r:default_prop:s0 tclass=file permissive=0
11-11 13:58:21.924   926 17374 I audio_hw_utils: audio_extn_utils_update_stream_output_app_type_cfg Allowing 24 and above bits playback on speaker ONLY at default sampling rate
11-11 13:58:21.924   926 17374 E soundtrigger: audio_extn_sound_trigger_update_stream_status: invalid input device 0x0, for event 3
11-11 13:58:21.924   926 17374 D soundtrigger: audio_extn_sound_trigger_update_stream_status: uc_info->id 1 of type 0 for Event 3, with Raise=0
11-11 13:58:21.924   926 17374 D audio_hw_utils: audio_extn_utils_send_app_type_cfg: usecase->out_snd_device speaker
11-11 13:58:21.924   926 17374 D msm8974_platform: platform_split_snd_device: snd_device(2) num devices(0) new_snd_devices(0)
11-11 13:58:21.924   926 17374 D audio_hw_utils: audio_extn_btsco_get_sample_rate:Not a BT SCO device, need not update sampling rate
11-11 13:58:21.924   926 17374 I audio_hw_utils: send_app_type_cfg_for_device PLAYBACK app_type 69937, acdb_dev_id 15, sample_rate 48000, snd_device_be_idx 43
11-11 13:58:21.925   926 17374 D msm8974_platform: platform_split_snd_device: snd_device(2) num devices(1) new_snd_devices(0)
11-11 13:58:21.925   926 17374 D audio_hw_utils: audio_extn_btsco_get_sample_rate:Not a BT SCO device, need not update sampling rate
11-11 13:58:21.925   926 17374 D ACDB-LOADER: ACDB -> send_audio_cal, acdb_id = 15, path = 0, app id = 0x11131, sample rate = 48000, afe_sample_rate = 48000
11-11 13:58:21.925   926 17374 D ACDB-LOADER: ACDB -> send_asm_topology
11-11 13:58:21.925   926 17374 D ACDB-LOADER: ACDB -> ACDB_CMD_GET_AUDPROC_STREAM_TOPOLOGY_ID
11-11 13:58:21.925   926 17374 D ACDB-LOADER: ACDB -> send_adm_topology
11-11 13:58:21.925   926 17374 D ACDB-LOADER: ACDB -> ACDB_CMD_GET_AUDPROC_COMMON_TOPOLOGY_ID
11-11 13:58:21.925   926 17374 D ACDB-LOADER: ACDB -> send_audtable
11-11 13:58:21.925   926 17374 D ACDB-LOADER: ACDB -> ACDB_CMD_GET_AUDPROC_INSTANCE_COMMON_TABLE_SIZE
11-11 13:58:21.925   926 17374 D ACDB-LOADER: ACDB -> ACDB_CMD_GET_AUDPROC_INSTANCE_COMMON_TABLE
11-11 13:58:21.925   926 17374 D ACDB-LOADER: ACDB -> AUDIO_SET_AUDPROC_CAL cal_type[11] acdb_id[15] app_type[69937]
11-11 13:58:21.925   926 17374 D ACDB-LOADER: ACDB -> send_audvoltable
11-11 13:58:21.925   926 17374 D ACDB-LOADER: ACDB -> ACDB_CMD_GET_AUDPROC_INSTANCE_GAIN_DEP_STEP_TABLE_SIZE
11-11 13:58:21.925   926 17374 D android.hardware.audio.service: Failed to fetch the lookup information of the device 0000000F 
11-11 13:58:21.925   926 17374 D ACDB-LOADER: Error: ACDB_CMD_GET_AUDPROC_INSTANCE_GAIN_DEP_STEP_TABLE_SIZE Returned = -19
11-11 13:58:21.925   926 17374 D ACDB-LOADER: ACDB -> ACDB_CMD_GET_AUDPROC_INSTANCE_GAIN_DEP_STEP_TABLE, vol index 0
11-11 13:58:21.925   926 17374 D android.hardware.audio.service: Failed to fetch the lookup information of the device 0000000F 
11-11 13:58:21.925   926 17374 D ACDB-LOADER: Error: ACDB AudProc vol returned = -19
11-11 13:58:21.925   926 17374 D ACDB-LOADER: ACDB -> AUDIO_SET_VOL_CAL cal type = 12
11-11 13:58:21.925   926 17374 D ACDB-LOADER: ACDB -> ACDB_CMD_GET_AUDPROC_INSTANCE_STREAM_TABLE_SIZE
11-11 13:58:21.925   926 17374 D ACDB-LOADER: ACDB -> send_audstrmtable
11-11 13:58:21.925   926 17374 D ACDB-LOADER: ACDB -> ACDB_CMD_GET_AUDPROC_INSTANCE_STREAM_TABLE
11-11 13:58:21.925   926 17374 D ACDB-LOADER: ACDB -> audstrm_cal->cal_type.cal_data.cal_size = 20
11-11 13:58:21.925   926 17374 D ACDB-LOADER: ACDB -> send_afe_topology
11-11 13:58:21.925   926 17374 D ACDB-LOADER: ACDB -> ACDB_CMD_GET_AFE_TOPOLOGY_ID
11-11 13:58:21.925   926 17374 D ACDB-LOADER: ACDB -> GET_AFE_TOPOLOGY_ID for adcd_id 15, Topology Id 1000b910
11-11 13:58:21.925   926 17374 D ACDB-LOADER: ACDB -> send_afe_cal
11-11 13:58:21.925   926 17374 D ACDB-LOADER: ACDB -> ACDB_CMD_GET_AFE_INSTANCE_COMMON_TABLE_SIZE
11-11 13:58:21.925   926 17374 D ACDB-LOADER: ACDB -> ACDB_CMD_GET_AFE_INSTANCE_COMMON_TABLE
11-11 13:58:21.925   926 17374 D ACDB-LOADER: ACDB -> AUDIO_SET_AFE_CAL cal_type[16] acdb_id[15]
11-11 13:58:21.925   926 17374 D ACDB-LOADER: ACDB -> send_hw_delay : acdb_id = 15 path = 0
11-11 13:58:21.925   926 17374 D ACDB-LOADER: ACDB -> ACDB_AVSYNC_INFO: ACDB_CMD_GET_DEVICE_PROPERTY
11-11 13:58:21.926   926 17374 D msm8974_platform: platform_split_snd_device: snd_device(2) num devices(0) new_snd_devices(0)
11-11 13:58:21.926   926 17374 I msm8974_platform: platform_get_custom_mtmx_params: no matching param with id 0 ip_ch 2 op_ch 2 uc_id 1 snd_dev 2
11-11 13:58:21.926   926 17374 D audio_hw_primary: enable_audio_route: apply mixer and update path: low-latency-playback pri_i2s
11-11 13:58:21.926   926 17374 D audio_route: Apply path: low-latency-playback pri_i2s
11-11 13:58:21.927   926 17374 D audio_hw_primary: select_devices: done
11-11 13:58:21.950 22496  5316 D UE4     : [2021.11.11-12.58.21:950][  0]LogAudio: Display: Audio Device (ID: 1) registered with world 'Untitled'.
11-11 13:58:21.950 22496  5316 D UE4     : [2021.11.11-12.58.21:950][  0]LogSlate: Updating window title bar state: overlay mode, drag disabled, window buttons hidden, title bar hidden
11-11 13:58:21.951 22496  5316 D UE4     : [2021.11.11-12.58.21:951][  0]LogInit: Display: Game Engine Initialized.
11-11 13:58:21.952 22496  5316 D UE4     : [2021.11.11-12.58.21:952][  0]LogInit: Display: Starting Game.
11-11 13:58:21.952 22496  5316 D UE4     : [2021.11.11-12.58.21:952][  0]LogNet: Browse: /Game/HandheldAR/Maps/HandheldARBlankMap?Name=Player
11-11 13:58:21.952 22496  5316 D UE4     : [2021.11.11-12.58.21:952][  0]LogLoad: LoadMap: /Game/HandheldAR/Maps/HandheldARBlankMap?Name=Player
11-11 13:58:21.952 22496  5316 D UE4     : [2021.11.11-12.58.21:952][  0]LogWorld: BeginTearingDown for /Temp/Untitled_0
11-11 13:58:21.954 22496  5316 D UE4     : [2021.11.11-12.58.21:954][  0]LogWorld: UWorld::CleanupWorld for Untitled, bSessionEnded=true, bCleanupResources=true
11-11 13:58:21.954 22496  5316 D UE4     : [2021.11.11-12.58.21:954][  0]LogSlate: InvalidateAllWidgets triggered.  All widgets were invalidated
11-11 13:58:21.959 22496  5316 D UE4     : [2021.11.11-12.58.21:959][  0]LogAudio: Display: Audio Device unregistered from world 'None'.
11-11 13:58:21.960   926 17374 D msm8974_platform: platform_set_channel_map mixer_ctl_name:Playback Channel Map9
11-11 13:58:21.960   926 17374 D msm8974_platform: platform_set_channel_map: set mapping(1 2 0 0 0 0 0 0) for channel:2
11-11 13:58:21.961   926 17374 D audio_hw_primary: start_output_stream: exit
11-11 13:58:21.961   926 17374 D audio_hw_primary: out_write: retry previous failed cal level set
11-11 13:58:21.961   926 17374 D msm8974_platform: platform_split_snd_device: snd_device(2) num devices(1) new_snd_devices(0)
11-11 13:58:21.961   926 17374 D ACDB-LOADER: ACDB -> send_audvoltable
11-11 13:58:21.961   926 17374 D ACDB-LOADER: ACDB -> ACDB_CMD_GET_AUDPROC_INSTANCE_GAIN_DEP_STEP_TABLE_SIZE
11-11 13:58:21.961   926 17374 D android.hardware.audio.service: Failed to fetch the lookup information of the device 0000000F 
11-11 13:58:21.961   926 17374 D ACDB-LOADER: Error: ACDB_CMD_GET_AUDPROC_INSTANCE_GAIN_DEP_STEP_TABLE_SIZE Returned = -19
11-11 13:58:21.961   926 17374 D ACDB-LOADER: ACDB -> ACDB_CMD_GET_AUDPROC_INSTANCE_GAIN_DEP_STEP_TABLE, vol index 5
11-11 13:58:21.961   926 17374 D android.hardware.audio.service: Failed to fetch the lookup information of the device 0000000F 
11-11 13:58:21.961   926 17374 D ACDB-LOADER: Error: ACDB AudProc vol returned = -19
11-11 13:58:21.961   926 17374 D ACDB-LOADER: ACDB -> AUDIO_SET_VOL_CAL cal type = 40
11-11 13:58:21.961   926 17374 W msm8974_platform: platform_send_gain_dep_cal: Usecase list is empty
11-11 13:58:21.968   990  1051 I vendor.qti.hardware.servicetracker@1.2-service: bindService is called for service : com.google.android.gms/.ipa.base.IpaGcmTaskService and for client com.google.android.gms.persistent
11-11 13:58:21.968   990  1051 I vendor.qti.hardware.servicetracker@1.2-service: total connections for service : com.google.android.gms/.ipa.base.IpaGcmTaskServiceare :1
11-11 13:58:21.968   990  1051 I vendor.qti.hardware.servicetracker@1.2-service: total connections for client : com.google.android.gms.persistentare :7
11-11 13:58:21.970   990  1051 I vendor.qti.hardware.servicetracker@1.2-service: startService() is called for servicecom.google.android.gms/.ipa.base.IpaGcmTaskService
11-11 13:58:21.970 22496  5316 D UE4     : [2021.11.11-12.58.21:970][  0]LogUObjectHash: Compacting FUObjectHashTables data took   0.50ms
11-11 13:58:21.977  3476 28300 I NetworkScheduler.Stats: Task com.google.android.gms/com.google.android.gms.ipa.base.IpaGcmTaskService started execution. cause:9 exec_start_elapsed_seconds: 2768 [CONTEXT service_id=218 ]
11-11 13:58:21.986   990  1051 I vendor.qti.hardware.servicetracker@1.2-service: unbindService is called for service : com.google.android.gms/.ipa.base.IpaGcmTaskService and for client com.google.android.gms.persistent
11-11 13:58:21.986   990  1051 I vendor.qti.hardware.servicetracker@1.2-service: size of service connections for service: com.google.android.gms/.ipa.base.IpaGcmTaskServiceafter removal is 0
11-11 13:58:21.986   990  1051 I vendor.qti.hardware.servicetracker@1.2-service: size of client connections for client: com.google.android.gms.persistentafter removal is 6
11-11 13:58:21.989   990  1051 I vendor.qti.hardware.servicetracker@1.2-service: destroyService is called for service : com.google.android.gms/.ipa.base.IpaGcmTaskService
11-11 13:58:21.990  3476  4597 I NetworkScheduler.Stats: Task com.google.android.gms/com.google.android.gms.ipa.base.IpaGcmTaskService finished executing. cause:9 result: 1 elapsed_millis: 31 uptime_millis: 31 exec_start_elapsed_seconds: 2768 [CONTEXT service_id=218 ]
11-11 13:58:22.102  4755 17454 D DetectSceneService: activeAuidoPids: :10363cmdString: open
11-11 13:58:22.105  4755 17454 D DetectSceneService: all app name: com.YourCompany.MyTestProject:
11-11 13:58:22.105  4755 17454 D SoundTunerService: [setMusicMode] current_dirac_case_id=2
11-11 13:58:22.107  4755 17454 D SoundTunerService: setSpeakerMusic
11-11 13:58:22.114   926   998 E ACDB-LOADER: [acdb_loader_adsp_set_audio_cal] active device/stream not found (result=-100) for topology 0x10012d00 and apptype 0x11130
11-11 13:58:22.114   926   998 E ACDB-LOADER: [acdb_loader_adsp_set_audio_cal] set parameters failed with status -100
11-11 13:58:22.114   926   998 E ACDB-LOADER: [acdb_loader_adsp_set_audio_cal] active device/stream not found (result=-100) for topology 0x10012d00 and apptype 0x11130
11-11 13:58:22.114   926   998 E ACDB-LOADER: [acdb_loader_adsp_set_audio_cal] set parameters failed with status -100
11-11 13:58:22.114   926   998 E ACDB-LOADER: [acdb_loader_adsp_set_audio_cal] active device/stream not found (result=-100) for topology 0x10012d00 and apptype 0x11130
11-11 13:58:22.114   926   998 E ACDB-LOADER: [acdb_loader_adsp_set_audio_cal] set parameters failed with status -100
11-11 13:58:22.114   926   998 E ACDB-LOADER: [acdb_loader_adsp_set_audio_cal] active device/stream not found (result=-100) for topology 0x10012d00 and apptype 0x11130
11-11 13:58:22.114   926   998 E ACDB-LOADER: [acdb_loader_adsp_set_audio_cal] set parameters failed with status -100
11-11 13:58:22.117   926   998 E ACDB-LOADER: [acdb_loader_adsp_set_audio_cal] active device/stream not found (result=-100) for topology 0x10012d00 and apptype 0x11130
11-11 13:58:22.117   926   998 E ACDB-LOADER: [acdb_loader_adsp_set_audio_cal] set parameters failed with status -100
11-11 13:58:22.117   926   998 E ACDB-LOADER: [acdb_loader_adsp_set_audio_cal] active device/stream not found (result=-100) for topology 0x10012d00 and apptype 0x11130
11-11 13:58:22.117   926   998 E ACDB-LOADER: [acdb_loader_adsp_set_audio_cal] set parameters failed with status -100
11-11 13:58:22.117   926   998 E ACDB-LOADER: [acdb_loader_adsp_set_audio_cal] active device/stream not found (result=-100) for topology 0x10012d00 and apptype 0x11130
11-11 13:58:22.117   926   998 E ACDB-LOADER: [acdb_loader_adsp_set_audio_cal] set parameters failed with status -100
11-11 13:58:22.117   926   998 E ACDB-LOADER: [acdb_loader_adsp_set_audio_cal] active device/stream not found (result=-100) for topology 0x10012d00 and apptype 0x11130
11-11 13:58:22.117   926   998 E ACDB-LOADER: [acdb_loader_adsp_set_audio_cal] set parameters failed with status -100
11-11 13:58:22.117   926   998 E ACDB-LOADER: [acdb_loader_adsp_set_audio_cal] active device/stream not found (result=-100) for topology 0x10012d00 and apptype 0x11134
11-11 13:58:22.117   926   998 E ACDB-LOADER: [acdb_loader_adsp_set_audio_cal] set parameters failed with status -100
11-11 13:58:22.117   926   998 E ACDB-LOADER: [acdb_loader_adsp_set_audio_cal] active device/stream not found (result=-100) for topology 0x10012d00 and apptype 0x11134
11-11 13:58:22.117   926   998 E ACDB-LOADER: [acdb_loader_adsp_set_audio_cal] set parameters failed with status -100
11-11 13:58:22.117   926   998 E ACDB-LOADER: [acdb_loader_adsp_set_audio_cal] active device/stream not found (result=-100) for topology 0x10012d00 and apptype 0x11134
11-11 13:58:22.117   926   998 E ACDB-LOADER: [acdb_loader_adsp_set_audio_cal] set parameters failed with status -100
11-11 13:58:22.117   926   998 E ACDB-LOADER: [acdb_loader_adsp_set_audio_cal] active device/stream not found (result=-100) for topology 0x10012d00 and apptype 0x11134
11-11 13:58:22.117   926   998 E ACDB-LOADER: [acdb_loader_adsp_set_audio_cal] set parameters failed with status -100
11-11 13:58:22.117   926   998 E ACDB-LOADER: [acdb_loader_adsp_set_audio_cal] active device/stream not found (result=-100) for topology 0x10012d00 and apptype 0x11134
11-11 13:58:22.117   926   998 E ACDB-LOADER: [acdb_loader_adsp_set_audio_cal] set parameters failed with status -100
11-11 13:58:22.118   926   998 E ACDB-LOADER: [acdb_loader_adsp_set_audio_cal] active device/stream not found (result=-100) for topology 0x10012d00 and apptype 0x11134
11-11 13:58:22.118   926   998 E ACDB-LOADER: [acdb_loader_adsp_set_audio_cal] set parameters failed with status -100
11-11 13:58:22.118   926   998 E ACDB-LOADER: [acdb_loader_adsp_set_audio_cal] active device/stream not found (result=-100) for topology 0x10012d00 and apptype 0x11134
11-11 13:58:22.118   926   998 E ACDB-LOADER: [acdb_loader_adsp_set_audio_cal] set parameters failed with status -100
11-11 13:58:22.118   926   998 E ACDB-LOADER: [acdb_loader_adsp_set_audio_cal] active device/stream not found (result=-100) for topology 0x10012d00 and apptype 0x11134
11-11 13:58:22.118   926   998 E ACDB-LOADER: [acdb_loader_adsp_set_audio_cal] set parameters failed with status -100
11-11 13:58:22.118   926   998 E ACDB-LOADER: [acdb_loader_adsp_set_audio_cal] active device/stream not found (result=-100) for topology 0x10012d00 and apptype 0x11135
11-11 13:58:22.118   926   998 E ACDB-LOADER: [acdb_loader_adsp_set_audio_cal] set parameters failed with status -100
11-11 13:58:22.118   926   998 E ACDB-LOADER: [acdb_loader_adsp_set_audio_cal] active device/stream not found (result=-100) for topology 0x10012d00 and apptype 0x11135
11-11 13:58:22.118   926   998 E ACDB-LOADER: [acdb_loader_adsp_set_audio_cal] set parameters failed with status -100
11-11 13:58:22.118   926   998 E ACDB-LOADER: [acdb_loader_adsp_set_audio_cal] active device/stream not found (result=-100) for topology 0x10012d00 and apptype 0x11135
11-11 13:58:22.118   926   998 E ACDB-LOADER: [acdb_loader_adsp_set_audio_cal] set parameters failed with status -100
11-11 13:58:22.118   926   998 E ACDB-LOADER: [acdb_loader_adsp_set_audio_cal] active device/stream not found (result=-100) for topology 0x10012d00 and apptype 0x11135
11-11 13:58:22.118   926   998 E ACDB-LOADER: [acdb_loader_adsp_set_audio_cal] set parameters failed with status -100
11-11 13:58:22.118   926   998 E ACDB-LOADER: [acdb_loader_adsp_set_audio_cal] active device/stream not found (result=-100) for topology 0x10012d00 and apptype 0x11135
11-11 13:58:22.118   926   998 E ACDB-LOADER: [acdb_loader_adsp_set_audio_cal] set parameters failed with status -100
11-11 13:58:22.118   926   998 E ACDB-LOADER: [acdb_loader_adsp_set_audio_cal] active device/stream not found (result=-100) for topology 0x10012d00 and apptype 0x11135
11-11 13:58:22.118   926   998 E ACDB-LOADER: [acdb_loader_adsp_set_audio_cal] set parameters failed with status -100
11-11 13:58:22.118   926   998 E ACDB-LOADER: [acdb_loader_adsp_set_audio_cal] active device/stream not found (result=-100) for topology 0x10012d00 and apptype 0x11135
11-11 13:58:22.118   926   998 E ACDB-LOADER: [acdb_loader_adsp_set_audio_cal] set parameters failed with status -100
11-11 13:58:22.118   926   998 E ACDB-LOADER: [acdb_loader_adsp_set_audio_cal] active device/stream not found (result=-100) for topology 0x10012d00 and apptype 0x11135
11-11 13:58:22.118   926   998 E ACDB-LOADER: [acdb_loader_adsp_set_audio_cal] set parameters failed with status -100
11-11 13:58:22.118   926   998 E ACDB-LOADER: [acdb_loader_adsp_set_audio_cal] active device/stream not found (result=-100) for topology 0x10012d00 and apptype 0x11131
11-11 13:58:22.118   926   998 E ACDB-LOADER: [acdb_loader_adsp_set_audio_cal] set parameters failed with status -100
11-11 13:58:22.118   926   998 E ACDB-LOADER: [acdb_loader_adsp_set_audio_cal] active device/stream not found (result=-100) for topology 0x10012d00 and apptype 0x11131
11-11 13:58:22.118   926   998 E ACDB-LOADER: [acdb_loader_adsp_set_audio_cal] set parameters failed with status -100
11-11 13:58:22.118   926   998 E ACDB-LOADER: [acdb_loader_adsp_set_audio_cal] active device/stream not found (result=-100) for topology 0x10012d00 and apptype 0x11131
11-11 13:58:22.118   926   998 E ACDB-LOADER: [acdb_loader_adsp_set_audio_cal] set parameters failed with status -100
11-11 13:58:22.118   926   998 E ACDB-LOADER: [acdb_loader_adsp_set_audio_cal] active device/stream not found (result=-100) for topology 0x10012d00 and apptype 0x11131
11-11 13:58:22.118   926   998 E ACDB-LOADER: [acdb_loader_adsp_set_audio_cal] set parameters failed with status -100
11-11 13:58:22.119   926   998 D android.hardware.audio.service: mid 10012DE0 and pid 00014000 not found
11-11 13:58:22.119   926   998 E ACDB-LOADER: [acdb_loader_store_set_audio_cal] ACDB settting parameters failed -1
11-11 13:58:22.119   926   998 D android.hardware.audio.service: mid 10012DE0 and pid 00014000 not found
11-11 13:58:22.119   926   998 E ACDB-LOADER: [acdb_loader_store_set_audio_cal] ACDB settting parameters failed -1
11-11 13:58:22.119   926   998 D android.hardware.audio.service: mid 10012DE0 and pid 00014000 not found
11-11 13:58:22.119   926   998 E ACDB-LOADER: [acdb_loader_store_set_audio_cal] ACDB settting parameters failed -1
11-11 13:58:22.119   926   998 D android.hardware.audio.service: mid 10012DE0 and pid 00014000 not found
11-11 13:58:22.119   926   998 E ACDB-LOADER: [acdb_loader_store_set_audio_cal] ACDB settting parameters failed -1
11-11 13:58:22.122  3042  5055 E sqlite3_android: [IKR-38846] ONEPLUS_NAME_PARTS_MATCH SQLITE_OK
11-11 13:58:22.136  3042  5055 I chatty  : uid=10120(se.dirac.acs) identical 1 line
11-11 13:58:22.140  3042  5055 E sqlite3_android: [IKR-38846] ONEPLUS_NAME_PARTS_MATCH SQLITE_OK
11-11 13:58:22.216 22496  5316 D UE4     : [2021.11.11-12.58.22:216][  0]LogAudio: Display: Audio Device (ID: 1) registered with world 'HandheldARBlankMap'.
11-11 13:58:22.218 22496  5316 D UE4     : [2021.11.11-12.58.22:218][  0]LogAIModule: Creating AISystem for world HandheldARBlankMap
11-11 13:58:22.218 22496  5316 D UE4     : [2021.11.11-12.58.22:218][  0]LogLoad: Game class is 'BP_ARGameMode_C'
11-11 13:58:22.221 22496  5316 D UE4     : [2021.11.11-12.58.22:221][  0]LogWorld: Bringing World /Game/HandheldAR/Maps/HandheldARBlankMap.HandheldARBlankMap up for play (max tick rate 0) at 2021.11.11-13.58.22
11-11 13:58:22.221 22496  5316 D UE4     : [2021.11.11-12.58.22:221][  0]LogWorld: Bringing up level for play took: 0.000959
11-11 13:58:22.222 22496  5316 D UE4     : [2021.11.11-12.58.22:222][  0]LogOnline: OSS: Creating online subsystem instance for: GooglePlay
11-11 13:58:22.222 22496  5316 D UE4     : [2021.11.11-12.58.22:222][  0]LogOnline: Warning: OSS: FOnlineSubsystemGooglePlayModule was disabled
11-11 13:58:22.223 22496  5316 D UE4     : [2021.11.11-12.58.22:223][  0]LogGameMode: FindPlayerStart: PATHS NOT DEFINED or NO PLAYERSTART with positive rating
11-11 13:58:22.234 22496  5316 D UE4     : [2021.11.11-12.58.22:234][  0]LogLoad: Took 0.282066 seconds to LoadMap(/Game/HandheldAR/Maps/HandheldARBlankMap)
11-11 13:58:22.237 22496  5316 D UE4     : [2021.11.11-12.58.22:237][  0]LogSlate: Took 0.001862 seconds to synchronously load lazily loaded font '../../../Engine/Content/EngineFonts/Faces/RobotoRegular.ufont' (155K)
11-11 13:58:22.255 22496  5316 D UE4     : [2021.11.11-12.58.22:255][  0]LogSlate: Took 0.015265 seconds to synchronously load lazily loaded font '../../../Engine/Content/EngineFonts/Faces/RobotoBold.ufont' (160K)
11-11 13:58:22.392 22496  5387 D UE4     : AndroidEGL::  ReleaseContextOwnership,  thread releasing rendering context tid: 5387
11-11 13:58:22.392 22496  5387 D UE4     : AndroidEGL::ResetDisplay()
11-11 13:58:22.398 22496  5316 D UE4     : [2021.11.11-12.58.22:398][  0]LogSlate: Took 0.001806 seconds to synchronously load lazily loaded font '../../../Engine/Content/Slate/Fonts/Roboto-Regular.ttf' (155K)
11-11 13:58:22.399 22496  5316 D UE4     : [2021.11.11-12.58.22:399][  0]LogRHI: Display: ShaderPipelineCache: Paused Batching. 1
11-11 13:58:22.399 22496  5316 D UE4     : [2021.11.11-12.58.22:399][  0]LogRHI: Display: ShaderPipelineCache: Resumed Batching. 0
11-11 13:58:22.400 22496  5316 D UE4     : [2021.11.11-12.58.22:399][  0]LogRHI: Display: ShaderPipelineCache: Batching Resumed.
11-11 13:58:22.400 22496  5316 D UE4     : [2021.11.11-12.58.22:400][  0]LogInit: Display: Engine is initialized. Leaving FEngineLoop::Init()
11-11 13:58:22.400 22496  5316 D UE4     : [2021.11.11-12.58.22:400][  0]LogAndroid: Passed GEngineLoop.Init()
11-11 13:58:22.401 22496  5316 D UE4     : [2021.11.11-12.58.22:401][  0]LogAndroidEvents: Display: LogAndroidEvents::DequeueAppEvent : 9, [width=-1, height=-1], APP_EVENT_STATE_ON_START
11-11 13:58:22.401 22496  5316 D UE4     : FAppEventManager::Tick processing, 9
11-11 13:58:22.401 22496  5316 D UE4     : [2021.11.11-12.58.22:401][  0]LogAndroidEvents: Display: LogAndroidEvents::DequeueAppEvent : 7, [width=-1, height=-1], APP_EVENT_STATE_ON_RESUME
11-11 13:58:22.401 22496  5316 D UE4     : FAppEventManager::Tick processing, 7
11-11 13:58:22.401 22496  5316 D UE4     : [2021.11.11-12.58.22:401][  0]LogAndroidEvents: Display: LogAndroidEvents::DequeueAppEvent : 0, [width=1080, height=2283], APP_EVENT_STATE_WINDOW_CREATED
11-11 13:58:22.401 22496  5316 D UE4     : FAppEventManager::Tick processing, 0
11-11 13:58:22.401 22496  5316 D UE4     : [2021.11.11-12.58.22:401][  0]LogAndroidEvents: Display: ExecWindowCreated
11-11 13:58:22.401 22496  5316 D UE4     : AndroidEGL::ReInitWindow()
11-11 13:58:22.401 22496  5316 D UE4     : [2021.11.11-12.58.22:401][  0]LogAndroid: AndroidEGL::RefreshWindowSize updating window size = 600, 1280, cached size : 0, 0 tid : 5316
11-11 13:58:22.401 22496  5316 D UE4     : [2021.11.11-12.58.22:401][  0]LogAndroid: AndroidEGL::ResizeSharedContextSurface, PImplData->Window=0xe700e2c8, PImplData->eglWidth=8, PImplData->eglHeight=8!, CachedWidth=600, CachedHeight=1280, tid: 5316
11-11 13:58:22.401 22496  5316 D UE4     : AndroidEGL::UnBindShared()
11-11 13:58:22.401 22496  5316 D UE4     : AndroidEGL::ResetDisplay()
11-11 13:58:22.401 22496  5316 D UE4     : AndroidEGL::DestroySharedSurface()
11-11 13:58:22.401 22496  5316 D UE4     : AndroidEGL::InitSharedSurface 0
11-11 13:58:22.401 22496  5316 D UE4     : AndroidEGL::InitSharedSurface, Using CachedWindowRect, width: 600, height 1280 
11-11 13:58:22.401 22496  5316 D UE4     : AndroidEGL::InitSharedSurface, Using width: 600, height 1280 
11-11 13:58:22.401 22496  5316 D UE4     : AndroidEGL::InitSharedSurface, width: 600, height 1280 
11-11 13:58:22.401 22496  5316 D UE4     : AndroidEGL::CreateEGLSharedSurface(), auxSurface = eglCreatePbufferSurface(), 8x8
11-11 13:58:22.401 22496  5316 D UE4     : ExecWindowCreated, 0, 1, 1
11-11 13:58:22.401 22496  5316 D UE4     : [2021.11.11-12.58.22:401][  0]LogAndroidEvents: Display: LogAndroidEvents::DequeueAppEvent : 11, [width=-1, height=-1], APP_EVENT_STATE_WINDOW_GAINED_FOCUS
11-11 13:58:22.401 22496  5316 D UE4     : FAppEventManager::Tick processing, 11
11-11 13:58:22.401 22496  5316 D UE4     : [2021.11.11-12.58.22:401][  0]LogAndroidEvents: Display: LogAndroidEvents::DequeueAppEvent : 14, [width=-1, height=-1], APP_EVENT_STATE_APP_ACTIVATED
11-11 13:58:22.401 22496  5316 D UE4     : FAppEventManager::Tick processing, 14
11-11 13:58:22.401 22496  5316 D UE4     : Execution will be resumed!
11-11 13:58:22.401 22496  5316 D UE4     : [2021.11.11-12.58.22:401][  0]LogAndroidEvents: Display: LogAndroidEvents::DequeueAppEvent : 15, [width=-1, height=-1], APP_EVENT_RUN_CALLBACK
11-11 13:58:22.401 22496  5316 D UE4     : FAppEventManager::Tick processing, 15
11-11 13:58:22.402 22496  5316 D UE4     : [2021.11.11-12.58.22:401][  0]LogAndroidEvents: Display: Event thread callback running.
11-11 13:58:22.402 22496  5316 D UE4     : [2021.11.11-12.58.22:402][  0]LogAndroid: performing app foregrounding callback.
11-11 13:58:22.402 22496  5316 D UE4     : [GameActivity] Registering volume receiver
11-11 13:58:22.408 22496  5316 D UE4     : [GameActivity] startVolumeReceiver: 5
11-11 13:58:22.408 22496  5316 D UE4     : nativeVolumeEvent(5)
11-11 13:58:22.408 22496  5316 D UE4     : [GameActivity] Registering battery receiver
11-11 13:58:22.408 22496  5438 D UE4     : [2021.11.11-12.58.22:408][  0]LogRenderer: Reallocating scene render targets to support 600x1280 Format 10 NumSamples 1 (Frame:1).
11-11 13:58:22.411 22496  5316 D UE4     : [GameActivity] Registering headset receiver
11-11 13:58:22.411  2472  2472 D StatusBar: Status bar WINDOW_STATE_SHOWING
11-11 13:58:22.413 22496  5387 D UE4     : [2021.11.11-12.58.22:413][  0]LogRHI: Using OpenGL program LRU cache: 0
11-11 13:58:22.414  2472  2472 D OverviewProxyService: SystemUi flags: 0
11-11 13:58:22.414  4830  4858 D TouchInteractionService: onSystemUiStateChanged# stateFlags: 1073741824 -> 0
11-11 13:58:22.418 22496  5316 D UE4     : [GameActivity] startHeadsetReceiver: 0
11-11 13:58:22.419 22496  5316 D UE4     : nativeHeadsetEvent(0)
11-11 13:58:22.419 22496  5316 D UE4     : [2021.11.11-12.58.22:419][  0]LogCore: Display: AppLifetime: Application has entered foreground
11-11 13:58:22.419 22496 22496 D UE4     : [GameActivity] Battery: status = 2, rawlevel = 68, scale = 100
11-11 13:58:22.419 22496 22496 D UE4     : nativeBatteryEvent(stat = 2, lvl = 68  temp = 25.70 C)
11-11 13:58:22.425  2472  2472 D StatusBar: Status bar WINDOW_STATE_HIDDEN
11-11 13:58:22.426  2472  2472 D KeyguardAffordanceView: setCircleRadius: 0.0com.android.systemui.statusbar.KeyguardAffordanceView.setCircleRadiusWithoutAnimation:416 com.android.systemui.statusbar.phone.KeyguardAffordanceHelper.updateIcon:444 com.android.systemui.statusbar.phone.KeyguardAffordanceHelper.setTranslation:394 com.android.systemui.statusbar.phone.KeyguardAffordanceHelper.reset:506 com.android.systemui.statusbar.phone.NotificationPanelViewController.resetViews:1208 com.android.systemui.statusbar.phone.PanelBar.collapsePanel:268 com.android.systemui.statusbar.phone.StatusBar.setWindowState:2624 
11-11 13:58:22.428  2472  2472 D OverviewProxyService: SystemUi flags: 40000000
11-11 13:58:22.428  4830  4858 D TouchInteractionService: onSystemUiStateChanged# stateFlags: 0 -> 1073741824
11-11 13:58:22.429  2472  2472 D OverviewProxyService: SystemUi flags: 40000000
11-11 13:58:22.842  1752  2166 I DisplayPowerController: useProximityForceSuspend = false
11-11 13:58:22.844  1752  2166 I RampAnimator: target:0.05 rate:0.2352941 mCurrentValue:0.037975937 mTargetValue:0.037975937
11-11 13:58:22.844  1752  2166 I RampAnimator: STILL DIM!
11-11 13:58:22.877 22496  5316 D UE4     : [2021.11.11-12.58.22:877][  0]LogUdpMessaging: Initializing bridge on interface 0.0.0.0:0 to multicast group 230.0.0.1:6666.
11-11 13:58:22.903  1408  1408 I cnss-daemon: nl80211 response handler invoked
11-11 13:58:22.903  1408  1408 I cnss-daemon: nl80211_response_handler: cmd 103, vendorID 4980, subcmd 13  received
11-11 13:58:22.904   960  2366 I WifiHAL : event received NL80211_CMD_VENDOR, vendor_id = 0x1374, subcmd = 0xd
11-11 13:58:23.556 22496  5316 D UE4     : [2021.11.11-12.58.23:555][  0]LogTcpMessaging: Initializing TcpMessaging bridge, listening on 127.0.0.1:6666
11-11 13:58:23.560 22496  5316 D UE4     : [2021.11.11-12.58.23:559][  0]LogCore: Display: AppLifetime: Application has reactivated
11-11 13:58:23.560 22496  5316 D UE4     : [2021.11.11-12.58.23:560][  0]LogTemp: Android resume audio
11-11 13:58:23.583 22496  5387 D UE4     : [2021.11.11-12.58.23:583][  0]LogAndroid: AndroidEGL::ResizeRenderContextSurface, PImplData->Window=0xe700e2c8, PImplData->eglWidth=8, PImplData->eglHeight=8!, CachedWidth=600, CachedHeight=1280, tid: 5387
11-11 13:58:23.583 22496  5387 D UE4     : AndroidEGL::UnBindRender()
11-11 13:58:23.583 22496  5387 D UE4     : AndroidEGL::ResetDisplay()
11-11 13:58:23.584 22496  5387 D UE4     : AndroidEGL::DestroyRenderSurface()
11-11 13:58:23.592 22496  5387 D UE4     : AndroidEGL::InitRenderSurface 0, 1
11-11 13:58:23.592 22496  5387 D UE4     : AndroidEGL::InitRenderSurface, Using CachedWindowRect, width: 600, height 1280 
11-11 13:58:23.592 22496  5387 D UE4     : AndroidEGL::InitRenderSurface, Using width: 600, height 1280 
11-11 13:58:23.592 22496  5387 D UE4     : AndroidEGL::InitRenderSurface, wnd: 0xe700e2c8, width: 600, height 1280 
11-11 13:58:23.593 22496  5387 D UE4     : AndroidEGL::CreateEGLRenderSurface() 0xec869b40
11-11 13:58:23.598 22496  5316 D UE4     : [2021.11.11-12.58.23:598][  0]LogAndroid: Display: Low Power Mode Changed: 0
11-11 13:58:23.826  1752  2166 D AutomaticBrightnessController: setAmbientLux(427.71738)
11-11 13:58:23.827  1752  2166 I DisplayPowerController: useProximityForceSuspend = false
11-11 13:58:23.830  1752  2166 I RampAnimator: target:0.05 rate:0.2352941 mCurrentValue:0.037975937 mTargetValue:0.037975937
11-11 13:58:23.830  1752  2166 I RampAnimator: STILL DIM!
11-11 13:58:23.832  1752  1752 V SettingsProvider: Notifying for 0: content://settings/system/screen_brightness_float
11-11 13:58:23.833  1752  1752 I BrightnessSynchronizer: newBrightnessInt 67
11-11 13:58:23.834  1752  2166 I DisplayPowerController: onChange:content://settings/system/screen_brightness_float selfChange:false
11-11 13:58:23.835  1752  1752 V SettingsProvider: Notifying for 0: content://settings/system/screen_brightness
11-11 13:58:23.836  1752  2166 I DisplayPowerController: useProximityForceSuspend = false
11-11 13:58:23.838  1752  2166 I RampAnimator: target:0.05 rate:0.2352941 mCurrentValue:0.037975937 mTargetValue:0.037975937
11-11 13:58:23.838  1752  2166 I RampAnimator: STILL DIM!
11-11 13:58:23.839  1752  1752 V SettingsProvider: Notifying for 0: content://settings/system/screen_brightness_float
11-11 13:58:23.839  1752  2166 I DisplayPowerController: onChange:content://settings/system/screen_brightness_float selfChange:false
11-11 13:58:23.840  1752  2166 I DisplayPowerController: useProximityForceSuspend = false
11-11 13:58:23.841  1752  2166 I RampAnimator: target:0.05 rate:0.2352941 mCurrentValue:0.037975937 mTargetValue:0.037975937
11-11 13:58:23.841  1752  2166 I RampAnimator: STILL DIM!
11-11 13:58:23.977   990  1051 I vendor.qti.hardware.servicetracker@1.2-service: unbindService is called for service : com.google.android.gms/.chimera.GmsApiService and for client com.google.android.gms.persistent
11-11 13:58:23.977   990  1051 I vendor.qti.hardware.servicetracker@1.2-service: size of service connections for service: com.google.android.gms/.chimera.GmsApiServiceafter removal is 0
11-11 13:58:23.977   990  1051 I vendor.qti.hardware.servicetracker@1.2-service: size of client connections for client: com.google.android.gms.persistentafter removal is 5
11-11 13:58:23.979   990  1051 I vendor.qti.hardware.servicetracker@1.2-service: destroyService is called for service : com.google.android.gms/.chimera.GmsApiService
11-11 13:58:23.980  4009  4009 D BoundBrokerSvc: onUnbind: Intent { act=com.google.android.gms.dck.service.START cmp=com.google.android.gms/.chimera.GmsApiService }
11-11 13:58:24.203   986  4072 E ANDR-PERF-LM: AdaptiveLaunch: writeToDataBase() 63: Meter aborted or could not get meter data for this run
11-11 13:58:24.518  1319  1319 W hvdcp_opti: type=1400 audit(0.0:19038): avc: denied { read write } for name="soh_info.txt" dev="sda2" ino=391 scontext=u:r:vendor_hvdcp:s0 tcontext=u:object_r:unlabeled:s0 tclass=file permissive=0
11-11 13:58:24.549  1752  3924 I FastCharge: read mChargeType = 0
11-11 13:58:24.550  1752  2036 I BatteryStatsImpl: set timeToFullsIndexMax = 3
11-11 13:58:24.551  1752  3924 I FastCharge: set protect_charging = false
11-11 13:58:24.518  1319  1319 W hvdcp_opti: type=1400 audit(0.0:19039): avc: denied { read write } for name="soh_info.txt" dev="sda2" ino=391 scontext=u:r:vendor_hvdcp:s0 tcontext=u:object_r:unlabeled:s0 tclass=file permissive=0
11-11 13:58:24.552  1752  2032 W AlarmManager: Unrecognized alarm listener com.android.server.OpPowerControllerService$tsu@69186bd
11-11 13:58:24.553  2472  2472 I OpUtils : isSupportWarpCharging:true
11-11 13:58:24.553  2472  2472 D OpSWarpChargingView: level is same as latest one [68]
11-11 13:58:24.556  2472  2472 D KeyguardUpdateMonitor: received broadcast android.intent.action.BATTERY_CHANGED
11-11 13:58:24.556  2472  2472 I OpUtils : isSupportWarpCharging:true
11-11 13:58:24.556  2472  2472 D KeyguardUpdateMonitor: pdCharge false, chargingstatus 0, fastcharge:0
11-11 13:58:24.557 22496 22496 D UE4     : [GameActivity] Battery: status = 2, rawlevel = 68, scale = 100
11-11 13:58:24.557 22496 22496 D UE4     : nativeBatteryEvent(stat = 2, lvl = 68  temp = 25.80 C)
11-11 13:58:24.558  3107  3107 D DeviceStatisticsService: chargerType=2 batteryLevel=68 totalBatteryCapacity=3528300
11-11 13:58:24.670  1015  1707 D AudioFlinger: releaseWakeLock_l() count:0
11-11 13:58:24.671  1015  1707 D AudioFlinger: releaseWakeLock_l() AudioOut_3D status:0, binder:0xb40000758abeda10
11-11 13:58:24.672  1015  1726 D AudioFlinger: releaseWakeLock_l() count:0
11-11 13:58:24.672  1015  1726 D AudioFlinger: releaseWakeLock_l() AudioOut_4D status:0, binder:0xb40000758abeed90
11-11 13:58:24.672  1752  3225 I system_server: oneway function results will be dropped but finished with status OK and parcel size 4
11-11 13:58:24.673  1752  3295 I system_server: oneway function results will be dropped but finished with status OK and parcel size 4
11-11 13:58:24.676  1015  1650 D AudioFlinger: releaseWakeLock_l() count:0
11-11 13:58:24.676  1015  1650 D AudioFlinger: releaseWakeLock_l() AudioOut_1D status:0, binder:0xb40000758abf0390
11-11 13:58:24.677  1752  3295 I system_server: oneway function results will be dropped but finished with status OK and parcel size 4
11-11 13:58:24.708  1752  2166 I PowerManagerService: Going to sleep due to timeout (uid 1000)...
11-11 13:58:24.713  2472  2472 D OpStatusBar: Check navigation bar state when ime state change
11-11 13:58:24.713  2472  2472 D OpStatusBar: updateIMENavBar: now=2485219, last=2481535
11-11 13:58:24.713  1752  2166 I DisplayPowerController: useProximityForceSuspend = false
11-11 13:58:24.714  2472  2472 D OpStatusBar: checkIMENavBarState mode: 2, type: 1, showing: false, attached:false, view:true, ImeShow: false
11-11 13:58:24.715  2472  2472 D OpStatusBar: updateImeWindowStatus ImeStateChange true , imeShow false
11-11 13:58:24.716  5559  5559 I GoogleInputMethodService: GoogleInputMethodService.onFinishInput():3293 
11-11 13:58:24.716  2472  3630 D KeyguardViewMediator: onStartedGoingToSleep(3)
11-11 13:58:24.718  5559  5559 I GoogleInputMethodService: GoogleInputMethodService.onStartInput():1981 
11-11 13:58:24.719  5559  5559 I DeviceUnlockedTag: DeviceUnlockedTag.notifyDeviceLockStatusChanged():79 Notify device unlocked.
11-11 13:58:24.720  2472  3630 D KeyguardViewMediator: onStartedGoingToSleep: mShowing:false, isKeyguardDone:true, lockImmediately:true, timeout:5000
11-11 13:58:24.730  2472  3630 D KeyguardViewMediator: setting alarm to turn off keyguard, seq = 47
11-11 13:58:24.736  2472  3630 D KeyguardViewMediator: notifyStartedGoingToSleep
11-11 13:58:24.739  2472  2472 I KeyguardUpdateMonitor: getUserUnlockedWithBiometric, fingerprintAllowed:false, faceAllowed:false, canSkipBouncerByFacelock():false, isFacelockUnlocking():false
11-11 13:58:24.740  2472  2472 D BiometricUnlockCtrl: resetMode
11-11 13:58:24.744  2472  2472 I KeyguardUpdateMonitor: getUserUnlockedWithBiometric, fingerprintAllowed:false, faceAllowed:false, canSkipBouncerByFacelock():false, isFacelockUnlocking():false
11-11 13:58:24.746  2472  2472 I KeyguardUpdateMonitor: getUserUnlockedWithBiometric, fingerprintAllowed:false, faceAllowed:false, canSkipBouncerByFacelock():false, isFacelockUnlocking():false
11-11 13:58:24.746  2472  2472 I LockIcon:  updateDarkTint state:false
11-11 13:58:24.746  2472  2472 D OpBiometricUnlockController: changePanelVisibilityByAlpha: alpha= 1, reset= true
11-11 13:58:24.748  2472  2472 D OpKeyguardViewMediator: not set backdrop alpha
11-11 13:58:24.748  2472  2472 I OpChargingAnimationControllerImpl: onStartedGoingToSleep
11-11 13:58:24.748  2472  3289 D OpFacelockController: not stop facelock, active:false
11-11 13:58:24.751  2472  2472 I ClockCtrl: stopUpdate: ScreenOFF
11-11 13:58:24.751  2472  2472 W AlarmManager: Unrecognized alarm listener com.oneplus.keyguard.clock.OpClockCtrl@cd1165e
11-11 13:58:24.751  2472  2472 D KeyguardViewMediator: handleNotifyStartedGoingToSleep
11-11 13:58:24.752  2472  2472 D StatusBar: updateNotificationPanelTouchState, goingToSleepWithoutAnimation:true, isGoingToSleep():true, mDozeParameters.shouldControlScreenOff():false, disabled:true, mDeviceInteractive:true, mDozeServiceHost.isPulsing():false, stack:com.android.systemui.statusbar.phone.StatusBar$13.onStartedGoingToSleep:4296 com.android.systemui.keyguard.-$$Lambda$ASgSeR7gTZT1Q2JGNWCU20EppLY.accept:2 com.android.systemui.keyguard.Lifecycle.dispatch:39 com.android.systemui.keyguard.WakefulnessLifecycle.dispatchStartedGoingToSleep:84 com.android.systemui.keyguard.KeyguardLifecyclesDispatcher$1.handleMessage:78 android.os.Handler.dispatchMessage:106 android.os.Looper.loop:245 
11-11 13:58:24.753  2472  2472 D OpStatusBar: opOnStartedGoingToSleep
11-11 13:58:24.753  2472  2472 I OpStatusBar: cancelWakingupScrimAnimation
11-11 13:58:24.753  2472  2472 D AodDisplayViewManager: onPlayFingerprintUnlockAnimation
11-11 13:58:24.754  2472  3237 D AodDisplayViewManager: updateView: state = none mIsPlayFingerprintUnlockAnimation:false mIsPress:false mIsScreenTurnedOff:false mScreenTurnedOn: true
11-11 13:58:24.754  2472  3237 D AodDisplayViewManager: screen is not turned off yet.
11-11 13:58:24.754  2472  2472 D OpWakingUpScrimController: delay 0 to add scrim
11-11 13:58:24.757  1752  1752 V SettingsProvider: Notifying for 0: content://settings/secure/reminder_exp_learning_time_elapsed
11-11 13:58:24.757  2472  2472 D OpFodDisplayController: onFacelockStateChanged: type:0
11-11 13:58:24.757  2472  2472 D OpFingerprintDialogView: onFacelockStateChanged: type:0, isOffUnlock:false
11-11 13:58:24.757  2472  2472 D LockIcon: onFacelockStateChanged, type:0
11-11 13:58:24.758  2472  2472 I KeyguardUpdateMonitor: getUserUnlockedWithBiometric, fingerprintAllowed:false, faceAllowed:false, canSkipBouncerByFacelock():false, isFacelockUnlocking():false
11-11 13:58:24.762  1752  2166 V DisplayPowerController: Brightness [0.25833791] reason changing to: 'automatic', previous reason: 'automatic [ dim ]'.
11-11 13:58:24.763  2472  2472 I KeyguardUpdateMonitor: getUserUnlockedWithBiometric, fingerprintAllowed:false, faceAllowed:false, canSkipBouncerByFacelock():false, isFacelockUnlocking():false
11-11 13:58:24.764  2472  2472 I LockIcon:  updateDarkTint state:false
11-11 13:58:24.764  2472  2949 D ViewRootImpl: not support adaptive color gamut feature!
11-11 13:58:24.773  1752  1752 V SettingsProvider: Notifying for 0: content://settings/global/device_is_dimming
11-11 13:58:24.795  1752  2334 W LightsService: Brightness is not valid: -1.0
11-11 13:58:24.795  1752  2166 I DisplayPowerController: useProximityForceSuspend = false
11-11 13:58:24.795  1752  2166 D OpColorDisplayService: screenStateChange
11-11 13:58:24.795  1752  2101 D OpColorDisplayService: processScreenOn   false
11-11 13:58:24.795  1752  2166 I DisplayPowerController: Blocking screen off
11-11 13:58:24.796  1025  1078 I DispPerfService: setHwcRefreshRate to rate=120, mode=0
11-11 13:58:24.796  2472  2472 D OpFodDisplayController: onDisplayPowerStatusChanged: status= 1
11-11 13:58:24.796  2472  2472 D OpFodDimControl: disable: display power status: off
11-11 13:58:24.797  1752  2166 V KeyguardServiceDelegate: onScreenTurningOff()
11-11 13:58:24.797  1752  2166 I DisplayPowerController: Unblocked screen off after 2 ms
11-11 13:58:24.798  1752  2166 D OpPowerConsumpStatsInjector: updateScreenState
11-11 13:58:24.804   981  3976 I SDM     : HWDeviceDRM::UpdateMixerAttributes: Mixer WxH 1080x2400-1 for Peripheral
11-11 13:58:24.804   981  3976 I SDM     : StrategyImpl::SetIdleTimeoutMs: Idle timeout set to zero for command mode panels
11-11 13:58:24.804   981  3976 I SDM     : HWCDisplay::SubmitDisplayConfig: Active configuration changed to: 1
11-11 13:58:24.806  1752  2166 D ActivityTaskManager: Top Process State changed to PROCESS_STATE_TOP_SLEEPING
11-11 13:58:24.827  1752  2329 D skia    : got procName system_server for pid 1752
11-11 13:58:24.858  1752  2329 D skia    : got procName system_server for pid 1752
11-11 13:58:24.860  1752  2166 D ActivityTrigger: ActivityTrigger activityPauseTrigger 
11-11 13:58:24.860   990  1051 I vendor.qti.hardware.servicetracker@1.2-service: Activity state is changed to : 3
11-11 13:58:24.861   990  1051 I vendor.qti.hardware.servicetracker@1.2-service: Activity state is changed to : 3
11-11 13:58:24.862   986  1125 W ANDR-PERF-LM: MetaMeter: handleAsync() 169: GameOptimization Invalid state for appName com.YourCompany.MyTestProject 
11-11 13:58:24.864  1752  2166 V KeyguardServiceDelegate: onScreenTurnedOff()
11-11 13:58:24.865  2472  3630 D KeyguardViewMediator: notifyScreenTurnedOff
11-11 13:58:24.865 22496 22496 D UE4     : [GameActivity] onPause: stop memory reporter runnable
11-11 13:58:24.865  1752  2166 E SensorManager: unregisterListenerImpl callingApp: android.uid.system:1000,callingPid:1752,callingUid:1000
11-11 13:58:24.865  2472  2472 D KeyguardViewMediator: handleNotifyScreenTurnedOff
11-11 13:58:24.865 22496 22496 D UE4     : [2021.11.11-12.58.24:865][ 68]LogGoogleARCore: OnPause Called: 0
11-11 13:58:24.865  2472  2472 D KeyguardUpdateMonitor: handleScreenTurnedOff: mKeyguardIsVisible=false, UX-thread-enabled: false
11-11 13:58:24.865  2472  2472 D AodDisplayViewManager: setAlpha = 1.0
11-11 13:58:24.865 22496 22496 D UE4     : [GameActivity] ==============> GameActive.onPause complete!
11-11 13:58:24.865  2472  2472 D AodDisplayViewManager: updateView in screen turned off
11-11 13:58:24.865 22496  5317 D UE4     : Case APP_CMD_PAUSE
11-11 13:58:24.866 22496  5317 D UE4     : [2021.11.11-12.58.24:865][ 68]LogAndroid: Case APP_CMD_PAUSE
11-11 13:58:24.866 22496  5317 D UE4     : LogAndroidEvents::EnqueueAppEvent : 6, [width=-1, height=-1], tid = 5317, APP_EVENT_STATE_ON_PAUSE
11-11 13:58:24.866  1752  2166 D SensorService: recordConnection in disable
11-11 13:58:24.866 22496  5317 D UE4     : [2021.11.11-12.58.24:866][ 68]LogAndroid: event thread, suspending app, acquiring HW window lock.
11-11 13:58:24.866  2472  2472 D OpFodAodControl: enable: screen turned off
11-11 13:58:24.866 22496  5317 D UE4     : LogAndroidEvents::EnqueueAppEvent : 15, [width=-1, height=-1], tid = 5317, APP_EVENT_RUN_CALLBACK
11-11 13:58:24.866  2472  2472 D OpFodAodControl: set aod mode on, reason: screen turned off
11-11 13:58:24.866 22496  5317 D UE4     : [2021.11.11-12.58.24:866][ 68]LogAndroid: AndroidEGL::  SuspendApp_EventThread, waiting for event manager to process. tid: 5317
11-11 13:58:24.866  2472  2472 I OpFodAodControl: notify aod value = 2
11-11 13:58:24.866  2472  3237 D AodDisplayViewManager: updateView: state = none mIsPlayFingerprintUnlockAnimation:false mIsPress:false mIsScreenTurnedOff:true mScreenTurnedOn: false
11-11 13:58:24.866   958   958 I sensors-hal: activate:212, android.sensor.device_orientation/272 en=0
11-11 13:58:24.866  2472  2472 D OpFingerprintDialogView: onScreenTurnedOff : fp client = null, showOnWindow = false
11-11 13:58:24.867  2472  3237 D OpAodLightEffectContainer: resetNotificationAnimView
11-11 13:58:24.867  2472  3307 D OpFodDimControl: disable: reset state
11-11 13:58:24.867  2472  3307 D OpFodHighlightControl: disable: reset state
11-11 13:58:24.867  2472  3307 D OpFodHighlightControl: canDisable: press state not correct
11-11 13:58:24.867   958   958 I sensors-hal: activate:229, android.sensor.device_orientation/272 en=0 completed
11-11 13:58:24.867  2472  3307 I OpFingerprintDialogView: resetState: mPendingHideDialog false
11-11 13:58:24.867  2472  3307 D FingerprintAnimationCtrl: resetState
11-11 13:58:24.868  1752  2166 I SensorService: SensorEventConnection destruct, mPackageName : com.android.server.policy.WindowOrientationListener
11-11 13:58:24.869  2472  3310 I OpFodDisplayNotifier: set OP_DISPLAY_AOD_MODE: 2
11-11 13:58:24.869 22496  5316 D UE4     : [2021.11.11-12.58.24:869][ 69]LogAndroidEvents: Display: LogAndroidEvents::DequeueAppEvent : 6, [width=-1, height=-1], APP_EVENT_STATE_ON_PAUSE
11-11 13:58:24.869 22496  5316 D UE4     : FAppEventManager::Tick processing, 6
11-11 13:58:24.869   969   969 D vendor.oneplus.hardware.display@1.0-service: OneplusDisplay::setMode is OK mode=8 enable= 2
11-11 13:58:24.869 22496  5316 D UE4     : [2021.11.11-12.58.24:869][ 69]LogAndroidEvents: Display: LogAndroidEvents::DequeueAppEvent : 15, [width=-1, height=-1], APP_EVENT_RUN_CALLBACK
11-11 13:58:24.869  2472  3307 D OpFodIconViewController: updateIconVisibility: fp client = null, isOwnerKeyguard = false, forceHide = false, isBouncer = false, isImeShow = false, goingToSleep = true, screenOn = false, isUnlockAllowed = true, interactive = false, keyguard visible = false, isDreaming = false, isKeyguardShowingAndOccluded = false, isFaceUnlocked = false, isSimPinSecure = false, isQSExpanded = false, isLaunchingCamera = false, LeftAffordance:false, isPreventActivte = false, isShowing = false, isLockOut = false, isFacelockRecognizing = false, mIsScreenTurningOn = false, mIsWakingUp = false, isShuttingDown = false, isFromBiometricPrompt = false, isBiometricPromptReadyToShow = false, isFpSuspended = false, isFpStopped = true, isKeyguardSensorDetectedNear = false, visibility = 4, isAlwaysOnEnabled = false, isHidingOnAod = false, isFodHintShowing= false, isLandscape= false, isShutdownDialogVisible= false, isUserSwitching= false, isEmergencyPanelExpand = false
11-11 13:58:24.869 22496  5316 D UE4     : FAppEventManager::Tick processing, 15
11-11 13:58:24.869 22496  5316 D UE4     : [2021.11.11-12.58.24:869][ 69]LogAndroidEvents: Display: Event thread callback running.
11-11 13:58:24.869  2472  2472 I KeyguardUpdateMonitor: getUserUnlockedWithBiometric, fingerprintAllowed:false, faceAllowed:false, canSkipBouncerByFacelock():false, isFacelockUnlocking():false
11-11 13:58:24.869 22496  5316 D UE4     : [2021.11.11-12.58.24:869][ 69]LogAndroid: performing app backgrounding callback. 0xae75b020
11-11 13:58:24.869  2472  3307 D OpFodIconViewController: caseLog: 2
11-11 13:58:24.869  2472  3307 D FingerprintAnimationCtrl: stopAnimation: current state = 0, mOnGoingAnimationView = null
