11-11 13:58:21.127 22496  5348 D UE4     : [2021.11.11-12.58.21:127][  0]LogImageWrapper: Warning: PNG Warning: iCCP: known incorrect sRGB profile
11-11 13:58:21.127 22496  5348 D UE4     : [2021.11.11-12.58.21:127][  0]LogImageWrapper: Warning: PNG Warning: iCCP: known incorrect sRGB profile
11-11 13:58:21.127 22496  5316 D UE4     : [2021.11.11-12.58.21:127][  0]LogImageWrapper: Warning: PNG Warning: iCCP: known incorrect sRGB profile
11-11 13:58:21.128 22496  5316 D UE4     : [2021.11.11-12.58.21:128][  0]LogImageWrapper: Warning: PNG Warning: iCCP: known incorrect sRGB profile
11-11 13:58:21.128 22496  5349 D UE4     : [2021.11.11-12.58.21:128][  0]LogImageWrapper: Warning: PNG Warning: iCCP: known incorrect sRGB profile
11-11 13:58:21.128 22496  5349 D UE4     : [2021.11.11-12.58.21:128][  0]LogImageWrapper: Warning: PNG Warning: iCCP: known incorrect sRGB profile
11-11 13:58:21.128 22496  5348 D UE4     : [2021.11.11-12.58.21:128][  0]LogImageWrapper: Warning: PNG Warning: iCCP: known incorrect sRGB profile
11-11 13:58:21.128 22496  5348 D UE4     : [2021.11.11-12.58.21:128][  0]LogImageWrapper: Warning: PNG Warning: iCCP: known incorrect sRGB profile
11-11 13:58:21.129 22496  5343 D UE4     : [2021.11.11-12.58.21:129][  0]LogImageWrapper: Warning: PNG Warning: iCCP: known incorrect sRGB profile
11-11 13:58:21.129 22496  5343 D UE4     : [2021.11.11-12.58.21:129][  0]LogImageWrapper: Warning: PNG Warning: iCCP: known incorrect sRGB profile
11-11 13:58:21.129 22496  5350 D UE4     : [2021.11.11-12.58.21:129][  0]LogImageWrapper: Warning: PNG Warning: iCCP: known incorrect sRGB profile
11-11 13:58:21.129 22496  5350 D UE4     : [2021.11.11-12.58.21:129][  0]LogImageWrapper: Warning: PNG Warning: iCCP: known incorrect sRGB profile
11-11 13:58:21.130 22496  5316 D UE4     : [2021.11.11-12.58.21:130][  0]LogImageWrapper: Warning: PNG Warning: iCCP: known incorrect sRGB profile
11-11 13:58:21.130 22496  5316 D UE4     : [2021.11.11-12.58.21:130][  0]LogImageWrapper: Warning: PNG Warning: iCCP: known incorrect sRGB profile
11-11 13:58:21.130 22496  5348 D UE4     : [2021.11.11-12.58.21:130][  0]LogImageWrapper: Warning: PNG Warning: iCCP: known incorrect sRGB profile
11-11 13:58:21.130 22496  5348 D UE4     : [2021.11.11-12.58.21:130][  0]LogImageWrapper: Warning: PNG Warning: iCCP: known incorrect sRGB profile
11-11 13:58:21.131 22496  5343 D UE4     : [2021.11.11-12.58.21:131][  0]LogImageWrapper: Warning: PNG Warning: iCCP: known incorrect sRGB profile
11-11 13:58:21.131 22496  5343 D UE4     : [2021.11.11-12.58.21:131][  0]LogImageWrapper: Warning: PNG Warning: iCCP: cHRM chunk does not match sRGB
11-11 13:58:21.131 22496  5343 D UE4     : [2021.11.11-12.58.21:131][  0]LogImageWrapper: Warning: PNG Warning: iCCP: known incorrect sRGB profile
11-11 13:58:21.131 22496  5343 D UE4     : [2021.11.11-12.58.21:131][  0]LogImageWrapper: Warning: PNG Warning: iCCP: cHRM chunk does not match sRGB
11-11 13:58:21.131 22496  5348 D UE4     : [2021.11.11-12.58.21:131][  0]LogImageWrapper: Warning: PNG Warning: iCCP: known incorrect sRGB profile
11-11 13:58:21.131 22496  5348 D UE4     : [2021.11.11-12.58.21:131][  0]LogImageWrapper: Warning: PNG Warning: iCCP: known incorrect sRGB profile
11-11 13:58:21.132 22496  5350 D UE4     : [2021.11.11-12.58.21:132][  0]LogImageWrapper: Warning: PNG Warning: iCCP: known incorrect sRGB profile
11-11 13:58:21.132 22496  5350 D UE4     : [2021.11.11-12.58.21:132][  0]LogImageWrapper: Warning: PNG Warning: iCCP: cHRM chunk does not match sRGB
11-11 13:58:21.132 22496  5349 D UE4     : [2021.11.11-12.58.21:132][  0]LogImageWrapper: Warning: PNG Warning: iCCP: known incorrect sRGB profile
11-11 13:58:21.132 22496  5349 D UE4     : [2021.11.11-12.58.21:132][  0]LogImageWrapper: Warning: PNG Warning: iCCP: known incorrect sRGB profile
11-11 13:58:21.132 22496  5350 D UE4     : [2021.11.11-12.58.21:132][  0]LogImageWrapper: Warning: PNG Warning: iCCP: known incorrect sRGB profile
11-11 13:58:21.132 22496  5350 D UE4     : [2021.11.11-12.58.21:132][  0]LogImageWrapper: Warning: PNG Warning: iCCP: cHRM chunk does not match sRGB
11-11 13:58:21.133 22496  5349 D UE4     : [2021.11.11-12.58.21:133][  0]LogImageWrapper: Warning: PNG Warning: iCCP: known incorrect sRGB profile
11-11 13:58:21.133 22496  5349 D UE4     : [2021.11.11-12.58.21:133][  0]LogImageWrapper: Warning: PNG Warning: iCCP: known incorrect sRGB profile
11-11 13:58:21.134 22496  5349 D UE4     : [2021.11.11-12.58.21:134][  0]LogImageWrapper: Warning: PNG Warning: iCCP: known incorrect sRGB profile
11-11 13:58:21.134 22496  5349 D UE4     : [2021.11.11-12.58.21:134][  0]LogImageWrapper: Warning: PNG Warning: iCCP: known incorrect sRGB profile
11-11 13:58:21.135 22496  5350 D UE4     : [2021.11.11-12.58.21:135][  0]LogImageWrapper: Warning: PNG Warning: iCCP: known incorrect sRGB profile
11-11 13:58:21.135 22496  5350 D UE4     : [2021.11.11-12.58.21:135][  0]LogImageWrapper: Warning: PNG Warning: iCCP: known incorrect sRGB profile
11-11 13:58:21.135 22496  5316 D UE4     : [2021.11.11-12.58.21:135][  0]LogImageWrapper: Warning: PNG Warning: iCCP: known incorrect sRGB profile
11-11 13:58:21.135 22496  5316 D UE4     : [2021.11.11-12.58.21:135][  0]LogImageWrapper: Warning: PNG Warning: iCCP: known incorrect sRGB profile
11-11 13:58:21.136 22496  5349 D UE4     : [2021.11.11-12.58.21:136][  0]LogImageWrapper: Warning: PNG Warning: iCCP: known incorrect sRGB profile
11-11 13:58:21.136 22496  5349 D UE4     : [2021.11.11-12.58.21:136][  0]LogImageWrapper: Warning: PNG Warning: iCCP: known incorrect sRGB profile
11-11 13:58:21.136 22496  5350 D UE4     : [2021.11.11-12.58.21:136][  0]LogImageWrapper: Warning: PNG Warning: iCCP: known incorrect sRGB profile
11-11 13:58:21.137 22496  5350 D UE4     : [2021.11.11-12.58.21:137][  0]LogImageWrapper: Warning: PNG Warning: iCCP: known incorrect sRGB profile
11-11 13:58:21.137 22496  5316 D UE4     : [2021.11.11-12.58.21:137][  0]LogImageWrapper: Warning: PNG Warning: iCCP: known incorrect sRGB profile
11-11 13:58:21.137 22496  5316 D UE4     : [2021.11.11-12.58.21:137][  0]LogImageWrapper: Warning: PNG Warning: iCCP: known incorrect sRGB profile
11-11 13:58:21.138 22496  5348 D UE4     : [2021.11.11-12.58.21:138][  0]LogImageWrapper: Warning: PNG Warning: iCCP: known incorrect sRGB profile
11-11 13:58:21.138 22496  5348 D UE4     : [2021.11.11-12.58.21:138][  0]LogImageWrapper: Warning: PNG Warning: iCCP: known incorrect sRGB profile
11-11 13:58:21.138 22496  5350 D UE4     : [2021.11.11-12.58.21:138][  0]LogImageWrapper: Warning: PNG Warning: iCCP: known incorrect sRGB profile
11-11 13:58:21.139 22496  5350 D UE4     : [2021.11.11-12.58.21:139][  0]LogImageWrapper: Warning: PNG Warning: iCCP: known incorrect sRGB profile
11-11 13:58:21.139 22496  5316 D UE4     : [2021.11.11-12.58.21:139][  0]LogImageWrapper: Warning: PNG Warning: iCCP: known incorrect sRGB profile
11-11 13:58:21.139 22496  5316 D UE4     : [2021.11.11-12.58.21:139][  0]LogImageWrapper: Warning: PNG Warning: iCCP: known incorrect sRGB profile
11-11 13:58:21.139 22496  5349 D UE4     : [2021.11.11-12.58.21:139][  0]LogImageWrapper: Warning: PNG Warning: iCCP: known incorrect sRGB profile
11-11 13:58:21.139 22496  5349 D UE4     : [2021.11.11-12.58.21:139][  0]LogImageWrapper: Warning: PNG Warning: iCCP: known incorrect sRGB profile
11-11 13:58:21.140 22496  5343 D UE4     : [2021.11.11-12.58.21:140][  0]LogImageWrapper: Warning: PNG Warning: iCCP: known incorrect sRGB profile
11-11 13:58:21.140 22496  5343 D UE4     : [2021.11.11-12.58.21:140][  0]LogImageWrapper: Warning: PNG Warning: iCCP: known incorrect sRGB profile
11-11 13:58:21.140 22496  5348 D UE4     : [2021.11.11-12.58.21:140][  0]LogImageWrapper: Warning: PNG Warning: iCCP: known incorrect sRGB profile
11-11 13:58:21.140 22496  5348 D UE4     : [2021.11.11-12.58.21:140][  0]LogImageWrapper: Warning: PNG Warning: iCCP: known incorrect sRGB profile
11-11 13:58:21.141 22496  5350 D UE4     : [2021.11.11-12.58.21:141][  0]LogImageWrapper: Warning: PNG Warning: iCCP: known incorrect sRGB profile
11-11 13:58:21.141 22496  5350 D UE4     : [2021.11.11-12.58.21:141][  0]LogImageWrapper: Warning: PNG Warning: iCCP: known incorrect sRGB profile
11-11 13:58:21.141 22496  5316 D UE4     : [2021.11.11-12.58.21:141][  0]LogImageWrapper: Warning: PNG Warning: iCCP: known incorrect sRGB profile
11-11 13:58:21.141 22496  5316 D UE4     : [2021.11.11-12.58.21:141][  0]LogImageWrapper: Warning: PNG Warning: iCCP: known incorrect sRGB profile
11-11 13:58:21.142 22496  5343 D UE4     : [2021.11.11-12.58.21:142][  0]LogImageWrapper: Warning: PNG Warning: iCCP: known incorrect sRGB profile
11-11 13:58:21.142 22496  5343 D UE4     : [2021.11.11-12.58.21:142][  0]LogImageWrapper: Warning: PNG Warning: iCCP: known incorrect sRGB profile
11-11 13:58:21.143 22496  5350 D UE4     : [2021.11.11-12.58.21:142][  0]LogImageWrapper: Warning: PNG Warning: iCCP: known incorrect sRGB profile
11-11 13:58:21.143 22496  5350 D UE4     : [2021.11.11-12.58.21:143][  0]LogImageWrapper: Warning: PNG Warning: iCCP: known incorrect sRGB profile
11-11 13:58:21.143 22496  5348 D UE4     : [2021.11.11-12.58.21:143][  0]LogImageWrapper: Warning: PNG Warning: iCCP: known incorrect sRGB profile
11-11 13:58:21.143 22496  5348 D UE4     : [2021.11.11-12.58.21:143][  0]LogImageWrapper: Warning: PNG Warning: iCCP: known incorrect sRGB profile
11-11 13:58:21.144 22496  5349 D UE4     : [2021.11.11-12.58.21:144][  0]LogImageWrapper: Warning: PNG Warning: iCCP: known incorrect sRGB profile
11-11 13:58:21.144 22496  5349 D UE4     : [2021.11.11-12.58.21:144][  0]LogImageWrapper: Warning: PNG Warning: iCCP: known incorrect sRGB profile
11-11 13:58:21.144 22496  5316 D UE4     : [2021.11.11-12.58.21:144][  0]LogImageWrapper: Warning: PNG Warning: iCCP: known incorrect sRGB profile
11-11 13:58:21.144 22496  5316 D UE4     : [2021.11.11-12.58.21:144][  0]LogImageWrapper: Warning: PNG Warning: iCCP: known incorrect sRGB profile
11-11 13:58:21.145 22496  5349 D UE4     : [2021.11.11-12.58.21:145][  0]LogImageWrapper: Warning: PNG Warning: iCCP: known incorrect sRGB profile
11-11 13:58:21.145 22496  5349 D UE4     : [2021.11.11-12.58.21:145][  0]LogImageWrapper: Warning: PNG Warning: iCCP: known incorrect sRGB profile
11-11 13:58:21.145 22496  5348 D UE4     : [2021.11.11-12.58.21:145][  0]LogImageWrapper: Warning: PNG Warning: iCCP: known incorrect sRGB profile
11-11 13:58:21.145 22496  5348 D UE4     : [2021.11.11-12.58.21:145][  0]LogImageWrapper: Warning: PNG Warning: iCCP: known incorrect sRGB profile
11-11 13:58:21.146 22496  5343 D UE4     : [2021.11.11-12.58.21:146][  0]LogImageWrapper: Warning: PNG Warning: iCCP: known incorrect sRGB profile
11-11 13:58:21.146 22496  5343 D UE4     : [2021.11.11-12.58.21:146][  0]LogImageWrapper: Warning: PNG Warning: iCCP: known incorrect sRGB profile
11-11 13:58:21.146 22496  5316 D UE4     : [2021.11.11-12.58.21:146][  0]LogImageWrapper: Warning: PNG Warning: iCCP: known incorrect sRGB profile
11-11 13:58:21.147 22496  5343 D UE4     : [2021.11.11-12.58.21:147][  0]LogImageWrapper: Warning: PNG Warning: iCCP: known incorrect sRGB profile
11-11 13:58:21.147 22496  5343 D UE4     : [2021.11.11-12.58.21:147][  0]LogImageWrapper: Warning: PNG Warning: iCCP: known incorrect sRGB profile
11-11 13:58:21.147 22496  5348 D UE4     : [2021.11.11-12.58.21:147][  0]LogImageWrapper: Warning: PNG Warning: iCCP: known incorrect sRGB profile
11-11 13:58:21.147 22496  5348 D UE4     : [2021.11.11-12.58.21:147][  0]LogImageWrapper: Warning: PNG Warning: iCCP: known incorrect sRGB profile
11-11 13:58:21.148 22496  5343 D UE4     : [2021.11.11-12.58.21:148][  0]LogImageWrapper: Warning: PNG Warning: iCCP: known incorrect sRGB profile
11-11 13:58:21.148 22496  5343 D UE4     : [2021.11.11-12.58.21:148][  0]LogImageWrapper: Warning: PNG Warning: iCCP: known incorrect sRGB profile
11-11 13:58:21.148 22496  5316 D UE4     : [2021.11.11-12.58.21:148][  0]LogImageWrapper: Warning: PNG Warning: iCCP: known incorrect sRGB profile
11-11 13:58:21.148 22496  5348 D UE4     : [2021.11.11-12.58.21:148][  0]LogImageWrapper: Warning: PNG Warning: iCCP: known incorrect sRGB profile
11-11 13:58:21.149 22496  5348 D UE4     : [2021.11.11-12.58.21:149][  0]LogImageWrapper: Warning: PNG Warning: iCCP: known incorrect sRGB profile
11-11 13:58:21.149 22496  5349 D UE4     : [2021.11.11-12.58.21:149][  0]LogImageWrapper: Warning: PNG Warning: iCCP: known incorrect sRGB profile
11-11 13:58:21.149 22496  5349 D UE4     : [2021.11.11-12.58.21:149][  0]LogImageWrapper: Warning: PNG Warning: iCCP: known incorrect sRGB profile
11-11 13:58:21.150 22496  5350 D UE4     : [2021.11.11-12.58.21:150][  0]LogImageWrapper: Warning: PNG Warning: iCCP: known incorrect sRGB profile
11-11 13:58:21.150 22496  5350 D UE4     : [2021.11.11-12.58.21:150][  0]LogImageWrapper: Warning: PNG Warning: iCCP: cHRM chunk does not match sRGB
11-11 13:58:21.150 22496  5350 D UE4     : [2021.11.11-12.58.21:150][  0]LogImageWrapper: Warning: PNG Warning: iCCP: known incorrect sRGB profile
11-11 13:58:21.150 22496  5350 D UE4     : [2021.11.11-12.58.21:150][  0]LogImageWrapper: Warning: PNG Warning: iCCP: cHRM chunk does not match sRGB
11-11 13:58:21.150 22496  5343 D UE4     : [2021.11.11-12.58.21:150][  0]LogImageWrapper: Warning: PNG Warning: iCCP: known incorrect sRGB profile
11-11 13:58:21.150 22496  5348 D UE4     : [2021.11.11-12.58.21:150][  0]LogImageWrapper: Warning: PNG Warning: iCCP: known incorrect sRGB profile
11-11 13:58:21.150 22496  5348 D UE4     : [2021.11.11-12.58.21:150][  0]LogImageWrapper: Warning: PNG Warning: iCCP: cHRM chunk does not match sRGB
11-11 13:58:21.150 22496  5348 D UE4     : [2021.11.11-12.58.21:150][  0]LogImageWrapper: Warning: PNG Warning: iCCP: known incorrect sRGB profile
11-11 13:58:21.150 22496  5348 D UE4     : [2021.11.11-12.58.21:150][  0]LogImageWrapper: Warning: PNG Warning: iCCP: cHRM chunk does not match sRGB
11-11 13:58:21.151 22496  5316 D UE4     : [2021.11.11-12.58.21:151][  0]LogImageWrapper: Warning: PNG Warning: iCCP: known incorrect sRGB profile
11-11 13:58:21.151 22496  5316 D UE4     : [2021.11.11-12.58.21:151][  0]LogImageWrapper: Warning: PNG Warning: iCCP: known incorrect sRGB profile
11-11 13:58:21.151 22496  5343 D UE4     : [2021.11.11-12.58.21:151][  0]LogImageWrapper: Warning: PNG Warning: iCCP: known incorrect sRGB profile
11-11 13:58:21.151 22496  5349 D UE4     : [2021.11.11-12.58.21:151][  0]LogImageWrapper: Warning: PNG Warning: iCCP: known incorrect sRGB profile
11-11 13:58:21.151 22496  5349 D UE4     : [2021.11.11-12.58.21:151][  0]LogImageWrapper: Warning: PNG Warning: iCCP: cHRM chunk does not match sRGB
11-11 13:58:21.152 22496  5349 D UE4     : [2021.11.11-12.58.21:152][  0]LogImageWrapper: Warning: PNG Warning: iCCP: known incorrect sRGB profile
11-11 13:58:21.152 22496  5349 D UE4     : [2021.11.11-12.58.21:152][  0]LogImageWrapper: Warning: PNG Warning: iCCP: cHRM chunk does not match sRGB
11-11 13:58:21.152 22496  5348 D UE4     : [2021.11.11-12.58.21:152][  0]LogImageWrapper: Warning: PNG Warning: iCCP: known incorrect sRGB profile
11-11 13:58:21.152 22496  5348 D UE4     : [2021.11.11-12.58.21:152][  0]LogImageWrapper: Warning: PNG Warning: iCCP: cHRM chunk does not match sRGB
11-11 13:58:21.152 22496  5348 D UE4     : [2021.11.11-12.58.21:152][  0]LogImageWrapper: Warning: PNG Warning: iCCP: known incorrect sRGB profile
11-11 13:58:21.152 22496  5348 D UE4     : [2021.11.11-12.58.21:152][  0]LogImageWrapper: Warning: PNG Warning: iCCP: cHRM chunk does not match sRGB
11-11 13:58:21.153 22496  5316 D UE4     : [2021.11.11-12.58.21:153][  0]LogImageWrapper: Warning: PNG Warning: iCCP: known incorrect sRGB profile
11-11 13:58:21.153 22496  5316 D UE4     : [2021.11.11-12.58.21:153][  0]LogImageWrapper: Warning: PNG Warning: iCCP: cHRM chunk does not match sRGB
11-11 13:58:21.153 22496  5350 D UE4     : [2021.11.11-12.58.21:153][  0]LogImageWrapper: Warning: PNG Warning: iCCP: known incorrect sRGB profile
11-11 13:58:21.153 22496  5350 D UE4     : [2021.11.11-12.58.21:153][  0]LogImageWrapper: Warning: PNG Warning: iCCP: cHRM chunk does not match sRGB
11-11 13:58:21.153 22496  5350 D UE4     : [2021.11.11-12.58.21:153][  0]LogImageWrapper: Warning: PNG Warning: iCCP: known incorrect sRGB profile
11-11 13:58:21.153 22496  5350 D UE4     : [2021.11.11-12.58.21:153][  0]LogImageWrapper: Warning: PNG Warning: iCCP: cHRM chunk does not match sRGB
11-11 13:58:21.153 22496  5316 D UE4     : [2021.11.11-12.58.21:153][  0]LogImageWrapper: Warning: PNG Warning: iCCP: known incorrect sRGB profile
11-11 13:58:21.154 22496  5316 D UE4     : [2021.11.11-12.58.21:154][  0]LogImageWrapper: Warning: PNG Warning: iCCP: cHRM chunk does not match sRGB
11-11 13:58:21.154 22496  5343 D UE4     : [2021.11.11-12.58.21:154][  0]LogImageWrapper: Warning: PNG Warning: iCCP: known incorrect sRGB profile
11-11 13:58:21.154 22496  5343 D UE4     : [2021.11.11-12.58.21:154][  0]LogImageWrapper: Warning: PNG Warning: iCCP: known incorrect sRGB profile
11-11 13:58:21.155 22496  5348 D UE4     : [2021.11.11-12.58.21:155][  0]LogImageWrapper: Warning: PNG Warning: iCCP: known incorrect sRGB profile
11-11 13:58:21.155 22496  5348 D UE4     : [2021.11.11-12.58.21:155][  0]LogImageWrapper: Warning: PNG Warning: iCCP: known incorrect sRGB profile
11-11 13:58:21.155 22496  5343 D UE4     : [2021.11.11-12.58.21:155][  0]LogImageWrapper: Warning: PNG Warning: iCCP: known incorrect sRGB profile
11-11 13:58:21.156 22496  5343 D UE4     : [2021.11.11-12.58.21:156][  0]LogImageWrapper: Warning: PNG Warning: iCCP: known incorrect sRGB profile
11-11 13:58:21.157 22496  5349 D UE4     : [2021.11.11-12.58.21:157][  0]LogImageWrapper: Warning: PNG Warning: iCCP: known incorrect sRGB profile
11-11 13:58:21.157 22496  5349 D UE4     : [2021.11.11-12.58.21:157][  0]LogImageWrapper: Warning: PNG Warning: iCCP: known incorrect sRGB profile
11-11 13:58:21.158 22496  5343 D UE4     : [2021.11.11-12.58.21:158][  0]LogImageWrapper: Warning: PNG Warning: iCCP: known incorrect sRGB profile
11-11 13:58:21.158 22496  5343 D UE4     : [2021.11.11-12.58.21:158][  0]LogImageWrapper: Warning: PNG Warning: iCCP: known incorrect sRGB profile
11-11 13:58:21.159 22496  5316 D UE4     : [2021.11.11-12.58.21:159][  0]LogImageWrapper: Warning: PNG Warning: iCCP: known incorrect sRGB profile
11-11 13:58:21.159 22496  5316 D UE4     : [2021.11.11-12.58.21:159][  0]LogImageWrapper: Warning: PNG Warning: iCCP: known incorrect sRGB profile
11-11 13:58:21.160 22496  5350 D UE4     : [2021.11.11-12.58.21:160][  0]LogImageWrapper: Warning: PNG Warning: iCCP: known incorrect sRGB profile
11-11 13:58:21.161 22496  5350 D UE4     : [2021.11.11-12.58.21:161][  0]LogImageWrapper: Warning: PNG Warning: iCCP: known incorrect sRGB profile
11-11 13:58:21.161 22496  5343 D UE4     : [2021.11.11-12.58.21:161][  0]LogImageWrapper: Warning: PNG Warning: iCCP: known incorrect sRGB profile
11-11 13:58:21.161 22496  5343 D UE4     : [2021.11.11-12.58.21:161][  0]LogImageWrapper: Warning: PNG Warning: iCCP: known incorrect sRGB profile
11-11 13:58:21.161 22496  5348 D UE4     : [2021.11.11-12.58.21:161][  0]LogImageWrapper: Warning: PNG Warning: iCCP: known incorrect sRGB profile
11-11 13:58:21.161 22496  5348 D UE4     : [2021.11.11-12.58.21:161][  0]LogImageWrapper: Warning: PNG Warning: iCCP: known incorrect sRGB profile
11-11 13:58:21.161 22496  5316 D UE4     : [2021.11.11-12.58.21:161][  0]LogImageWrapper: Warning: PNG Warning: iCCP: known incorrect sRGB profile
11-11 13:58:21.162 22496  5316 D UE4     : [2021.11.11-12.58.21:162][  0]LogImageWrapper: Warning: PNG Warning: iCCP: known incorrect sRGB profile
11-11 13:58:21.191 22496  5316 D UE4     : [2021.11.11-12.58.21:191][  0]LogShaderLibrary: Display: Using ../../../MyTestProject/Content/ShaderArchive-MyTestProject-GLSL_ES3_1_ANDROID.ushaderbytecode for material shader code. Total 1683 unique shaders.
11-11 13:58:21.191 22496  5316 D UE4     : [2021.11.11-12.58.21:191][  0]LogShaderLibrary: Display: Cooked Context: Using Shared Shader Library MyTestProject
11-11 13:58:21.194 22496  5316 D UE4     : [2021.11.11-12.58.21:194][  0]LogShaderLibrary: Display: Logical shader library 'MyTestProject' has been created, components 1
11-11 13:58:21.194 22496  5316 D UE4     : [2021.11.11-12.58.21:194][  0]LogRHI: Display: Opened pipeline cache after state change and enqueued -1240251992 of 0 tasks for precompile.
11-11 13:58:21.194 22496  5316 D UE4     : [2021.11.11-12.58.21:194][  0]LogRHI: Display: Failed to open default shader pipeline cache for MyTestProject using shader platform 24.
11-11 13:58:21.195 22496  5316 D UE4     : [2021.11.11-12.58.21:195][  0]LogInit: Using OS detected language (sv-SE).
11-11 13:58:21.195 22496  5316 D UE4     : [2021.11.11-12.58.21:195][  0]LogInit: Using OS detected locale (sv-SE).
11-11 13:58:21.195 22496  5316 D UE4     : [2021.11.11-12.58.21:195][  0]LogTextLocalizationManager: No localization for 'sv-SE' exists, so 'en' will be used for the language.
11-11 13:58:21.195 22496  5316 D UE4     : [2021.11.11-12.58.21:195][  0]LogTextLocalizationManager: No localization for 'sv-SE' exists, so 'en' will be used for the locale.
11-11 13:58:21.196 22496  5337 D UE4     : [2021.11.11-12.58.21:196][  0]LogTextLocalizationManager: Compacting localization data took   0.05ms
11-11 13:58:21.201 22496  5316 D UE4     : [2021.11.11-12.58.21:201][  0]LogAssetRegistry: FAssetRegistry took 0.0044 seconds to start up
11-11 13:58:21.255 22496  5387 D UE4     : [2021.11.11-12.58.21:255][  0]LogRHI: AndroidEGL:SwapBuffers eglGetCompositorTimingANDROID EGL_COMPOSITE_DEADLINE_ANDROID=2481763841210, EGL_COMPOSITE_INTERVAL_ANDROID=11112040, EGL_COMPOSITE_TO_PRESENT_LATENCY_ANDROID=15112040
11-11 13:58:21.256 22496  5387 D UE4     : [2021.11.11-12.58.21:256][  0]LogRHI: JNI Display getRefreshRate=60.000000
11-11 13:58:21.256 22496  5387 D UE4     : [2021.11.11-12.58.21:256][  0]LogRHI: Final display timing metrics: DriverRefreshRate=89.9925  DriverRefreshNanos=11112040
11-11 13:58:21.256 22496  5387 D UE4     : [2021.11.11-12.58.21:256][  0]LogRHI: AndroidEGL:SwapBuffers Min=0, Max=1, Request=1, ClosestDriver=1, SetDriver=1
11-11 13:58:21.256 22496  5387 D UE4     : [2021.11.11-12.58.21:256][  0]LogRHI: Called eglSwapInterval 1
11-11 13:58:21.258   958   958 W 272_see : type=1400 audit(0.0:19036): avc: denied { read } for name="u:object_r:default_prop:s0" dev="tmpfs" ino=10315 scontext=u:r:hal_sensors_default:s0 tcontext=u:object_r:default_prop:s0 tclass=file permissive=0
11-11 13:58:21.264   958  4384 E libc    : Access denied finding property "ro.product.system.name"
11-11 13:58:21.264   958  4384 E sensors-hal: get_gsi_image_flag:253, product system name : qssi
11-11 13:58:21.264   958  4384 E sensors-hal: handle_sns_client_event:66, device_orient_event: ts=2767319842012, type=4
11-11 13:58:21.264   958  4384 E sensors-hal: handle_sns_client_event:67, device_orient_event: hal scalar type =4.000000
11-11 13:58:21.287   981  3976 W SDM     : HDRIntfClient::GenerateLuts: Unsupported LUT type = 4 for game layer
11-11 13:58:21.291   981  1537 I Dpps    : DppsServer::HandleDppsClientEvent():1165 Incoming message on client fd 55: 'Ltm:ConstantAls:Primary:0'
11-11 13:58:21.380 22496  5316 D UE4     : [2021.11.11-12.58.21:380][  0]LogStreaming: Display: FlushAsyncLoading: 1 QueuedPackages, 0 AsyncPackages
11-11 13:58:21.380 22496  5316 D UE4     : [2021.11.11-12.58.21:380][  0]LogPackageLocalizationCache: Processed 25 localized package path(s) for 1 prioritized culture(s) in 0.000153 seconds
11-11 13:58:21.402 22496  5316 D UE4     : [2021.11.11-12.58.21:402][  0]LogSerialization: Display: AllowBulkDataInIoStore: 'true'
11-11 13:58:21.405 22496  5316 D UE4     : [2021.11.11-12.58.21:405][  0]LogInit: Active device profile: [0xd60e8d00][0xcb7c1a70 49] Android_Adreno6xx
11-11 13:58:21.405 22496  5316 D UE4     : [2021.11.11-12.58.21:405][  0]LogInit: Profiles: [0xd60e8a00][0x16a0000 49] Android, [0xd60e8900][0x16a1550 49] Android_High, [0xd60e8d00][0xcb7c1a70 49] Android_Adreno6xx, 
11-11 13:58:21.436 22496  5316 D UE4     : [2021.11.11-12.58.21:436][  0]LogNetVersion: MyTestProject 1.0.0, NetCL: 17155196, EngineNetVer: 17, GameNetVer: 0 (Checksum: 347308657)
11-11 13:58:21.450  1201  1201 E adbd    : failed to connect to socket 'tcp:6666': Connection refused
11-11 13:58:21.571 22496  5316 D UE4     : [2021.11.11-12.58.21:571][  0]LogAudioCaptureCore: Display: No Audio Capture implementations found. Audio input will be silent.
11-11 13:58:21.572 22496  5316 D UE4     : [2021.11.11-12.58.21:572][  0]LogAudioCaptureCore: Display: No Audio Capture implementations found. Audio input will be silent.
11-11 13:58:21.575 22496  5316 D UE4     : [2021.11.11-12.58.21:575][  0]LogHMD: PokeAHoleMaterial loaded successfully
11-11 13:58:21.663  1015  1650 D AudioFlinger: acquireWakeLock_l() count:1
11-11 13:58:21.663  1015  1726 D AudioFlinger: acquireWakeLock_l() count:1
11-11 13:58:21.663  1015  1645 D AudioFlinger: acquireWakeLock_l() count:1
11-11 13:58:21.663  1015  1707 D AudioFlinger: acquireWakeLock_l() count:1
11-11 13:58:21.664  1015  1726 D AudioFlinger: acquireWakeLock_l() AudioOut_4D status 0
11-11 13:58:21.664  1015  1726 D AudioFlinger: acquireWakeLock_l() binder:0xb40000758abeed90
11-11 13:58:21.664  1015  1650 D AudioFlinger: acquireWakeLock_l() AudioOut_1D status 0
11-11 13:58:21.664  1015  1650 D AudioFlinger: acquireWakeLock_l() binder:0xb40000758abf0390
11-11 13:58:21.664  1015  1645 D AudioFlinger: acquireWakeLock_l() AudioOut_D status 0
11-11 13:58:21.664  1015  1645 D AudioFlinger: acquireWakeLock_l() binder:0xb40000758abef810
11-11 13:58:21.664  1015  1707 D AudioFlinger: acquireWakeLock_l() AudioOut_3D status 0
11-11 13:58:21.664  1015  1707 D AudioFlinger: acquireWakeLock_l() binder:0xb40000758abeda10
11-11 13:58:21.666  1752  3225 I system_server: oneway function results will be dropped but finished with status OK and parcel size 4
11-11 13:58:21.668 22496  5316 D UE4     : [2021.11.11-12.58.21:668][  0]LogMoviePlayer: Initializing movie player
11-11 13:58:21.668  1752  3225 I system_server: oneway function results will be dropped but finished with status OK and parcel size 4
11-11 13:58:21.669 22496  5316 D UE4     : [2021.11.11-12.58.21:669][  0]LogNiagaraDebuggerClient: Niagara Debugger Client Initialized | Session: C99D3AA14EF68BB78A729AB97395AB63 | Instance: B4FA757CCB564EA3BE6C80803D157D76 (AC2003-22496).
11-11 13:58:21.671  1752  3225 I system_server: oneway function results will be dropped but finished with status OK and parcel size 4
11-11 13:58:21.671 22496  5316 D UE4     : [2021.11.11-12.58.21:671][  0]LogTcpMessaging: Initializing TcpMessaging bridge, listening on 127.0.0.1:6666
11-11 13:58:21.673  1752  3225 I system_server: oneway function results will be dropped but finished with status OK and parcel size 4
11-11 13:58:21.674  1752  3225 I chatty  : uid=1000(system) Binder:1752_10 identical 3 lines
11-11 13:58:21.674  1752  3225 I system_server: oneway function results will be dropped but finished with status OK and parcel size 4
11-11 13:58:21.722   990  1051 I vendor.qti.hardware.servicetracker@1.2-service: bindService is called for service : com.google.android.gms/.ipa.base.IpaGcmTaskService and for client com.google.android.gms.persistent
11-11 13:58:21.722   990  1051 I vendor.qti.hardware.servicetracker@1.2-service: total connections for service : com.google.android.gms/.ipa.base.IpaGcmTaskServiceare :1
11-11 13:58:21.722   990  1051 I vendor.qti.hardware.servicetracker@1.2-service: total connections for client : com.google.android.gms.persistentare :7
11-11 13:58:21.723   990  1051 I vendor.qti.hardware.servicetracker@1.2-service: startService() is called for servicecom.google.android.gms/.ipa.base.IpaGcmTaskService
11-11 13:58:21.728  3476 32001 I NetworkScheduler.Stats: Task com.google.android.gms/com.google.android.gms.ipa.base.IpaGcmTaskService started execution. cause:9 exec_start_elapsed_seconds: 2767 [CONTEXT service_id=218 ]
11-11 13:58:21.742   990  1051 I vendor.qti.hardware.servicetracker@1.2-service: unbindService is called for service : com.google.android.gms/.ipa.base.IpaGcmTaskService and for client com.google.android.gms.persistent
11-11 13:58:21.742   990  1051 I vendor.qti.hardware.servicetracker@1.2-service: size of service connections for service: com.google.android.gms/.ipa.base.IpaGcmTaskServiceafter removal is 0
11-11 13:58:21.742   990  1051 I vendor.qti.hardware.servicetracker@1.2-service: size of client connections for client: com.google.android.gms.persistentafter removal is 6
11-11 13:58:21.743   990  1051 I vendor.qti.hardware.servicetracker@1.2-service: destroyService is called for service : com.google.android.gms/.ipa.base.IpaGcmTaskService
11-11 13:58:21.745  3476 28300 I NetworkScheduler.Stats: Task com.google.android.gms/com.google.android.gms.ipa.base.IpaGcmTaskService finished executing. cause:9 result: 1 elapsed_millis: 35 uptime_millis: 35 exec_start_elapsed_seconds: 2767 [CONTEXT service_id=218 ]
11-11 13:58:21.772 22496  5316 D UE4     : [2021.11.11-12.58.21:772][  0]LogUdpMessaging: Initializing bridge on interface 0.0.0.0:0 to multicast group 230.0.0.1:6666.
11-11 13:58:21.776 22496  5316 D UE4     : [2021.11.11-12.58.21:776][  0]LogAndroidPermission: UAndroidPermissionCallbackProxy::GetInstance
11-11 13:58:21.776 22496  5316 D UE4     : [2021.11.11-12.58.21:776][  0]LogGooglePAD: Display: GooglePAD disabled.
11-11 13:58:21.776 22496  5316 D UE4     : [2021.11.11-12.58.21:776][  0]LogOcInput: OculusInput pre-init called
11-11 13:58:21.787 22496  5316 D UE4     : [2021.11.11-12.58.21:787][  0]LogUObjectArray: 15400 objects as part of root set at end of initial load.
11-11 13:58:21.787 22496  5316 D UE4     : [2021.11.11-12.58.21:787][  0]LogUObjectArray: 2 objects are not in the root set, but can never be destroyed because they are in the DisregardForGC set.
11-11 13:58:21.787 22496  5316 D UE4     : [2021.11.11-12.58.21:787][  0]LogUObjectAllocator: 2192560 out of 0 bytes used by permanent object pool.
11-11 13:58:21.787 22496  5316 D UE4     : [2021.11.11-12.58.21:787][  0]LogUObjectArray: CloseDisregardForGC: 15400/15400 objects in disregard for GC pool
11-11 13:58:21.794   990  1051 I vendor.qti.hardware.servicetracker@1.2-service: bindService is called for service : com.google.android.gms/.ipa.base.IpaGcmTaskService and for client com.google.android.gms.persistent
11-11 13:58:21.794   990  1051 I vendor.qti.hardware.servicetracker@1.2-service: total connections for service : com.google.android.gms/.ipa.base.IpaGcmTaskServiceare :1
11-11 13:58:21.794   990  1051 I vendor.qti.hardware.servicetracker@1.2-service: total connections for client : com.google.android.gms.persistentare :7
11-11 13:58:21.795   990  1051 I vendor.qti.hardware.servicetracker@1.2-service: startService() is called for servicecom.google.android.gms/.ipa.base.IpaGcmTaskService
11-11 13:58:21.798 22496  5316 D UE4     : [2021.11.11-12.58.21:798][  0]LogAndroid: Display: Passed PreInit()
11-11 13:58:21.798 22496  5316 D UE4     : [2021.11.11-12.58.21:798][  0]LogEngine: Initializing Engine...
11-11 13:58:21.799 22496  5316 D UE4     : [2021.11.11-12.58.21:799][  0]LogHMD: Failed to load openxr_loader.dll
11-11 13:58:21.799 22496  5316 D UE4     : [2021.11.11-12.58.21:799][  0]LogHMD: Failed to initialize core functions. Please check that you have a valid OpenXR runtime installed.
11-11 13:58:21.799 22496  5316 D UE4     : [2021.11.11-12.58.21:799][  0]LogGoogleARCoreTrackingSystem: Creating GoogleARCore Tracking System.
11-11 13:58:21.800 22496  5316 D UE4     : [2021.11.11-12.58.21:800][  0]LogStats: UGameplayTagsManager::InitializeManager -  0.001 s
11-11 13:58:21.801  3476  4597 I NetworkScheduler.Stats: Task com.google.android.gms/com.google.android.gms.ipa.base.IpaGcmTaskService started execution. cause:5 exec_start_elapsed_seconds: 2767 [CONTEXT service_id=218 ]
11-11 13:58:21.808   990  1051 I vendor.qti.hardware.servicetracker@1.2-service: unbindService is called for service : com.google.android.gms/.ipa.base.IpaGcmTaskService and for client com.google.android.gms.persistent
11-11 13:58:21.808   990  1051 I vendor.qti.hardware.servicetracker@1.2-service: size of service connections for service: com.google.android.gms/.ipa.base.IpaGcmTaskServiceafter removal is 0
11-11 13:58:21.808   990  1051 I vendor.qti.hardware.servicetracker@1.2-service: size of client connections for client: com.google.android.gms.persistentafter removal is 6
11-11 13:58:21.808  3476 32001 I NetworkScheduler.Stats: Task com.google.android.gms/com.google.android.gms.ipa.base.IpaGcmTaskService finished executing. cause:5 result: 1 elapsed_millis: 27 uptime_millis: 27 exec_start_elapsed_seconds: 2767 [CONTEXT service_id=218 ]
11-11 13:58:21.809   990  1051 I vendor.qti.hardware.servicetracker@1.2-service: destroyService is called for service : com.google.android.gms/.ipa.base.IpaGcmTaskService
11-11 13:58:21.841 22496  5316 D UE4     : [2021.11.11-12.58.21:841][  0]LogInit: Initializing FReadOnlyCVARCache
11-11 13:58:21.841 22496  5316 D UE4     : [2021.11.11-12.58.21:841][  0]LogAudio: Display: Initializing Audio Device Manager...
11-11 13:58:21.841 22496  5316 D UE4     : [2021.11.11-12.58.21:841][  0]LogAudio: Display: Loading Default Audio Settings Objects...
11-11 13:58:21.843 22496  5316 D UE4     : [2021.11.11-12.58.21:843][  0]LogAudio: Display: No default SoundConcurrencyObject specified (or failed to load).
11-11 13:58:21.843 22496  5316 D UE4     : [2021.11.11-12.58.21:843][  0]LogAudio: Display: Audio Device Manager Initialized
11-11 13:58:21.843 22496  5316 D UE4     : [2021.11.11-12.58.21:843][  0]LogAudio: Display: Creating Audio Device:                 Id: 1, Scope: Shared, Realtime: True
11-11 13:58:21.845 22496  5316 D UE4     : [GameActivity] [JAVA] audiomanager.framesPerBuffer = 192
11-11 13:58:21.845 22496  5316 D UE4     : [2021.11.11-12.58.21:845][  0]LogAudioMixer: Display: Audio Mixer Platform Settings:
11-11 13:58:21.845 22496  5316 D UE4     : [2021.11.11-12.58.21:845][  0]LogAudioMixer: Display: 	Sample Rate:						  48000
11-11 13:58:21.845 22496  5316 D UE4     : [2021.11.11-12.58.21:845][  0]LogAudioMixer: Display: 	Callback Buffer Frame Size Requested: 1152
11-11 13:58:21.845 22496  5316 D UE4     : [2021.11.11-12.58.21:845][  0]LogAudioMixer: Display: 	Callback Buffer Frame Size To Use:	  1152
11-11 13:58:21.845 22496  5316 D UE4     : [2021.11.11-12.58.21:845][  0]LogAudioMixer: Display: 	Number of buffers to queue:			  2
11-11 13:58:21.845 22496  5316 D UE4     : [2021.11.11-12.58.21:845][  0]LogAudioMixer: Display: 	Max Channels (voices):				  32
11-11 13:58:21.845 22496  5316 D UE4     : [2021.11.11-12.58.21:845][  0]LogAudioMixer: Display: 	Number of Async Source Workers:		  0
11-11 13:58:21.845 22496  5316 D UE4     : [2021.11.11-12.58.21:845][  0]LogAudio: Display: AudioDevice MaxSources: 32
11-11 13:58:21.846 22496  5316 D UE4     : [2021.11.11-12.58.21:846][  0]LogAudio: Display: Audio Spatialization Plugin: None (built-in).
11-11 13:58:21.846 22496  5316 D UE4     : [2021.11.11-12.58.21:846][  0]LogAudio: Display: Audio Reverb Plugin: None (built-in).
11-11 13:58:21.846 22496  5316 D UE4     : [2021.11.11-12.58.21:846][  0]LogAudio: Display: Audio Occlusion Plugin: None (built-in).
11-11 13:58:21.846 22496  5316 D UE4     : [2021.11.11-12.58.21:846][  0]LogAudioMixer: Display: Initializing audio mixer.
11-11 13:58:21.848 22496  5316 D UE4     : [GameActivity] [JAVA] audiomanager.optimalSampleRate = 48000
11-11 13:58:21.848 22496  5316 D UE4     : [GameActivity] [JAVA] audiomanager.framesPerBuffer = 192
11-11 13:58:21.848 22496  5316 D y.MyTestProjec: PlayerBase::PlayerBase()
11-11 13:58:21.849 22496  5316 D y.MyTestProjec: TrackPlayerBase::TrackPlayerBase()
11-11 13:58:21.849 22496  5316 I libOpenSLES: Emulating old channel mask behavior (ignoring positional mask 0x3, using default mask 0x3 based on channel count of 2)
11-11 13:58:21.849 22496  5316 D AudioTrack: set(): streamType 3, sampleRate 48000, format 0x1, channelMask 0x3, frameCount 0, flags #104, notificationFrames -1, sessionId 633, transferType 0, uid -1, pid -1
11-11 13:58:21.849 22496  5316 I AudioTrack: ull 2 ll!
11-11 13:58:21.849  1015  3358 D AudioFlinger: setParameters(): io 0, keyvalue Use_Game_Ecns=off, calling pid 22496 calling uid 10363
11-11 13:58:21.850  1015  3358 D PermissionCache: checking android.permission.MODIFY_AUDIO_SETTINGS for uid=10363 => granted (186 us)
11-11 13:58:21.850   926  2303 D audio_hw_primary: adev_set_parameters: enter: Use_Game_Ecns=off
11-11 13:58:21.850   926  2303 D audio_hw_hfp: hfp_set_parameters: enter
11-11 13:58:21.850   926  2303 D audio_hw_hfp: hfp_set_parameters: enter
11-11 13:58:21.850   926  2303 D audio_hw_extn: audio_extn_fm_set_parameters: Enter
11-11 13:58:21.850   926  2303 D audio_hw_hfp: hfp_set_parameters: enter
11-11 13:58:21.855   926  2303 D audio_hw_primary: adev_get_parameters:vr_audio_mode_on
11-11 13:58:21.855   926  2303 I audio_hw_primary: getting vr mode to 0
11-11 13:58:21.855   926  2303 D audio_hw_primary: adev_get_parameters: exit: returns - vr_audio_mode_on=false
11-11 13:58:21.856  1015  3358 I hash_map_utils: key: 'vr_audio_mode_on' value: ''
11-11 13:58:21.857  1015  3358 I AudioPolicyManagerCustom: VR mode is 0, switch to primary output if request is for fast|raw
11-11 13:58:21.858  1015  3358 D AudioFlinger: Client defaulted notificationFrames to 192 for frameCount 384
11-11 13:58:21.862  1015  3358 V audio_pcm_dump: pcm_dump_init : AF10_Track_output_13_session_633_2ch_48000Hz 0x1
11-11 13:58:21.862  1015  3358 V audio_pcm_dump: pcm_dump_init : AF10_Track_input_13_session_633_2ch_48000Hz 0x1
11-11 13:58:21.864  1752  3295 I system_server: oneway function results will be dropped but finished with status OK and parcel size 8
11-11 13:58:21.867 22496  5316 I AudioTrack: createTrack_l(0): AUDIO_OUTPUT_FLAG_FAST successful; frameCount 0 -> 384
11-11 13:58:21.870 22496  5316 D UE4     : [2021.11.11-12.58.21:870][  0]LogAudioMixer: Display: Using Audio Device Android Audio Device
11-11 13:58:21.871 22496  5316 D UE4     : [2021.11.11-12.58.21:871][  0]LogAudioMixer: Display: Initializing Sound Submixes...
11-11 13:58:21.878 22496  5316 D UE4     : [2021.11.11-12.58.21:878][  0]LogAudioMixer: Display: Creating Master Submix 'MasterSubmixDefault'
11-11 13:58:21.878 22496  5316 D UE4     : [2021.11.11-12.58.21:878][  0]LogAudioMixer: Display: Creating Master Submix 'MasterReverbSubmixDefault'
11-11 13:58:21.880 22496  5316 D UE4     : [2021.11.11-12.58.21:880][  0]LogAudioMixer: Display: Creating Master Submix 'MasterEQSubmixDefault'
11-11 13:58:21.880 22496  5316 D UE4     : [2021.11.11-12.58.21:880][  0]LogAudioMixer: Display: Output buffers initialized: Frames=1152, Channels=2, Samples=2304
11-11 13:58:21.880 22496  5427 D UE4     : [2021.11.11-12.58.21:880][  0]LogAudioMixer: Display: Starting AudioMixerPlatformInterface::RunInternal()
11-11 13:58:21.880 22496  5316 D AudioTrack: ClientUid 10363 AudioTrack::start 
11-11 13:58:21.883  1752  3295 I AS.AudioService: playerEvent: 575 event: 2 isMusicActive:false device:2 currentPackageName:com.oneplus.wallpaper
11-11 13:58:21.883  1752  3295 I OpAudioMonitor: MDM,start.
11-11 13:58:21.883  1752  3295 I OpAudioMonitor: MDM,music is not active, clear
11-11 13:58:21.883  1752  3295 I OpAudioMonitor: MDM,start put pk:com.oneplus.wallpaper startTime:1636635501
11-11 13:58:21.893   926  2303 I EffectsFactory: EffectCreate() create_effect
11-11 13:58:21.897  1015  1411 D APM_AudioPolicyManager: startOutput() output 13, stream 3, session 633, portId 49
11-11 13:58:21.899  1015  1411 W APM::AudioPolicyEngine: getDevicesForStrategy() unknown strategy: -1
11-11 13:58:21.899  1015  1411 W APM::AudioPolicyEngine: getDevicesForStrategy() unknown strategy: -1
11-11 13:58:21.900  4755  5130 D DetectSceneService: [run] success
11-11 13:58:21.900  4755  5130 D DetectSceneService: [run] begin
11-11 13:58:21.901   926   998 E volume_listener: check_and_set_gain_dep_cal: Failed to set gain dep cal level
11-11 13:58:21.901  1752  3295 I system_server: oneway function results will be dropped but finished with status OK and parcel size 4
11-11 13:58:21.901   926 17374 D audio_hw_primary: start_output_stream: enter: stream(0xe67c21a0)usecase(1: low-latency-playback) devices(0x2) is_haptic_usecase(0)
11-11 13:58:21.901  4755 17454 D DetectSceneService: [handlesocket]
11-11 13:58:21.901   926 17374 D audio_hw_primary: select_devices for use case (low-latency-playback)
11-11 13:58:21.901   926 17374 D msm8974_platform: platform_get_output_snd_device: enter: output devices(0x2)
11-11 13:58:21.901   926 17374 D msm8974_platform: platform_get_output_snd_device: exit: snd_device(speaker)
11-11 13:58:21.901   926 17374 I msm8974_platform: platform_check_and_set_codec_backend_cfg:becf: afe: bitwidth 24, samplerate 48000 channels 2, backend_idx 0 usecase = 1 device (speaker)
11-11 13:58:21.901   926 17374 D msm8974_platform: platform_split_snd_device: snd_device(2) num devices(1) new_snd_devices(0)
11-11 13:58:21.901   926 17374 I msm8974_platform: platform_check_and_set_codec_backend_cfg: new_snd_devices[0] is 2
11-11 13:58:21.901   926 17374 I msm8974_platform: platform_check_codec_backend_cfg:becf: afe: bitwidth 24, samplerate 48000 channels 2, backend_idx 0 usecase = 1 device (speaker)
11-11 13:58:21.902 22496  5316 D UE4     : [2021.11.11-12.58.21:902][  0]LogInit: FAudioDevice initialized.
11-11 13:58:21.903   926 17374 D audio_hw_extn: audio_extn_enable_hifi_filter: mixer_value set 0
11-11 13:58:21.903   926 17374 D msm8974_platform: platform_check_codec_backend_cfg:becf: updated afe: bitwidth 24, samplerate 48000 channels 2,backend_idx 0 usecase = 1 device (speaker)
11-11 13:58:21.903   926 17374 D msm8974_platform: platform_check_codec_backend_cfg:becf: afe: playback on codec device not supporting native playback set default Sample Rate(48k)
11-11 13:58:21.903   926 17374 I msm8974_platform: platform_check_codec_backend_cfg:becf: afe: Codec selected backend: 0 updated bit width: 24 and sample rate: 48000
11-11 13:58:21.903   926 17374 D audio_hw_primary: check_usecases_codec_backend:becf: force routing 0
11-11 13:58:21.903   926 17374 E msm8974_platform: platform_check_backends_match: Invalid snd_device = 
11-11 13:58:21.903   926 17374 D audio_hw_primary: check_usecases_codec_backend:becf: (78) check_usecases curr device: speaker, usecase device: backends match 0
11-11 13:58:21.903   926 17374 D audio_hw_primary: check_usecases_codec_backend:becf: check_usecases num.of Usecases to switch 0
11-11 13:58:21.903   926 17374 D hardware_info: hw_info_append_hw_type : device_name = speaker
11-11 13:58:21.903   926 17374 D msm8974_platform: platform_split_snd_device: snd_device(2) num devices(0) new_snd_devices(0)
11-11 13:58:21.903   926 17374 D audio_hw_primary: enable_snd_device: snd_device(2: speaker)
11-11 13:58:21.903   926 17374 D msm8974_platform: platform_get_island_cfg_on_device:island cfg status on snd_device = (speaker 0)
11-11 13:58:21.903   926 17374 I soundtrigger: audio_extn_sound_trigger_update_device_status: device 0x2 of type 0 for Event 1, with Raise=0
11-11 13:58:21.903 22496  5316 D UE4     : [2021.11.11-12.58.21:903][  0]LogNetVersion: Set ProjectVersion to 1.0.0.0. Version Checksum will be recalculated on next use.
11-11 13:58:21.903 22496  5316 D UE4     : [2021.11.11-12.58.21:903][  0]LogInit: Texture streaming: Enabled
11-11 13:58:21.903   926 17374 D audio_route: Apply path: speaker
11-11 13:58:21.903   926 17374 D hardware_info: hw_info_append_hw_type : device_name = vi-feedback
11-11 13:58:21.903   926 17374 D msm8974_platform: platform_split_snd_device: snd_device(234) num devices(0) new_snd_devices(0)
11-11 13:58:21.903   926 17374 D audio_hw_primary: enable_snd_device: snd_device(234: vi-feedback)
11-11 13:58:21.903   926 17374 D msm8974_platform: platform_get_island_cfg_on_device:island cfg status on snd_device = (vi-feedback 0)
11-11 13:58:21.903   926 17374 I soundtrigger: audio_extn_sound_trigger_update_device_status: device 0xea of type 1 for Event 1, with Raise=0
11-11 13:58:21.903   926 17374 D audio_route: Apply path: vi-feedback
11-11 13:58:21.903   926 17374 D soundtrigger: audio_extn_sound_trigger_update_stream_status: uc_info->id 53 of type 1 for Event 3, with Raise=0
11-11 13:58:21.903   926 17374 D audio_hw_utils: audio_extn_utils_send_app_type_cfg: usecase->in_snd_device vi-feedback
11-11 13:58:21.903   926 17374 E voice   : voice_is_in_call_rec_stream: input stream is NULL
11-11 13:58:21.903   926 17374 D msm8974_platform: platform_split_snd_device: snd_device(234) num devices(0) new_snd_devices(0)
11-11 13:58:21.904   926 17374 E audio_hw_utils: send_app_type_cfg_for_device: Could not get ctl for mixer cmd - Audio Stream Capture 40 App Type Cfg
11-11 13:58:21.904   926 17374 D msm8974_platform: platform_split_snd_device: snd_device(234) num devices(1) new_snd_devices(0)
11-11 13:58:21.905   926 17374 D ACDB-LOADER: ACDB -> send_audio_cal, acdb_id = 102, path = 1, app id = 0x11132, sample rate = 8000, afe_sample_rate = 8000
11-11 13:58:21.905   926 17374 D ACDB-LOADER: ACDB -> send_asm_topology
11-11 13:58:21.905   926 17374 D ACDB-LOADER: ACDB -> ACDB_CMD_GET_AUDPROC_STREAM_TOPOLOGY_ID
11-11 13:58:21.905   926 17374 D ACDB-LOADER: ACDB -> send_adm_topology
11-11 13:58:21.905   926 17374 D ACDB-LOADER: ACDB -> ACDB_CMD_GET_AUDPROC_COMMON_TOPOLOGY_ID
11-11 13:58:21.905   926 17374 D ACDB-LOADER: ACDB -> send_audtable
11-11 13:58:21.905   926 17374 D ACDB-LOADER: ACDB -> ACDB_CMD_GET_AUDPROC_INSTANCE_COMMON_TABLE_SIZE
11-11 13:58:21.905   926 17374 D ACDB-LOADER: ACDB -> ACDB_CMD_GET_AUDPROC_INSTANCE_COMMON_TABLE
11-11 13:58:21.905   926 17374 D ACDB-LOADER: ACDB -> AUDIO_SET_AUDPROC_CAL cal_type[11] acdb_id[102] app_type[69938]
11-11 13:58:21.905   926 17374 D ACDB-LOADER: ACDB -> ACDB_CMD_GET_PERSISTENT_AUDPROC_INSTANCE_COMMON_TABLE_SIZE
11-11 13:58:21.906   926 17374 D android.hardware.audio.service: ACDBFILE_MGR: Property for the pid 000133B7 not found
11-11 13:58:21.906   926 17374 D android.hardware.audio.service: [Data Manager] -> Failed to fetch the property info for pid 000133B7 
11-11 13:58:21.906   926 17374 D android.hardware.audio.service: ACDBFILE_MGR: Property for the pid 000133B7 not found
11-11 13:58:21.906   926 17374 D android.hardware.audio.service: [Data Manager] -> Failed to fetch the property info for pid 000133B7 
11-11 13:58:21.907   926 17374 D android.hardware.audio.service: ACDBFILE_MGR: Property for the pid 000133B7 not found
11-11 13:58:21.907   926 17374 D android.hardware.audio.service: [Data Manager] -> Failed to fetch the property info for pid 000133B7 
11-11 13:58:21.907   926 17374 D android.hardware.audio.service: ACDBFILE_MGR: Property for the pid 000133B7 not found
11-11 13:58:21.907   926 17374 D android.hardware.audio.service: [Data Manager] -> Failed to fetch the property info for pid 000133B7 
11-11 13:58:21.907   926 17374 D android.hardware.audio.service: ACDBFILE_MGR: Property for the pid 000133B7 not found
11-11 13:58:21.907   926 17374 D android.hardware.audio.service: [Data Manager] -> Failed to fetch the property info for pid 000133B7 
11-11 13:58:21.907   926 17374 D android.hardware.audio.service: ACDBFILE_MGR: Property for the pid 000133B7 not found
11-11 13:58:21.907   926 17374 D android.hardware.audio.service: [Data Manager] -> Failed to fetch the property info for pid 000133B7 
11-11 13:58:21.907   926 17374 D android.hardware.audio.service: ACDBFILE_MGR: Property for the pid 000133B7 not found
11-11 13:58:21.907   926 17374 D android.hardware.audio.service: [Data Manager] -> Failed to fetch the property info for pid 000133B7 
11-11 13:58:21.907   926 17374 D android.hardware.audio.service: ACDBFILE_MGR: Property for the pid 000133B7 not found
11-11 13:58:21.907   926 17374 D android.hardware.audio.service: [Data Manager] -> Failed to fetch the property info for pid 000133B7 
11-11 13:58:21.907   926 17374 D android.hardware.audio.service: ACDBFILE_MGR: Property for the pid 000133B7 not found
11-11 13:58:21.907   926 17374 D android.hardware.audio.service: [Data Manager] -> Failed to fetch the property info for pid 000133B7 
11-11 13:58:21.907   926 17374 D android.hardware.audio.service: ACDBFILE_MGR: Property for the pid 000133B7 not found
11-11 13:58:21.907   926 17374 D android.hardware.audio.service: [Data Manager] -> Failed to fetch the property info for pid 000133B7 
11-11 13:58:21.907   926 17374 D android.hardware.audio.service: ACDBFILE_MGR: Property for the pid 000133B7 not found
11-11 13:58:21.907   926 17374 D android.hardware.audio.service: [Data Manager] -> Failed to fetch the property info for pid 000133B7 
11-11 13:58:21.907   926 17374 D android.hardware.audio.service: ACDBFILE_MGR: Property for the pid 000133B7 not found
11-11 13:58:21.907   926 17374 D android.hardware.audio.service: [Data Manager] -> Failed to fetch the property info for pid 000133B7 
11-11 13:58:21.907   926 17374 D android.hardware.audio.service: [Data Manager]-> No data found
11-11 13:58:21.907   926 17374 D ACDB-LOADER: Error: ACDB_CMD_GET_PERSISTENT_AUDPROC_INSTANCE_COMMON_TABLE_SIZE returned -18
11-11 13:58:21.907   926 17374 D ACDB-LOADER: ACDB -> send_audproc_persist_table -18 
11-11 13:58:21.907   926 17374 D ACDB-LOADER: Error: Invalid Audproc persist size = -18
11-11 13:58:21.907   926 17374 D ACDB-LOADER: ACDB -> ACDB_CMD_GET_AUDPROC_INSTANCE_STREAM_TABLE_SIZE
11-11 13:58:21.907   926 17374 D ACDB-LOADER: ACDB -> send_audstrmtable
11-11 13:58:21.907   926 17374 D ACDB-LOADER: ACDB -> ACDB_CMD_GET_AUDPROC_INSTANCE_STREAM_TABLE
11-11 13:58:21.907   926 17374 D ACDB-LOADER: ACDB -> audstrm_cal->cal_type.cal_data.cal_size = 20
11-11 13:58:21.907   926 17374 D ACDB-LOADER: ACDB -> send_afe_topology
