--------- beginning of perf
11-11 13:12:31.552  2493  2493 I 100     : Open /apex/com.android.permission/priv-app/GooglePermissionController/GooglePermissionController.apk took:104ms
11-11 13:12:34.104  2472  2472 I 309     : package:null took:2022 calssname:android.app.ActivityThread$H callback:null what:114
11-11 13:12:34.962  2472  2598 I 309     : package:null took:2556 calssname:android.os.Handler callback:com.android.systemui.statusbar.policy.-$$Lambda$k1PbTpG_zEeb84NzDtu0B5A435o@cc0e77c what:0
11-11 13:12:35.707  3181  3181 I 309     : package:null took:1966 calssname:android.app.ActivityThread$H callback:null what:110
11-11 13:12:41.516  4089  4089 I 100     : Open /data/app/~~x-GpP5_xylejv76KQYcURw==/com.google.android.marvin.talkback-a8qgGEgJmPdixbqZRCtBEQ==/base.apk took:110ms
11-11 13:12:45.187  1752  2158 I 322     : com.android.systemui#516#7045
11-11 13:12:45.187  3589  3735 I 309     : package:null took:5773 calssname:android.app.IntentService$ServiceHandler callback:null what:0
11-11 13:12:46.010  4591  4591 I 100     : Open /data/app/~~eVSMnVUG5vwv1gUWKfqSJw==/com.google.android.googlequicksearchbox-jybT1cXUHvYjVJ__-GEVBw==/base.apk took:73ms
11-11 13:12:46.742  4852  4852 I 100     : Open /data/app/~~5MlGFIg2YAR3-e1-lkUdfQ==/com.oneplus.brickmode-eHgs-hHEZKSGLqa_nuhaGg==/base.apk took:73ms
11-11 13:12:46.875  4905  4905 I 100     : Open /system_ext/app/OPScreenRecord/OPScreenRecord.apk took:83ms
11-11 13:12:47.125  4570  4570 I 309     : package:null took:1300 calssname:android.app.ActivityThread$H callback:null what:110
11-11 13:12:47.141  4452  4500 I 309     : package:null took:1775 calssname:android.os.Handler callback:com.oneplus.faceunlock.engine.FaceEngine$4@b3f6788 what:0
11-11 13:12:47.158  4995  4995 I 100     : Open /data/app/~~NhExHKsAw7eQ8PNKXpjqJA==/com.google.android.apps.messaging-PGjNqfuCrlHbdoKTuDDILg==/base.apk took:150ms
11-11 13:12:47.215  4591  4591 I 309     : package:null took:1339 calssname:android.app.ActivityThread$H callback:null what:110
11-11 13:12:47.269  4089  4089 I 309     : package:null took:1429 calssname:android.app.ActivityThread$H callback:null what:145
11-11 13:12:47.510  3476  3476 I 309     : package:null took:1834 calssname:android.app.ActivityThread$H callback:null what:114
11-11 13:12:47.946  4683  4683 I 309     : package:null took:1704 calssname:android.app.ActivityThread$H callback:null what:110
11-11 13:12:48.264  4830  4830 I 309     : package:null took:1663 calssname:android.app.ActivityThread$H callback:null what:110
11-11 13:12:48.274  4647  4829 I 309     : package:null took:1052 calssname:android.os.Handler callback:android.service.storage.-$$Lambda$ExternalStorageService$ExternalStorageServiceWrapper$tdFhGuYAp6crc6-QZ-oDKVYQsTo@2f2a015 what:0
11-11 13:12:48.352  4009  4009 I 309     : package:null took:2501 calssname:android.app.ActivityThread$H callback:null what:145
11-11 13:12:48.963  5374  5374 I 100     : Open /system_ext/priv-app/SettingsIntelligence/SettingsIntelligence.apk took:54ms
11-11 13:12:49.046  5153  5153 I 309     : package:null took:1234 calssname:android.app.ActivityThread$H callback:null what:110
11-11 13:12:49.060  5185  5407 I 100     : Open /data/app/~~MxNG5w4cGyGg56sz9gE84Q==/com.google.android.gms-Qba50lei8WYzIXxpCE6Suw==/base.apk took:110ms
11-11 13:12:49.144  4009  4009 I 100     : Open /data/user_de/0/com.google.android.gms/app_chimera/m/000000f1/dl-Games.optional_213918100000.apk took:390ms
11-11 13:12:49.335  1752  2158 I 322     : net.oneplus.launcher#-1#1937
11-11 13:12:49.424  5527  5527 I 100     : Open /system/priv-app/LocalTransport/LocalTransport.apk took:71ms
11-11 13:12:49.871  4632  4632 I 309     : package:null took:3826 calssname:android.app.ActivityThread$H callback:null what:110
11-11 13:12:49.944  5643  5643 I 100     : Open /data/app/~~NmvrDJEiJgM4RTpppg1qxQ==/com.android.vending-F-8cO-QaVyGE0aR0PihsFg==/base.apk took:114ms
11-11 13:12:50.230  3589  3735 I 309     : package:null took:5043 calssname:android.app.IntentService$ServiceHandler callback:null what:0
11-11 13:12:50.250  5780  5780 I 100     : Open /system_ext/priv-app/EmergencyInfo_O2/EmergencyInfo_O2.apk took:61ms
11-11 13:12:50.319  4995  5121 I 309     : package:null took:2751 calssname:android.os.Handler callback:cgt@8cde1b9 what:0
11-11 13:12:50.326  4009  4009 I 309     : package:null took:1575 calssname:android.app.ActivityThread$H callback:null what:114
11-11 13:12:50.963  5559  5559 I 309     : package:null took:1482 calssname:android.app.ActivityThread$H callback:null what:110
11-11 13:12:51.146  5643  5643 I 309     : package:null took:1357 calssname:android.app.ActivityThread$H callback:null what:110
11-11 13:12:51.385  5559  6036 I 100     : Open /data/user_de/0/com.google.android.gms/app_chimera/m/000000eb/DynamiteLoader.apk took:55ms
11-11 13:12:51.637  5856  5856 I 309     : package:null took:1014 calssname:android.app.ActivityThread$H callback:null what:113
11-11 13:12:51.949  4830  4830 I 309     : package:null took:1091 calssname:android.app.ActivityThread$H callback:null what:116
11-11 13:12:52.279  6155  6155 I 100     : Open /data/app/~~YyFyx2LJ0jmxO3Z0X4FFqQ==/com.google.android.apps.tachyon-vaFOFyeRXeRxzAXCvhFdIg==/base.apk took:146ms
11-11 13:12:53.111  6258  6258 I 100     : Open /system_ext/framework/uimservicelibrary.jar took:70ms
11-11 13:12:53.281  6155  6155 I 309     : package:null took:1178 calssname:android.app.ActivityThread$H callback:null what:110
11-11 13:12:53.632  6353  6353 I 100     : Open /system/app/Bluetooth/Bluetooth.apk took:104ms
11-11 13:12:54.662  2959  2959 I 100     : Open /system_ext/priv-app/dpmserviceapp/dpmserviceapp.apk took:68ms
11-11 13:12:55.132  6577  6577 I 100     : Open /data/app/~~C6ZfcvljrUi2W_xSvFp1Bw==/com.snapchat.android-C4R9UEnme_Rpd2Z_5K-9Rg==/base.apk took:119ms
11-11 13:12:56.306  4830  5118 I 309     : package:null took:7431 calssname:android.os.Handler callback:net.oneplus.launcher.model.LoaderTask@dc8bba2 what:0
11-11 13:12:57.800  6787  6787 I 100     : Open /data/app/~~NmvrDJEiJgM4RTpppg1qxQ==/com.android.vending-F-8cO-QaVyGE0aR0PihsFg==/base.apk took:65ms
11-11 13:12:58.184  4995  6473 I 100     : Open /data/app/~~MxNG5w4cGyGg56sz9gE84Q==/com.google.android.gms-Qba50lei8WYzIXxpCE6Suw==/base.apk took:79ms
11-11 13:12:59.502  6890  6941 I 100     : Open /data/user_de/0/com.google.android.gms/app_chimera/m/000000f1/dl-Games.optional_213918100000.apk took:65ms
11-11 13:12:59.798  6890  6941 I 100     : Open /data/user_de/0/com.google.android.gms/app_chimera/m/000000e8/dl-Pay.optional_213918100000.apk took:92ms
11-11 13:13:02.317  3737  4955 I 100     : Open /data/app/~~MxNG5w4cGyGg56sz9gE84Q==/com.google.android.gms-Qba50lei8WYzIXxpCE6Suw==/base.apk took:64ms
11-11 13:13:03.095  4009  4312 I 100     : Open /data/user_de/0/com.google.android.gms/app_chimera/m/000000e8/dl-Pay.optional_213918100000.apk took:102ms
11-11 13:13:05.774  7261  7261 I 309     : package:null took:1214 calssname:android.app.ActivityThread$H callback:null what:110
11-11 13:13:08.889  7484  7579 I 309     : package:null took:1354 calssname:com.facebook.react.bridge.queue.MessageQueueThreadHandler callback:com.facebook.react.bridge.queue.NativeRunnable@e5013d what:0
11-11 13:13:09.757  7569  7569 I 309     : package:null took:2269 calssname:android.app.ActivityThread$H callback:null what:110
11-11 13:13:10.252  7644  7834 I 309     : package:null took:1404 calssname:com.facebook.react.bridge.queue.MessageQueueThreadHandler callback:com.facebook.react.bridge.queue.NativeRunnable@5b081a6 what:0
11-11 13:13:11.291  7943  7943 I 309     : package:null took:1302 calssname:android.app.ActivityThread$H callback:null what:110
11-11 13:13:12.727  8091  8091 I 309     : package:null took:1339 calssname:android.app.ActivityThread$H callback:null what:110
11-11 13:13:14.655  8481  8481 I 100     : Open /data/app/~~QXgNE6ph4DcTWiHzk1m7zw==/com.google.android.apps.docs-VqSymLAYY_WXKVZZpDkx1A==/base.apk took:74ms
11-11 13:13:15.525  8665  8665 I 100     : Open /data/app/~~E-JuDcKf7Y_a51k5EroMzA==/com.google.android.apps.maps-fMUcFz1QlbrV9n2pXDfG8g==/base.apk took:83ms
11-11 13:13:16.925  8843  8843 I 100     : Open /data/app/~~Q62UY9_0KJDE9V9xuVcJrg==/com.google.android.apps.photos-sHgxXazMdUVgi3uiU31Jyw==/base.apk took:93ms
11-11 13:13:17.690  8932  8932 I 100     : Open /data/app/~~-7TQuAib9-YkdiTKjl71QA==/com.google.android.apps.walletnfcrel-NNdZHRapPODG7WkrvQiWKQ==/base.apk took:54ms
11-11 13:13:18.956  9079  9079 I 100     : Open /data/app/~~3AxmPbB13lYw53KqZlNhOQ==/com.google.android.apps.youtube.music-CSJrxo3VIaUm88IvS2YrcQ==/base.apk took:79ms
11-11 13:13:19.549  9196  9196 I 100     : Open /data/app/~~37sRve3ufCOCXQ15G7ERgg==/com.google.android.calendar-Hgc5ikINO450dK-tlWHdOw==/base.apk took:75ms
11-11 13:13:20.585  9399  9399 I 100     : Open /data/app/~~Kf3JM-qutJ8hsALAIhkwGA==/com.google.android.contacts-aeTztY0e6Is0nWc7tIIgJw==/base.apk took:53ms
11-11 13:13:21.105  9475  9475 I 100     : Open /data/app/~~RjxGl3S1qE4tDtcbJMxctw==/com.google.android.gm-kKKmo4_iNK3-SbFQ909PRQ==/base.apk took:126ms
11-11 13:13:25.433 10012 10012 I 100     : Open /data/app/~~D8ZAwxaKbc9ev2wFWuVExg==/com.google.android.youtube-a09lzbTxbWiNYUe6G1BEzw==/base.apk took:103ms
11-11 13:13:29.328  9853  9874 I 101     : #329
11-11 13:13:29.330  9879  9916 I 101     : #186
11-11 13:13:29.340 10570 10570 I 309     : package:null took:1551 calssname:android.app.ActivityThread$H callback:null what:110
11-11 13:13:31.365 10794 10794 I 309     : package:null took:1219 calssname:android.app.ActivityThread$H callback:null what:110
11-11 13:13:31.470 10765 10818 I 309     : package:null took:1230 calssname:net.oneplus.odm.config.c callback:null what:1
11-11 13:13:32.428 10890 10890 I 309     : package:null took:1002 calssname:android.app.ActivityThread$H callback:null what:110
11-11 13:13:35.140 10413 10413 I 309     : package:null took:2664 calssname:android.app.ActivityThread$H callback:null what:116
11-11 13:13:38.458 11381 11381 I 309     : package:null took:2456 calssname:android.app.ActivityThread$H callback:null what:110
11-11 13:13:39.602 11674 11761 I 100     : Open /system/framework/com.android.media.remotedisplay.jar took:80ms
11-11 13:13:42.686 11972 11972 I 309     : package:null took:1601 calssname:android.app.ActivityThread$H callback:null what:110
11-11 13:13:43.535  1752  2166 I 300     : 45
11-11 13:13:43.864 12230 12230 I 100     : Open /data/app/~~NmvrDJEiJgM4RTpppg1qxQ==/com.android.vending-F-8cO-QaVyGE0aR0PihsFg==/base.apk took:73ms
11-11 13:13:43.944 12256 12256 I 100     : Open /data/app/~~NhExHKsAw7eQ8PNKXpjqJA==/com.google.android.apps.messaging-PGjNqfuCrlHbdoKTuDDILg==/base.apk took:67ms
11-11 13:13:44.380 10413 10413 I 309     : package:null took:9240 calssname:android.app.ActivityThread$H callback:null what:116
11-11 13:13:45.454 12375 12375 I 309     : package:null took:1015 calssname:android.app.ActivityThread$H callback:null what:110
11-11 13:13:45.980 12521 12521 I 100     : Open /data/app/~~D8ZAwxaKbc9ev2wFWuVExg==/com.google.android.youtube-a09lzbTxbWiNYUe6G1BEzw==/base.apk took:120ms
11-11 13:13:46.038 12547 12547 I 100     : Open /data/app/~~RjxGl3S1qE4tDtcbJMxctw==/com.google.android.gm-kKKmo4_iNK3-SbFQ909PRQ==/base.apk took:144ms
11-11 13:13:47.392 12986 12986 I 100     : Open /data/app/~~E-JuDcKf7Y_a51k5EroMzA==/com.google.android.apps.maps-fMUcFz1QlbrV9n2pXDfG8g==/base.apk took:73ms
11-11 13:13:47.779 12575 12575 I 309     : package:null took:1830 calssname:android.app.ActivityThread$H callback:null what:110
11-11 13:13:48.237 12084 12104 I 101     : #282
11-11 13:14:22.740 13495 13604 I 309     : package:null took:2167 calssname:com.oneplus.gallery2.contentdetection.BaseDetectorClient$1 callback:null what:10020
11-11 13:14:29.488 13495 13598 I 309     : package:null took:8877 calssname:com.oneplus.gallery2.contentdetection.BaseDetectorClient$1 callback:null what:10020
11-11 13:14:30.727  1752  2166 I 300     : 372
11-11 13:14:55.378  4830  5118 I 309     : package:null took:1052 calssname:android.os.Handler callback:<recycled PooledLambda@633f06e> what:0
11-11 13:14:56.811  1752  2158 I 322     : com.android.vending#-1#241
11-11 13:15:12.180  1752  2158 I 322     : com.android.vending#-1#166
11-11 13:15:46.122  1752  2166 I 300     : 299
11-11 13:15:47.171 16991 16991 I 309     : package:null took:1044 calssname:android.app.ActivityThread$H callback:null what:110
11-11 13:15:48.267  8563  8563 I 100     : Open /data/app/~~_0BXT6DtGi-Cli5dYl13jg==/com.YourCompany.AR_test-TuaAFWJP-NsZ9BmyEONASQ==/base.apk took:73ms
11-11 13:15:49.265  1752  2158 I 322     : com.YourCompany.AR_test#111#1219
11-11 13:15:57.217  1752  2158 I 322     : com.google.android.permissioncontroller#-1#166
11-11 13:15:59.742  8563 17282 I 100     : Open /data/app/~~kSjhYMd6QPqlB_1FHKWvdg==/com.google.ar.core-uWe_4eFoj1W3mw0PfL7O_g==/base.apk took:80ms
11-11 13:16:35.865  8563  8563 I 309     : package:null took:1200 calssname:android.view.Choreographer$FrameHandler callback:android.view.Choreographer$FrameDisplayEventReceiver@2f3b368 what:0
11-11 13:16:36.740  1752  2158 I 322     : com.android.settings#-1#521
11-11 13:16:39.023  2417  3245 I 111     : 2
11-11 13:16:48.917  1752  2158 I 322     : com.android.settings#-1#169
11-11 13:16:51.786  1752  2158 I 322     : com.android.settings#-1#191
11-11 13:16:53.712  1752  2158 I 322     : com.android.settings#-1#153
11-11 13:17:00.404  2417  3245 I 110     : One big frame drop total:121 frameGap:121 delta#155#3#3#0#0#3
11-11 13:17:03.014  1752  2158 I 322     : com.android.settings#-1#106
11-11 13:17:05.730  1752  2158 I 322     : com.android.settings#-1#270
11-11 13:17:28.487  1752  2158 I 322     : com.oneplus.opbackup#-1#260
11-11 13:17:36.929  1752  2158 I 322     : com.android.settings#-1#269
11-11 13:17:40.818  2417  3245 I 110     : One big frame drop total:279 frameGap:285 delta#266#10#8#1#1#1
11-11 13:17:40.861  1752  2158 I 322     : com.android.settings#-1#354
11-11 13:17:40.943  2417  3245 I 110     : One big frame drop total:91 frameGap:91 delta#122#3#0#1#0#1
11-11 13:17:42.840  2417  3245 I 110     : One big frame drop total:80 frameGap:87 delta#66#12#10#1#0#1
11-11 13:17:47.695  1752  2158 I 322     : com.android.settings#-1#127
11-11 13:18:08.903  1752  2158 I 322     : com.android.settings#-1#252
11-11 13:18:14.932  1752  2158 I 322     : com.google.android.permissioncontroller#-1#254
11-11 13:18:33.357  8564  8564 I 100     : Open /data/app/~~_0BXT6DtGi-Cli5dYl13jg==/com.YourCompany.AR_test-TuaAFWJP-NsZ9BmyEONASQ==/base.apk took:74ms
11-11 13:18:34.205  1752  2158 I 322     : com.YourCompany.AR_test#55#1013
11-11 13:18:40.381 19251 19251 I 309     : package:null took:1846 calssname:android.app.ActivityThread$H callback:null what:110
11-11 13:18:45.456  1752  2158 I 322     : com.google.android.permissioncontroller#-1#128
11-11 13:18:47.455  8564 19187 I 100     : Open /data/app/~~kSjhYMd6QPqlB_1FHKWvdg==/com.google.ar.core-uWe_4eFoj1W3mw0PfL7O_g==/base.apk took:80ms
11-11 13:19:03.601  8564  8564 I 309     : package:null took:1247 calssname:android.app.ActivityThread$H callback:null what:159
11-11 13:19:10.107 16217 16357 I 309     : package:null took:2325 calssname:com.oneplus.gallery2.contentdetection.BaseDetectorClient$1 callback:null what:10020
11-11 13:19:16.755 16217 16356 I 309     : package:null took:8969 calssname:com.oneplus.gallery2.contentdetection.BaseDetectorClient$1 callback:null what:10020
11-11 13:19:51.379  1752  2166 I 300     : 653
11-11 13:19:55.053  8565  8565 I 100     : Open /data/app/~~_0BXT6DtGi-Cli5dYl13jg==/com.YourCompany.AR_test-TuaAFWJP-NsZ9BmyEONASQ==/base.apk took:70ms
11-11 13:19:55.877  1752  2158 I 322     : com.YourCompany.AR_test#70#1001
11-11 13:20:01.298  8565 20177 I 100     : Open /data/app/~~kSjhYMd6QPqlB_1FHKWvdg==/com.google.ar.core-uWe_4eFoj1W3mw0PfL7O_g==/base.apk took:61ms
11-11 13:20:33.381 16217 16357 I 309     : package:null took:2010 calssname:com.oneplus.gallery2.contentdetection.BaseDetectorClient$1 callback:null what:10020
11-11 13:20:36.272 16217 16356 I 309     : package:null took:4905 calssname:com.oneplus.gallery2.contentdetection.BaseDetectorClient$1 callback:null what:10020
11-11 13:22:14.496  1752  2166 I 300     : 33
11-11 13:22:15.616  2472  3074 I 111     : 2
11-11 13:22:24.341  1752  2158 I 322     : com.android.settings#-1#277
11-11 13:22:34.792 16217 16357 I 309     : package:null took:2029 calssname:com.oneplus.gallery2.contentdetection.BaseDetectorClient$1 callback:null what:10020
11-11 13:22:37.445 16217 16356 I 309     : package:null took:4679 calssname:com.oneplus.gallery2.contentdetection.BaseDetectorClient$1 callback:null what:10020
11-11 13:24:43.294  1752  2166 I 300     : 358
11-11 13:24:55.354  4830  5118 I 309     : package:null took:1057 calssname:android.os.Handler callback:<recycled PooledLambda@9650e91> what:0
11-11 13:24:55.682 21265 21323 I 309     : package:null took:1086 calssname:android.app.QueuedWork$QueuedWorkHandler callback:null what:1
11-11 13:24:56.553  1752  2158 I 322     : com.android.vending#-1#217
11-11 13:25:06.540 21504 21504 I 100     : Open /data/app/~~RjxGl3S1qE4tDtcbJMxctw==/com.google.android.gm-kKKmo4_iNK3-SbFQ909PRQ==/base.apk took:59ms
11-11 13:25:07.609 21521 21521 I 309     : package:null took:1153 calssname:android.app.ActivityThread$H callback:null what:110
11-11 13:25:11.563  1752  2158 I 322     : com.android.vending#-1#168
11-11 13:25:12.693  8567  8567 I 100     : Open /data/app/~~9kLZS9tg6GZ1Lh1q91lV3A==/com.YourCompany.AR_test-n9hLyLEWqxsn3U3iK4Dxzw==/base.apk took:70ms
11-11 13:25:13.540  1752  2158 I 322     : com.YourCompany.AR_test#65#1014
11-11 13:25:19.050  1752  2158 I 322     : com.google.android.permissioncontroller#-1#79
11-11 13:25:20.818  8567 21982 I 100     : Open /data/app/~~kSjhYMd6QPqlB_1FHKWvdg==/com.google.ar.core-uWe_4eFoj1W3mw0PfL7O_g==/base.apk took:62ms
11-11 13:25:57.417  8567  8567 I 309     : package:null took:2560 calssname:android.app.ActivityThread$H callback:null what:159
11-11 13:25:57.421  1752  2250 I 106     : Window '83b473f com.YourCompany.AR_test/com.epicgames.ue4.GameActivity (server)' spent 2202.8ms processing the last input event: 
11-11 13:26:55.433  8566  8566 I 100     : Open /data/app/~~9kLZS9tg6GZ1Lh1q91lV3A==/com.YourCompany.AR_test-n9hLyLEWqxsn3U3iK4Dxzw==/base.apk took:190ms
11-11 13:26:57.253  8566  8566 I 309     : package:null took:1745 calssname:android.app.ActivityThread$H callback:null what:159
11-11 13:28:42.905  1752  2166 I 300     : 57
11-11 13:28:43.274 22732 22732 I 100     : Open /data/app/~~3AxmPbB13lYw53KqZlNhOQ==/com.google.android.apps.youtube.music-CSJrxo3VIaUm88IvS2YrcQ==/base.apk took:52ms
11-11 13:28:44.113 22732 22780 I 100     : Open /data/user_de/0/com.google.android.gms/app_chimera/m/000000ca/dl-AdsFdrDynamite.integ_213806100100000.apk took:64ms
11-11 13:28:51.161  1752  2158 I 322     : com.google.android.permissioncontroller#-1#98
11-11 13:28:53.143  8566 22483 I 100     : Open /data/app/~~kSjhYMd6QPqlB_1FHKWvdg==/com.google.ar.core-uWe_4eFoj1W3mw0PfL7O_g==/base.apk took:63ms
11-11 13:29:29.447  8568  8568 I 100     : Open /data/app/~~9kLZS9tg6GZ1Lh1q91lV3A==/com.YourCompany.AR_test-n9hLyLEWqxsn3U3iK4Dxzw==/base.apk took:71ms
11-11 13:29:30.237  1752  2158 I 322     : com.YourCompany.AR_test#65#960
11-11 13:29:36.126  1752  2158 I 322     : com.google.android.permissioncontroller#-1#68
11-11 13:29:38.717  8568  8568 I 309     : package:null took:1551 calssname:android.app.ActivityThread$H callback:null what:159
11-11 13:29:38.814  8568 23840 I 100     : Open /data/app/~~kSjhYMd6QPqlB_1FHKWvdg==/com.google.ar.core-uWe_4eFoj1W3mw0PfL7O_g==/base.apk took:76ms
11-11 13:30:39.095  1752  2166 I 300     : 25
11-11 13:30:50.798  4830  5321 I 111     : 3-4
11-11 13:30:53.553  4830  5118 I 309     : package:null took:1051 calssname:android.os.Handler callback:runnable@34c17f0(net.oneplus.launcher.compat.PackageInstallerCompatVL$1@a518169,1077962223,0.90000004) what:0
11-11 13:30:54.887  1752  2158 I 322     : com.android.vending#-1#414
11-11 13:31:03.407  8569  8569 I 100     : Open /data/app/~~E8-3_F0x_BLW33wlGx0jzQ==/com.YourCompany.AR_test-ZLKFaLwnRstn58s04k2y_A==/base.apk took:71ms
11-11 13:31:04.213  1752  2158 I 322     : com.YourCompany.AR_test#67#973
11-11 13:31:05.354  1752  2158 I 322     : com.android.vending#-1#152
11-11 13:31:09.544  5153  5214 I 101     : #152
11-11 13:31:16.113  1752  2158 I 322     : com.google.android.permissioncontroller#-1#102
11-11 13:31:17.931  8569 24670 I 100     : Open /data/app/~~kSjhYMd6QPqlB_1FHKWvdg==/com.google.ar.core-uWe_4eFoj1W3mw0PfL7O_g==/base.apk took:67ms
11-11 13:31:29.288  8570  8570 I 100     : Open /data/app/~~E8-3_F0x_BLW33wlGx0jzQ==/com.YourCompany.AR_test-ZLKFaLwnRstn58s04k2y_A==/base.apk took:71ms
11-11 13:31:30.088  1752  2158 I 322     : com.YourCompany.AR_test#77#977
11-11 13:31:34.362  1752  2158 I 322     : com.google.android.permissioncontroller#-1#95
11-11 13:31:38.274  8570 25365 I 100     : Open /data/app/~~kSjhYMd6QPqlB_1FHKWvdg==/com.google.ar.core-uWe_4eFoj1W3mw0PfL7O_g==/base.apk took:63ms
11-11 13:32:02.217  1752  2166 I 300     : 521
11-11 13:32:05.960  1752  2158 I 322     : com.sndigital.marsar#51#299
11-11 13:32:07.770  1752  2158 I 322     : com.sndigital.marsar#-1#137
11-11 13:32:49.462  1752  2250 I 106     : System spent 436.5ms processing the last motion event: MotionEvent#UP
11-11 13:32:55.301  8574  8574 I 100     : Open /data/app/~~E8-3_F0x_BLW33wlGx0jzQ==/com.YourCompany.AR_test-ZLKFaLwnRstn58s04k2y_A==/base.apk took:71ms
11-11 13:32:56.115  1752  2158 I 322     : com.YourCompany.AR_test#88#1009
11-11 13:33:07.642  8574 26346 I 100     : Open /data/app/~~kSjhYMd6QPqlB_1FHKWvdg==/com.google.ar.core-uWe_4eFoj1W3mw0PfL7O_g==/base.apk took:60ms
11-11 13:33:31.678  8572  8572 I 100     : Open /data/app/~~E8-3_F0x_BLW33wlGx0jzQ==/com.YourCompany.AR_test-ZLKFaLwnRstn58s04k2y_A==/base.apk took:71ms
11-11 13:33:32.467  1752  2158 I 322     : com.YourCompany.AR_test#63#952
11-11 13:33:38.064  8572 26631 I 100     : Open /data/app/~~kSjhYMd6QPqlB_1FHKWvdg==/com.google.ar.core-uWe_4eFoj1W3mw0PfL7O_g==/base.apk took:62ms
11-11 13:34:11.908  4830  5321 I 111     : 3-3
11-11 13:34:12.465  4830  5321 I 111     : 3-4
11-11 13:34:15.382  1752  2158 I 322     : com.google.android.packageinstaller#-1#189
11-11 13:34:19.966  1752  2158 I 322     : com.google.android.packageinstaller#-1#110
11-11 13:34:22.389 27403 27403 I 309     : package:null took:1266 calssname:android.app.ActivityThread$H callback:null what:110
11-11 13:34:22.542 27426 27426 I 309     : package:null took:1393 calssname:android.app.ActivityThread$H callback:null what:110
11-11 13:34:32.478 24766 24831 I 309     : package:null took:2194 calssname:com.oneplus.gallery2.contentdetection.BaseDetectorClient$1 callback:null what:10020
11-11 13:34:38.870 25812 25812 I 309     : package:null took:6334 calssname:android.app.ActivityThread$H callback:null what:116
11-11 13:35:20.206 27821 27884 I 309     : package:null took:2028 calssname:com.oneplus.gallery2.contentdetection.BaseDetectorClient$1 callback:null what:10020
11-11 13:35:22.882 27821 27883 I 309     : package:null took:4703 calssname:com.oneplus.gallery2.contentdetection.BaseDetectorClient$1 callback:null what:10020
11-11 13:35:35.184  1752  2166 I 300     : 286
11-11 13:35:52.556 27821 27884 I 309     : package:null took:2100 calssname:com.oneplus.gallery2.contentdetection.BaseDetectorClient$1 callback:null what:10020
11-11 13:35:55.337 27821 27883 I 309     : package:null took:4920 calssname:com.oneplus.gallery2.contentdetection.BaseDetectorClient$1 callback:null what:10020
11-11 13:36:44.510  1752  2166 I 300     : 355
11-11 13:39:57.383  1752  2166 I 300     : 100
11-11 13:39:58.565  2472  3074 I 110     : One big frame drop total:16 frameGap:16 delta#44#57#4#51#0#15
11-11 13:39:58.571  2472  3074 I 111     : 3-2
11-11 13:39:58.853  2472  3074 I 111     : 2
11-11 13:39:59.078 29745 29745 I 100     : Open /data/app/~~RjxGl3S1qE4tDtcbJMxctw==/com.google.android.gm-kKKmo4_iNK3-SbFQ909PRQ==/base.apk took:91ms
11-11 13:40:00.184 29777 29777 I 309     : package:null took:1141 calssname:android.app.ActivityThread$H callback:null what:110
11-11 13:40:01.881  1752  2158 I 322     : com.snapchat.android#-1#506
11-11 13:40:02.251 30049 30120 I 309     : package:null took:1179 calssname:com.facebook.react.bridge.queue.MessageQueueThreadHandler callback:com.facebook.react.bridge.queue.NativeRunnable@5b081a6 what:0
11-11 13:40:02.994 29538 30146 I 110     : One big frame drop total:120 frameGap:133 delta#0#118#0#9#0#1
11-11 13:40:03.312 29538 30146 I 111     : 3-3
11-11 13:40:05.337 29538 30146 I 110     : One big frame drop total:112 frameGap:1276 delta#33#69#9#59#0#9
11-11 13:40:05.389 29538 30146 I 110     : One big frame drop total:52 frameGap:52 delta#77#34#5#28#0#3
11-11 13:40:07.036 29538 30146 I 111     : 2
11-11 13:40:07.120 29538 30146 I 111     : 2
11-11 13:40:07.197 29538 30146 I 111     : 2
11-11 13:40:07.197 29538 30146 I 111     : 4
11-11 13:40:11.956 29538 30146 I 110     : One big frame drop total:97 frameGap:112 delta#0#95#0#94#0#2
11-11 13:40:25.274 29538 30146 I 110     : One big frame drop total:215 frameGap:234 delta#211#2#0#2#0#1
11-11 13:43:51.673 31264 31299 I 101     : #163
11-11 13:44:41.457  1752  2166 I 300     : 120
11-11 13:45:40.553  1752  2166 I 300     : 396
11-11 13:46:45.300  2472  3074 I 110     : One big frame drop total:78 frameGap:1127 delta#55#14#5#5#0#7
11-11 13:46:47.152  2472  3074 I 110     : One big frame drop total:80 frameGap:80 delta#33#43#1#36#0#6
11-11 13:46:47.156  2472  3074 I 111     : 3-2
11-11 13:46:50.316  1752  2158 I 322     : com.android.chrome#-1#461
11-11 13:46:50.730 31907 31989 I 110     : One big frame drop total:412 frameGap:412 delta#399#15#0#13#0#3
11-11 13:47:40.234  1752  2158 I 322     : com.android.chrome#-1#190
11-11 13:47:43.393 31907 31989 I 110     : One big frame drop total:105 frameGap:108 delta#0#100#1#85#0#3
11-11 13:47:43.403 31907 31989 I 111     : 3-2
11-11 13:50:55.361  2472  3074 I 110     : One big frame drop total:87 frameGap:87 delta#22#63#8#14#0#3
11-11 13:51:11.878  1752  2158 I 322     : com.android.chrome#-1#327
11-11 13:52:18.983  1752  2158 I 322     : com.android.chrome#-1#294
11-11 13:52:51.678  2472  3074 I 110     : One big frame drop total:82 frameGap:2713 delta#55#12#9#2#0#14
11-11 13:53:22.160  2472  3074 I 111     : 2
11-11 13:55:05.272  2472  3074 I 110     : One big frame drop total:78 frameGap:318 delta#44#16#9#6#0#16
11-11 13:55:05.300  2472  3074 I 111     : 3-2
11-11 13:55:13.771  2472  3074 I 110     : One big frame drop total:78 frameGap:2719 delta#66#6#3#3#0#4
11-11 13:55:42.543  2472  3074 I 110     : One big frame drop total:107 frameGap:140 delta#99#4#0#4#0#2
11-11 13:55:42.827  1752  2166 I 300     : 674
11-11 13:55:43.807  2472  3074 I 111     : 2
11-11 13:55:44.949  3392  3392 I 309     : package:null took:1176 calssname:android.app.ActivityThread$H callback:null what:110
11-11 13:55:44.995  3526  3526 I 309     : package:null took:1091 calssname:android.app.ActivityThread$H callback:null what:110
11-11 13:56:08.882  2472  3074 I 110     : One big frame drop total:84 frameGap:792 delta#55#23#10#7#0#5
11-11 13:56:31.159  2472  3074 I 110     : One big frame drop total:78 frameGap:2303 delta#44#21#6#9#0#12
11-11 13:56:38.348  1752  2166 I 300     : 206
11-11 13:56:56.863  1752  2166 I 300     : 328
11-11 13:56:58.835  4549  4549 I 100     : Open /data/app/~~D8ZAwxaKbc9ev2wFWuVExg==/com.google.android.youtube-a09lzbTxbWiNYUe6G1BEzw==/base.apk took:54ms
11-11 13:56:58.874  1752  2158 I 322     : com.android.systemui#-1#194
11-11 13:57:44.519  4830  5118 I 309     : package:null took:1060 calssname:android.os.Handler callback:<recycled PooledLambda@474ab6f> what:0
11-11 13:57:45.886  1752  2158 I 322     : com.android.vending#-1#230
11-11 13:57:53.488  1752  2158 I 322     : com.android.vending#-1#144
--------- beginning of system
11-11 13:58:18.876  1752  9759 I ActivityTaskManager: START u0 {flg=0x10000000 cmp=com.YourCompany.MyTestProject/com.epicgames.ue4.SplashActivity} from uid 2000 pid 5253
--------- beginning of main
11-11 13:58:18.883   990  1051 I vendor.qti.hardware.servicetracker@1.2-service: Activity state is changed to : 0
11-11 13:58:18.883   990  1051 I vendor.qti.hardware.servicetracker@1.2-service: Activity state is changed to : 0
11-11 13:58:18.887  1752  9759 E ANDR-PERF-JNI: com_qualcomm_qtiperformance_native_perf_io_prefetch_start
11-11 13:58:18.887   986  1125 E ANDR-PERF-LM: MetaMeter: handleAsync() 164: AdaptLaunch Invalid Async
11-11 13:58:18.888  1752  9759 V ActivityTaskManager: checkAndUpdateLocalList list: [com.android.chrome, com.autonavi.minimap, com.shuqiyuedu823.google, com.snapchat.android, com.tencent.mm, com.sdu.didi.psnger, com.oppo.im, com.oneplus.calculator, com.nearme.gamecenter, com.google.android.youtube, com.amazon.avod.thirdpartyclient, com.google.android.apps.maps, com.tencent.qqlive, com.youku.phone, com.qiyi.video, com.duowan.kiwi, tv.danmaku.bili, com.google.android.calendar, com.lingdian.activity, local.pivot.pingmeter, com.supercell.clashroyale, com.whatsapp, com.netflix.mediaclient] UpdateDay: 5
11-11 13:58:18.888   986  1125 I chatty  : uid=0(root) lmCoreThread identical 1 line
11-11 13:58:18.888   986  1125 E ANDR-PERF-LM: MetaMeter: handleAsync() 164: AdaptLaunch Invalid Async
11-11 13:58:18.892   985  1076 E ANDR-IOP: io prefetch is disabled
11-11 13:58:18.896  1752  9759 D ActivityTaskManager: Updating New task bounds Rect(0, 0 - 0, 0)
11-11 13:58:18.897   990  1051 I vendor.qti.hardware.servicetracker@1.2-service: Activity state is changed to : 2
11-11 13:58:18.897  1752  9759 D ActivityTrigger: ActivityTrigger activityPauseTrigger 
11-11 13:58:18.897   990  1051 I vendor.qti.hardware.servicetracker@1.2-service: Activity state is changed to : 3
11-11 13:58:18.898   990  1051 I vendor.qti.hardware.servicetracker@1.2-service: Activity state is changed to : 3
11-11 13:58:18.901  1408  1408 I cnss-daemon: nl80211 response handler invoked
11-11 13:58:18.901  1408  1408 I cnss-daemon: nl80211_response_handler: cmd 103, vendorID 4980, subcmd 13  received
11-11 13:58:18.901   960  2366 I WifiHAL : event received NL80211_CMD_VENDOR, vendor_id = 0x1374, subcmd = 0xd
11-11 13:58:18.902  4830  4830 D Launcher: onPause# hashcode: 152075988
11-11 13:58:18.902  4830  4830 I ShelfLauncherCallbacks: onPause
11-11 13:58:18.903  4830  5118 I WeatherProvider: un-subscribe the weather callback: 
11-11 13:58:18.904  1752  2762 D gwy     : OS Event: appuse
11-11 13:58:18.904   990  1051 I vendor.qti.hardware.servicetracker@1.2-service: Activity state is changed to : 4
11-11 13:58:18.904   990  1051 I vendor.qti.hardware.servicetracker@1.2-service: Activity state is changed to : 4
11-11 13:58:18.904   990  1051 I vendor.qti.hardware.servicetracker@1.2-service: Activity state is changed to : 2
11-11 13:58:18.908  1752  1992 D CompatibilityChangeReporter: Compat change id reported: 135634846; UID 10363; state: DISABLED
11-11 13:58:18.909  1752  2011 D CompatibilityChangeReporter: Compat change id reported: 143937733; UID 10363; state: DISABLED
11-11 13:58:18.910   806   806 I ZygoteServer: Get USAP proc command with pid # 22496 block_kill# true
11-11 13:58:18.910  1752  1992 D OpPowerConsumpStatsInjector: notifyPkgEvent
11-11 13:58:18.910   806   806 I ZygoteServer: Get USAP proc command with pid # 22496 block_kill# false
11-11 13:58:18.910  1752  1992 D OpRestartProcessManager: updateSelf :  com.YourCompany.MyTestProject, size : 30
11-11 13:58:18.911   806   806 I ZygoteServer: Get USAP proc command with pid # 22496 block_kill# false
11-11 13:58:18.916   986  1125 E ANDR-PERF-LM: MetaMeter: handleAsync() 164: AdaptLaunch Invalid Async
11-11 13:58:18.916  4830  5000 E sqlite3_android: [IKR-38846] ONEPLUS_NAME_PARTS_MATCH SQLITE_OK
11-11 13:58:18.917  1752  1752 V SettingsProvider: Notifying for 0: content://settings/secure/reminder_exp_learning_time_elapsed
11-11 13:58:18.921 22496 22496 I y.MyTestProjec: Late-enabling -Xcheck:jni
11-11 13:58:18.932 22496 22496 I y.MyTestProjec: Unquickening 21 vdex files!
11-11 13:58:18.933  1752  2011 I ActivityManager: Start proc 22496:com.YourCompany.MyTestProject/u0a363 for pre-top-activity {com.YourCompany.MyTestProject/com.epicgames.ue4.SplashActivity}
11-11 13:58:18.936 22496 22496 E y.MyTestProjec: Unknown bits set in runtime_flags: 0x800000
11-11 13:58:18.937 22496 22496 W y.MyTestProjec: Using default instruction set features for ARM CPU variant (cortex-a9) using conservative defaults
11-11 13:58:18.937   990   304 I vendor.qti.hardware.servicetracker@1.2-service: bindService is called for service : com.google.android.gms/.measurement.service.MeasurementBrokerService and for client net.oneplus.launcher
11-11 13:58:18.937   990   304 I vendor.qti.hardware.servicetracker@1.2-service: total connections for service : com.google.android.gms/.measurement.service.MeasurementBrokerServiceare :1
11-11 13:58:18.937   990   304 I vendor.qti.hardware.servicetracker@1.2-service: total connections for client : net.oneplus.launcherare :2
11-11 13:58:18.939   990   304 I vendor.qti.hardware.servicetracker@1.2-service: startService() is called for servicecom.google.android.gms/.measurement.service.MeasurementBrokerService
11-11 13:58:18.940  1752  1752 D xne     : Event success
11-11 13:58:18.941  4009  4009 D BoundBrokerSvc: onBind: Intent { act=com.google.android.gms.measurement.START pkg=com.google.android.gms }
11-11 13:58:18.941  4009  4009 D BoundBrokerSvc: Loading bound service for intent: Intent { act=com.google.android.gms.measurement.START pkg=com.google.android.gms }
11-11 13:58:18.944  6353  6539 I BtGatt.ScanManager: msg.what = 6
11-11 13:58:18.944  1752  1993 D OPFD_CTRL_SVC: [2]handle Starting Window for { com.YourCompany.MyTestProject }, Dark? false
11-11 13:58:18.946  1201  1217 I adbd    : jdwp connection from 22496
11-11 13:58:18.948  4830  5000 E sqlite3_android: [IKR-38846] ONEPLUS_NAME_PARTS_MATCH SQLITE_OK
11-11 13:58:18.950  1325  5281 E ANDR-RAMBOOST_SERVER: ramboost cmd_len = 140 cmd: iop_start -1 com.YourCompany.MyTestProject /data/app/~~rW_haYhpWjgQ5PXQvsHmeQ==/com.YourCompany.MyTestProject-wAT9vNWvwlGr5Czaj4Pr5w== false
11-11 13:58:18.950   986  1125 E ANDR-PERF-LM: MetaMeter: handleAsync() 164: AdaptLaunch Invalid Async
11-11 13:58:18.952  4830  4830 D ViewRootImpl[Launcher]: windowFocusChanged hasFocus=false inTouchMode=true
11-11 13:58:18.955  1752  1993 I OPFD_Manager: Dark? false, OP Force ? false
11-11 13:58:18.956   990   304 I vendor.qti.hardware.servicetracker@1.2-service: Activity state is changed to : 2
11-11 13:58:18.957   990   304 I vendor.qti.hardware.servicetracker@1.2-service: Activity state is changed to : 2
11-11 13:58:18.957  1325  5284 E ANDR-RAMBOOST_SERVER: ramboost cmd_len = 143 cmd: iop_start 22496 com.YourCompany.MyTestProject /data/app/~~rW_haYhpWjgQ5PXQvsHmeQ==/com.YourCompany.MyTestProject-wAT9vNWvwlGr5Czaj4Pr5w== false
11-11 13:58:18.957  1752  2166 I DisplayPowerController: useProximityForceSuspend = false
11-11 13:58:18.967  4830  4830 D Launcher: onWindowFocusChanged# hasFocus: false
11-11 13:58:18.967  1752  2166 I RampAnimator: target:0.05 rate:0.2352941 mCurrentValue:0.12869671 mTargetValue:0.037975937
11-11 13:58:18.967  1752  2166 I RampAnimator: STILL DIM!
11-11 13:58:18.987  1752  9759 D OpColorDisplayService: frontPackageChanged: com.YourCompany.MyTestProject
11-11 13:58:18.987  1752  9759 D OpColorDisplayService: lpackageName: net.oneplus.launcher
11-11 13:58:18.987  1752  9759 D OpColorDisplayService: Gamma = 1.0  mOemBlackModeStatus = true  mLowBacklightStatus = false  mIsSetgammaData = false
11-11 13:58:18.987  1752  9759 D OpSlaNetlinkHelper: frontPackageChanged: com.YourCompany.MyTestProject uid:10363 pid:22496 | net.oneplus.launcher uid:10131 pid:4830
11-11 13:58:18.987  1752  9759 D OpProximityController: noteFrontPackageChanged pkg:com.YourCompany.MyTestProject uid:10363 lpkg:net.oneplus.launcher luid:10131
11-11 13:58:18.988  1752  9759 D OemSceneModeActivityStack: [scene] evaluateGameModes :  gameMsg.arg1=0 gameMsg.arg2=1
11-11 13:58:18.988  1752  9759 E ScreenModeService: getAppToken ActivityRecord{3c903ff u0 com.YourCompany.MyTestProject/com.epicgames.ue4.SplashActivity t40}
11-11 13:58:18.988  1752  9759 E ScreenModeService: setRefreshRate token ActivityRecord{3c903ff u0 com.YourCompany.MyTestProject/com.epicgames.ue4.SplashActivity t40} rate 0 tmpRate 0
11-11 13:58:18.988  1752  9759 D OpQuickReply: setQuickReplyResumed focusedApp ActivityRecord{3c903ff u0 com.YourCompany.MyTestProject/com.epicgames.ue4.SplashActivity t40} pkgName com.YourCompany.MyTestProject
11-11 13:58:18.988  1752  9759 D Hypnus  : hypnusSetScene: uid=10363, pid=22496, name=com.YourCompany.MyTestProject, activity=null
11-11 13:58:18.989  3881  3897 E Parcel  : Reading a NULL string not supported here.
11-11 13:58:18.989  3881  3890 E horae   : setForegroundPackage, mChargingStateMachine is null!
11-11 13:58:18.993  1752  1993 D Letterbox: show it
11-11 13:58:19.007 22496 22496 D ApplicationLoaders: Returning zygote-cached class loader: /system/framework/android.test.base.jar
11-11 13:58:19.008  2472  2472 D StatusBar: Status bar WINDOW_STATE_HIDDEN
11-11 13:58:19.008  2472  2472 D KeyguardAffordanceView: setCircleRadius: 0.0com.android.systemui.statusbar.KeyguardAffordanceView.setCircleRadiusWithoutAnimation:416 com.android.systemui.statusbar.phone.KeyguardAffordanceHelper.updateIcon:444 com.android.systemui.statusbar.phone.KeyguardAffordanceHelper.setTranslation:394 com.android.systemui.statusbar.phone.KeyguardAffordanceHelper.reset:506 com.android.systemui.statusbar.phone.NotificationPanelViewController.resetViews:1208 com.android.systemui.statusbar.phone.PanelBar.collapsePanel:268 com.android.systemui.statusbar.phone.StatusBar.setWindowState:2624 
11-11 13:58:19.010  2472  2472 D OverviewProxyService: SystemUi flags: 40000000
11-11 13:58:19.010 22496 22496 I y.MyTestProjec: The ClassLoaderContext is a special shared library.
11-11 13:58:19.010  4830 27135 D TouchInteractionService: onSystemUiStateChanged# stateFlags: 0 -> 1073741824
11-11 13:58:19.011  2472  2472 D OverviewProxyService: SystemUi flags: 40000000
11-11 13:58:19.019  4830  4830 D LauncherRootView: dispatchApplyWindowInsets# gestureInsets: Insets{left=0, top=117, right=0, bottom=0}
11-11 13:58:19.019  4830  4830 D LauncherRootView: handleSystemWindowInsets# insets: [0,117][0,0] , isInMultiWindowMode: false
11-11 13:58:19.042   595   595 I hwservicemanager: getTransport: Cannot find entry android.hardware.power.stats@1.0::IPowerStats/default in either framework or device manifest.
11-11 13:58:19.042   595   595 I hwservicemanager: getTransport: Cannot find entry android.hardware.power@1.0::IPower/default in either framework or device manifest.
11-11 13:58:19.042  1752  2036 E BatteryStatsService: Unable to load Power Hal or power.stats HAL
11-11 13:58:19.045   990   304 I vendor.qti.hardware.servicetracker@1.2-service: bindService is called for service : com.google.android.gms/.ads.identifier.service.AdvertisingIdService and for client com.google.android.gms
11-11 13:58:19.045   990   304 I vendor.qti.hardware.servicetracker@1.2-service: total connections for service : com.google.android.gms/.ads.identifier.service.AdvertisingIdServiceare :1
11-11 13:58:19.045   990   304 I vendor.qti.hardware.servicetracker@1.2-service: total connections for client : com.google.android.gmsare :4
11-11 13:58:19.047   990   304 I vendor.qti.hardware.servicetracker@1.2-service: startService() is called for servicecom.google.android.gms/.ads.identifier.service.AdvertisingIdService
11-11 13:58:19.047  1752  1752 V SettingsProvider: Notifying for 0: content://settings/system/screen_brightness_animation_duration
11-11 13:58:19.050  1752  2032 D ExtBatteryStatsService: @@@@ awaitUninterruptibly in 104 ms
11-11 13:58:19.050  1752  2032 D MyBatteryStatsHelper: ===processSingleAppUsage===
11-11 13:58:19.053  1752  1752 V SettingsProvider: Notifying for 0: content://settings/global/device_is_dimming
11-11 13:58:19.053  1752  1992 D OpPowerConsumpStatsInjector: notifyPkgEvent
11-11 13:58:19.056  1752  2032 D ExtBatteryStatsService: ext-flush too soon, skip
11-11 13:58:19.056  1752  2032 D MyBatteryStatsHelper: ===processSingleAppUsage===
11-11 13:58:19.056  4830  6192 D RecentTasksList: loadTasksInBackground: getRecentTasks
11-11 13:58:19.058   990   304 I vendor.qti.hardware.servicetracker@1.2-service: unbindService is called for service : com.google.android.gms/.ads.identifier.service.AdvertisingIdService and for client com.google.android.gms
11-11 13:58:19.058   990   304 I vendor.qti.hardware.servicetracker@1.2-service: size of service connections for service: com.google.android.gms/.ads.identifier.service.AdvertisingIdServiceafter removal is 0
11-11 13:58:19.058   990   304 I vendor.qti.hardware.servicetracker@1.2-service: size of client connections for client: com.google.android.gmsafter removal is 3
11-11 13:58:19.063   990   304 I vendor.qti.hardware.servicetracker@1.2-service: destroyService is called for service : com.google.android.gms/.ads.identifier.service.AdvertisingIdService
11-11 13:58:19.065  5153  5153 I A       : onApplyWindowInsets: systemWindowInsets=Insets{left=0, top=117, right=0, bottom=0}
11-11 13:58:19.065  5153  5153 I A       : onApplyWindowInsets: Adjusting for display cutouts. Safe insets: left=0, top=113, right=0, bottom=0
11-11 13:58:19.066  5153  5153 I A       : onApplyWindowInsets: systemWindowInsets=Insets{left=0, top=117, right=0, bottom=0}
11-11 13:58:19.067  2472  2472 D EdgeBackGestureHandler: updateTopPackage isHomeApp false
11-11 13:58:19.068  4830  6192 D RecentTasksList: dumpTasks# id=30, cmp=ComponentInfo{com.android.chrome/org.chromium.chrome.browser.customtabs.CustomTabActivity}, uid=0, locked=false, isAppLocked=false; id=31, cmp=ComponentInfo{com.android.chrome/com.google.android.apps.chrome.Main}, uid=0, locked=false, isAppLocked=false; id=40, cmp=ComponentInfo{com.YourCompany.MyTestProject/com.epicgames.ue4.SplashActivity}, uid=0, locked=false, isAppLocked=false;
11-11 13:58:19.084 22496 22496 I 100     : Open /data/app/~~rW_haYhpWjgQ5PXQvsHmeQ==/com.YourCompany.MyTestProject-wAT9vNWvwlGr5Czaj4Pr5w==/base.apk took:71ms
11-11 13:58:19.086   990   304 I vendor.qti.hardware.servicetracker@1.2-service: startService() is called for servicecom.google.android.gms/.chimera.GmsIntentOperationService
11-11 13:58:19.087  1752  1752 V SettingsProvider: Notifying for 0: content://settings/system/colour_cast
11-11 13:58:19.087  1752  2101 D OpColorDisplayService: Gamma = 1.0  mOemBlackModeStatus = true  mLowBacklightStatus = true  mIsSetgammaData = false
11-11 13:58:19.082   986   986 W /vendor/bin/hw/vendor.qti.hardware.perf@2.2-service: type=1400 audit(0.0:19026): avc: denied { search } for comm=41646170744C61756E636820566D name="1992" dev="proc" ino=1089976 scontext=u:r:vendor_hal_perf_default:s0 tcontext=u:r:system_server:s0 tclass=dir permissive=0
11-11 13:58:19.082   986   986 W /vendor/bin/hw/vendor.qti.hardware.perf@2.2-service: type=1400 audit(0.0:19027): avc: denied { search } for comm=41646170744C61756E636820566D name="1993" dev="proc" ino=1089977 scontext=u:r:vendor_hal_perf_default:s0 tcontext=u:r:system_server:s0 tclass=dir permissive=0
11-11 13:58:19.082   986   986 W /vendor/bin/hw/vendor.qti.hardware.perf@2.2-service: type=1400 audit(0.0:19028): avc: denied { search } for comm=41646170744C61756E636820566D name="1994" dev="proc" ino=1089978 scontext=u:r:vendor_hal_perf_default:s0 tcontext=u:r:system_server:s0 tclass=dir permissive=0
11-11 13:58:19.082   986   986 W /vendor/bin/hw/vendor.qti.hardware.perf@2.2-service: type=1400 audit(0.0:19029): avc: denied { search } for comm=41646170744C61756E636820566D name="2029" dev="proc" ino=1089979 scontext=u:r:vendor_hal_perf_default:s0 tcontext=u:r:system_server:s0 tclass=dir permissive=0
11-11 13:58:19.082   986   986 W /vendor/bin/hw/vendor.qti.hardware.perf@2.2-service: type=1400 audit(0.0:19030): avc: denied { search } for comm=41646170744C61756E636820566D name="3823" dev="proc" ino=1089980 scontext=u:r:vendor_hal_perf_default:s0 tcontext=u:r:system_server:s0 tclass=dir permissive=0
11-11 13:58:19.082   986   986 W /vendor/bin/hw/vendor.qti.hardware.perf@2.2-service: type=1400 audit(0.0:19031): avc: denied { search } for comm=41646170744C61756E636820566D name="3826" dev="proc" ino=1089981 scontext=u:r:vendor_hal_perf_default:s0 tcontext=u:r:system_server:s0 tclass=dir permissive=0
11-11 13:58:19.082   986   986 W /vendor/bin/hw/vendor.qti.hardware.perf@2.2-service: type=1400 audit(0.0:19032): avc: denied { search } for comm=41646170744C61756E636820566D name="3864" dev="proc" ino=1089982 scontext=u:r:vendor_hal_perf_default:s0 tcontext=u:r:system_server:s0 tclass=dir permissive=0
11-11 13:58:19.097 22496 22496 I Perf    : Connecting to perf service.
11-11 13:58:19.098  4009  5290 I GmscoreIpa: Starting mediastore instant index [CONTEXT service_id=255 ]
11-11 13:58:19.104 22496 22496 I y.MyTestProjec: [GL_OOM] ClampGrowthLimit 268435456
11-11 13:58:19.104 22496 22496 I y.MyTestProjec: [GL_OOM] limited APP ClampGrowthLimit, set size to 268435456
11-11 13:58:19.104  3476 28300 W NetworkScheduler: Error inserting flex_time=3400000 job_id=-1 period=6802000 source=16 requires_charging=0 preferred_network_type=1 target_class=com.google.android.gms.measurement.PackageMeasurementTaskService user_id=0 target_package=com.google.android.gms tag=Measurement.PackageMeasurementTaskService.UPLOAD_TASK_TAG task_type=0 required_idleness_state=0 service_kind=0 source_version=213918000 persistence_level=1 preferred_charging_state=1 required_network_type=0 runtime=1636635499102 retry_strategy={"maximum_backoff_seconds":{"3600":0},"initial_backoff_seconds":{"30":0},"retry_policy":{"0":0}} last_runtime=0, error message: UNIQUE constraint failed: pending_ops.tag, pending_ops.target_class, pending_ops.target_package, pending_ops.user_id (code 2067 SQLITE_CONSTRAINT_UNIQUE) [CONTEXT service_id=218 ]
11-11 13:58:19.106 22496 22496 D NetworkSecurityConfig: No Network Security Config specified, using platform default
11-11 13:58:19.110  1752  3297 D CompatibilityChangeReporter: Compat change id reported: 149924527; UID 10205; state: ENABLED
11-11 13:58:19.111  1752  3297 D CompatibilityChangeReporter: Compat change id reported: 132649864; UID 10205; state: DISABLED
11-11 13:58:19.106 22496 22496 D NetworkSecurityConfig: No Network Security Config specified, using platform default
11-11 13:58:19.121 22496 22496 I TetheringManager: registerTetheringEventCallback:com.YourCompany.MyTestProject
11-11 13:58:19.123  1752  2286 D ConnectivityService: NetReassign [no changes]
11-11 13:58:19.130 22496  5292 V UE4     : [NetworkChangedManager] Network Available: 102
11-11 13:58:19.131 22496  5292 V UE4     : [NetworkChangedManager] No network state set yet, setting naive network state checking connection fully.
11-11 13:58:19.131 22496  5292 V UE4     : [NetworkChangedManager] Network connectivity changed. New connectivity state: CONNECTION_AVAILABLE
11-11 13:58:19.133 22496  5292 V UE4     : [NetworkChangedManager] Network Capabilities changed, has Internet: true
11-11 13:58:19.133 22496 22496 E libprocessgroup: set_timerslack_ns write failed: Operation not permitted
11-11 13:58:19.134 22496  5294 V UE4     : [NetworkChangedManager] Verifying internet connection with host: https://example.com/
11-11 13:58:19.140  1025  1078 W DisplayIdentification: Invalid EDID: falling back to serial number due to missing display name.
11-11 13:58:19.140  1025  1078 W DisplayIdentification: Invalid EDID: falling back to ASCII text due to missing serial number.
11-11 13:58:19.146 22496  5294 I DpmTcmClient: RegisterTcmMonitor from: $Proxy1
11-11 13:58:19.215  1752  3041 I ActivityTaskManager: START u0 {flg=0x10000 cmp=com.YourCompany.MyTestProject/com.epicgames.ue4.GameActivity (has extras)} from uid 10363 pid 22496
11-11 13:58:19.215   990   304 I vendor.qti.hardware.servicetracker@1.2-service: Activity state is changed to : 0
11-11 13:58:19.217  1752  3041 V ActivityTaskManager: GestureButton: skip computeBounds for this=ActivityRecord{d3cedc1 u0 com.YourCompany.MyTestProject/com.epicgames.ue4.GameActivity maxAspectRatio=2.1
11-11 13:58:19.215   990   304 I vendor.qti.hardware.servicetracker@1.2-service: Activity state is changed to : 0
11-11 13:58:19.219   990  3974 I vendor.qti.hardware.servicetracker@1.2-service: Activity state is changed to : 2
11-11 13:58:19.219  1752  3041 D ActivityTrigger: ActivityTrigger activityPauseTrigger 
11-11 13:58:19.219   990  3974 I vendor.qti.hardware.servicetracker@1.2-service: Activity state is changed to : 3
11-11 13:58:19.219   990  3974 I vendor.qti.hardware.servicetracker@1.2-service: Activity state is changed to : 3
11-11 13:58:19.221  1752  3041 D Letterbox: show it
11-11 13:58:19.222   986  1125 W ANDR-PERF-LM: MetaMeter: handleAsync() 169: GameOptimization Invalid state for appName com.YourCompany.MyTestProject 
11-11 13:58:19.226  1752  1992 D OpRestartProcessManager: Duration is too short, ignore : 309 in com.YourCompany.MyTestProject
11-11 13:58:19.228   990  3974 I vendor.qti.hardware.servicetracker@1.2-service: Activity state is changed to : 4
11-11 13:58:19.228   990  3974 I vendor.qti.hardware.servicetracker@1.2-service: Activity state is changed to : 4
11-11 13:58:19.228   990  3974 I vendor.qti.hardware.servicetracker@1.2-service: Activity state is changed to : 5
11-11 13:58:19.228   990  3974 I vendor.qti.hardware.servicetracker@1.2-service: Activity state is changed to : 5
11-11 13:58:19.228   990   304 I vendor.qti.hardware.servicetracker@1.2-service: Activity state is changed to : 2
11-11 13:58:19.229  1752  2912 I ActivityTaskManager: The Process com.YourCompany.MyTestProject Already Exists in BG. So sending its PID: 22496
