--------- beginning of main
11-29 15:20:59.073   721 28037 E sensors-hal: handle_sns_client_event:51, device_orient_event: ts=1988118877751375, type=4
11-29 15:20:59.265   721 28037 E sensors-hal: handle_sns_client_event:51, device_orient_event: ts=1988119071029917, type=0
11-29 15:20:59.362 31824 31824 E adbd    : failed to connect to socket 'tcp:6666': Connection refused
11-29 15:20:59.760  1703  1703 E ndroid.systemu: Invalid ID 0x00000000.
11-29 15:21:00.009  1703  2001 I ClockCtrl:  schedule next: 59991
11-29 15:21:00.009  1703  2001 I KeyguardUpdateMonitor: onTimeChanged
11-29 15:21:00.010  1703  1703 D KeyguardUpdateMonitor: handleTimeUpdate
11-29 15:21:00.018  1703  1703 I Clock   : onTimeChanged
11-29 15:21:00.018  1703  1703 I Clock   : onTimeChanged
11-29 15:21:00.018  1703  1703 I DateView: onTimeChanged
11-29 15:21:00.466   721 28037 E sensors-hal: handle_sns_client_event:51, device_orient_event: ts=1988120269426167, type=4
11-29 15:21:00.619   721 28037 E sensors-hal: handle_sns_client_event:51, device_orient_event: ts=1988120424063667, type=0
11-29 15:21:01.367 31824 31824 E adbd    : failed to connect to socket 'tcp:6666': Connection refused
11-29 15:21:01.430   721 28037 E sensors-hal: handle_sns_client_event:51, device_orient_event: ts=1988121235890385, type=4
11-29 15:21:01.782 31890 31898 W System  : A resource failed to call end. 
11-29 15:21:01.782 31890 31898 W System  : A resource failed to call end. 
11-29 15:21:01.897   721 28037 E sensors-hal: handle_sns_client_event:51, device_orient_event: ts=1988121699786792, type=0
11-29 15:21:02.161   318   536 I VoiceInputManagerWrapper: VoiceInputManagerWrapper.shutdownVoiceInternal():95 shutdownVoiceInternal()
11-29 15:21:02.653  1928  1928 D QcrilMsgTunnelIfaceManager: handleMessage what = 1
11-29 15:21:02.656  1928  1928 I QcrilOemhookMsgTunnel: [0]invokeOemRilRequestRaw: serial=20510 length=25
11-29 15:21:02.660  1928  2020 I QcrilOemhookMsgTunnel: [0]processOemHookResponse serial no: 20510 error: 0length=0
11-29 15:21:02.660  1928  1928 D QcrilMsgTunnelIfaceManager: handleMessage what = 2
11-29 15:21:02.661   883  1194 D RestartProcessManager: Removing package : com.YourCompany.MyTestProject
11-29 15:21:02.662   883  1194 D PackageManager: Unregistered content provider: com.YourCompany.MyTestProject.lifecycle-process, className = androidx.lifecycle.ProcessLifecycleOwnerInitializer, isSyncable = false
11-29 15:21:02.662   883  1194 D PackageManager:   Providers: androidx.lifecycle.ProcessLifecycleOwnerInitializer
11-29 15:21:02.662   883  1194 D PackageManager:   Services: com.YourCompany.MyTestProject.OBBDownloaderService com.google.android.gms.auth.api.signin.RevocationBoundService
11-29 15:21:02.662   883  1194 D PackageManager:   Receivers: com.YourCompany.MyTestProject.AlarmReceiver com.epicgames.ue4.LocalNotificationReceiver com.epicgames.ue4.MulticastBroadcastReceiver
11-29 15:21:02.673   883  1194 D PackageManager:   Activities: com.epicgames.ue4.SplashActivity com.epicgames.ue4.GameActivity com.YourCompany.MyTestProject.DownloaderActivity com.google.android.gms.ads.AdActivity com.google.android.gms.auth.api.signin.internal.SignInHubActivity com.google.ar.core.InstallActivity com.android.billingclient.api.ProxyBillingActivity com.google.android.gms.common.api.GoogleApiActivity
11-29 15:21:02.776   933   933 I keystore: clear_uid 10181
11-29 15:21:02.777   883  1194 V PackageManager: send theme broadcast
11-29 15:21:02.862   915   944 D         : DpmQmiMgr areAllIfaceActive 
11-29 15:21:03.010   883  1194 I system_server: Explicit concurrent copying GC freed 90860(3MB) AllocSpace objects, 12(384KB) LOS objects, 33% free, 47MB/71MB, paused 160us total 233.149ms
11-29 15:21:03.018   883  1194 E system_server: No package ID 7f found for ID 0x7f0a0010.
11-29 15:21:03.018   883  1194 E system_server: No package ID 7f found for ID 0x7f070001.
11-29 15:21:03.043   883 18854 D OSTracker: OS Event: uninstall
11-29 15:21:03.052   883  1194 D EmbryoManager: packageChanged com.YourCompany.MyTestProject uid 10181
11-29 15:21:03.064   883 18854 D AbstractTracker: Event success
11-29 15:21:03.083  2959  2959 D RegisteredServicesCache: Intent action: android.intent.action.PACKAGE_REMOVED
11-29 15:21:03.083  2959  2959 D RegisteredNxpServicesCache: uninstall packageName:com.YourCompany.MyTestProject
11-29 15:21:03.084 21002 21002 I GsaVoiceInteractionSrv: O received Intent { act=android.intent.action.PACKAGE_REMOVED dat=package:com.YourCompany.MyTestProject flg=0x4000010 (has extras) }
11-29 15:21:03.090  2463  4336 D AccountTypeManager: Registering external account type=com.google.android.apps.tachyon, packageName=com.google.android.apps.tachyon
11-29 15:21:03.092  2463  4336 D AccountTypeManager: Registering external account type=com.whatsapp, packageName=com.whatsapp
11-29 15:21:03.093   883  1419 I InputReader: Reconfiguring input devices.  changes=0x00000010
11-29 15:21:03.097  2463  4336 D AccountTypeManager: Registering 1 extension packages
11-29 15:21:03.105  2142  2142 V OPSkinReceiver: intent:Intent { act=action_change_isolate_application_theme dat=package:com.YourCompany.MyTestProject flg=0x14000010 pkg=com.oneplus.skin cmp=com.oneplus.skin/.OPSkinReceiver (has extras) }
11-29 15:21:03.107   883   883 W system_server: Unknown chunk type '200'.
11-29 15:21:03.112  2463  4336 E ExternalAccountType: Unsupported attribute readOnly
11-29 15:21:03.116  2463  4336 D AccountTypeManager: Registering extension package account type=com.google, dataSet=plus, packageName=com.google.android.gms
11-29 15:21:03.116  1944  1944 D CarrierSvcBindHelper: No carrier app for: 0
11-29 15:21:03.119 21717 21717 I Finsky  : [2] ngb.i(0): PackageMonitorReceiverImpl - Received: android.intent.action.PACKAGE_REMOVED, [8DO58UsCU6ZC1iW_fwag7maqFYLxhDJLeNZ5ql4Nx_U]
11-29 15:21:03.122  2959  2959 D RegisteredServicesCache: Adding service: ComponentInfo{com.google.android.gms/com.google.android.gms.nearby.mediums.nearfieldcommunication.NfcAdvertisingService} AIDs: [F00000FE2C]
11-29 15:21:03.122  2959  2959 D RegisteredServicesCache: Adding service: ComponentInfo{com.google.android.gms/com.google.android.gms.pay.hce.service.PayHceService} AIDs: []
11-29 15:21:03.122  2959  2959 D RegisteredServicesCache: Adding service: ComponentInfo{com.google.android.gms/com.google.android.gms.tapandpay.hce.service.TpHceService} AIDs: [325041592E5359532E4444463031, A0000000041010, A0000000042203, A0000000043060, A0000000031010, A0000000980840, A0000000032010, A0000000032020, A00000000307010001, A0000003241010, A0000001523010, A0000001524010, A00000002501, A000000025011001, A000000025021001, A0000002771010, A00000038410, A00000038420, A0000004941010, A0000004942010, A0000000049101, A0000007800006, A0000006581010]
11-29 15:21:03.122  2959  2959 D RegisteredServicesCache: Adding service: ComponentInfo{se.sas.android/se.sas.android.misc.nfc.SmartPassHostApduService} AIDs: [F0534B46515456]
11-29 15:21:03.122  2959  2959 D RegisteredServicesCache:  Reading service state data always from file
11-29 15:21:03.122  2959  2959 D RegisteredServicesCache: ServiceStateFileVersion=1.0
11-29 15:21:03.122  2959  2959 E RegisteredServicesCache: Next Tag=services
11-29 15:21:03.122  2959  2959 D RegisteredServicesCache:  curr component com.google.android.gms/com.google.android.gms.nearby.mediums.nearfieldcommunication.NfcAdvertisingService
11-29 15:21:03.122  2959  2959 D RegisteredServicesCache:  curr uid 10010
11-29 15:21:03.122  2959  2959 D RegisteredServicesCache:  curr state 2
11-29 15:21:03.122  2959  2959 E RegisteredServicesCache: installedServices no uidString 
11-29 15:21:03.122  2959  2959 D RegisteredServicesCache:  curr component com.google.android.gms/com.google.android.gms.pay.hce.service.PayHceService
11-29 15:21:03.122  2959  2959 D RegisteredServicesCache:  curr uid 10010
11-29 15:21:03.122  2959  2959 D RegisteredServicesCache:  curr state 2
11-29 15:21:03.122  2959  2959 E RegisteredServicesCache: installedServices contains uidString : 10010
11-29 15:21:03.122  2959  2959 D RegisteredServicesCache:  curr component se.sas.android/se.sas.android.misc.nfc.SmartPassHostApduService
11-29 15:21:03.122  2959  2959 D RegisteredServicesCache:  curr uid 10127
11-29 15:21:03.122  2959  2959 D RegisteredServicesCache:  curr state 1
11-29 15:21:03.122  2959  2959 E RegisteredServicesCache: installedServices no uidString 
11-29 15:21:03.122  2959  2959 E RegisteredServicesCache: 1invalidateCache:WriteServiceStateToFile
11-29 15:21:03.122  2959  2959 E RegisteredServicesCache:  Writing service state Data Always
11-29 15:21:03.122  1944  1944 D CarrierSvcBindHelper: No carrier app for: 1
11-29 15:21:03.124  2959  2959 E RegisteredServicesCache: component namecom.google.android.gms/com.google.android.gms.nearby.mediums.nearfieldcommunication.NfcAdvertisingService
11-29 15:21:03.124  2959  2959 E RegisteredServicesCache: component namecom.google.android.gms/com.google.android.gms.pay.hce.service.PayHceService
11-29 15:21:03.124  2959  2959 E RegisteredServicesCache: component namese.sas.android/se.sas.android.misc.nfc.SmartPassHostApduService
11-29 15:21:03.132 21717 21717 I Finsky  : [2] ngp.n(8): Invalidating cached PackageState for com.YourCompany.MyTestProject
11-29 15:21:03.138  2959  2959 D CardEmulationManager: Current default: ComponentInfo{com.google.android.gms/com.google.android.gms.tapandpay.hce.service.TpHceService}
11-29 15:21:03.138   883   883 V Theme   : com.oneplus.account, Add app's resource
11-29 15:21:03.139   883   883 V Theme   : com.oneplus.account, Add app's resource
11-29 15:21:03.139 21717 21717 I Finsky  : [2] ngp.s(3): Package no longer installed: com.YourCompany.MyTestProject
11-29 15:21:03.140  2959  2959 D RegisteredServicesCache: ApduService: ComponentInfo{com.google.android.gms/com.google.android.gms.nearby.mediums.nearfieldcommunication.NfcAdvertisingService}, description: Nearby, Static AID Groups: Category: other, AIDs:F00000FE2C, , Dynamic AID Groups: 
11-29 15:21:03.141  2959  2959 D RegisteredServicesCache: ApduService: ComponentInfo{com.google.android.gms/com.google.android.gms.pay.hce.service.PayHceService}, description: Google Pay, Static AID Groups: , Dynamic AID Groups: Category: other, AIDs:4F53452E5641532E3031, A000000476D0000111, 
11-29 15:21:03.141  2959  2959 D RegisteredServicesCache: ApduService: ComponentInfo{com.google.android.gms/com.google.android.gms.tapandpay.hce.service.TpHceService}, description: Google Pay, Static AID Groups: Category: payment, AIDs:325041592E5359532E4444463031, A0000000041010, A0000000042203, A0000000043060, A0000000031010, A0000000980840, A0000000032010, A0000000032020, A00000000307010001, A0000003241010, A0000001523010, A0000001524010, A00000002501, A000000025011001, A000000025021001, A0000002771010, A00000038410, A00000038420, A0000004941010, A0000004942010, A0000000049101, A0000007800006, A0000006581010, , Dynamic AID Groups: 
11-29 15:21:03.141  2959  2959 D RegisteredServicesCache: ApduService: ComponentInfo{se.sas.android/se.sas.android.misc.nfc.SmartPassHostApduService}, description: SAS Smart Pass, Static AID Groups: Category: other, AIDs:F0534B46515456, , Dynamic AID Groups: 
11-29 15:21:03.141  2463  4336 I AccountTypeManager: Loaded meta-data for 5 account types, 9 accounts in 58ms(wall) 6ms(cpu)
11-29 15:21:03.141  2959  2959 D RegisteredNfcFServicesCache: Service unchanged, not updating
11-29 15:21:03.157  3495 28129 I Fitness : FitCleanupIntentOperation received Intent android.intent.action.PACKAGE_REMOVED [CONTEXT service_id=17 ]
11-29 15:21:03.162 21717 21717 I Finsky  : [2] qnr.a(8): Clearing split related stale data.
11-29 15:21:03.164  8412 28121 I BlockstoreStorage: Clearing all the Blockstore Data for package com.YourCompany.MyTestProject [CONTEXT service_id=258 ]
11-29 15:21:03.164  8412 28121 I BlockstoreStorage: Clearing all the Blockstore Data for 1 packages [CONTEXT service_id=258 ]
11-29 15:21:03.176  8412 28137 I GmsDebugLogger: [101] -games
11-29 15:21:03.178 21717 21717 I Finsky  : [2] ngp.s(3): Package no longer installed: com.YourCompany.MyTestProject
11-29 15:21:03.189 21717 21717 I Finsky  : [2] wbm.c(3): Do not start WearSupportService due to Wear service optimization
11-29 15:21:03.189  8412 28147 I ContentMaintenance: Internal cache bytes used: 26050; limit: 100000000; download size: 0
11-29 15:21:03.194 21717 28146 I Finsky  : [15709] fag.accept(34): Asset module storage cleared for package com.YourCompany.MyTestProject.
11-29 15:21:03.198 21717 28125 I Finsky  : [15700] ihu.run(10): Frosting DB delete succeeded: true
11-29 15:21:03.199 21717 28125 I Finsky  : [15700] ihu.run(10): Frosting DB delete succeeded: false
11-29 15:21:03.204 21717 13538 I Finsky  : [15544] esh.a(5): AIM: AppInfoManager-Perf > OnDeviceAppInfo > cacheHitCount=0, cacheMissCount=1. Missed  in cache (limit 10) : [com.YourCompany.MyTestProject]
11-29 15:21:03.205  8412 24369 I Icing   : doRemovePackageData com.YourCompany.MyTestProject
11-29 15:21:03.206  8412 28147 I RealtimeCacheCleanup: Beginning Realtime garbage collection.
11-29 15:21:03.206  8412 28147 I RealtimeCacheCleanup: Finished Realtime garbage collection.
11-29 15:21:03.209   883  1041 V Theme   : com.android.contacts, Add app's resource
11-29 15:21:03.221  8412  8412 W ChimeraUtils: Module com.google.android.gms.games_full has empty metadata display_name_string_id
11-29 15:21:03.228   883  1041 V Theme   : com.android.contacts, Add app's resource
11-29 15:21:03.228 21717 21717 E Finsky  : [2] qpl.b(5): STU: Failed to get status for package 'com.YourCompany.MyTestProject' (1601)
11-29 15:21:03.228 21717 21717 E Finsky  : android.content.pm.PackageManager$NameNotFoundException: com.YourCompany.MyTestProject
11-29 15:21:03.228 21717 21717 E Finsky  : 	at java.lang.reflect.Constructor.newInstance0(Native Method)
11-29 15:21:03.228 21717 21717 E Finsky  : 	at java.lang.reflect.Constructor.newInstance(Constructor.java:343)
11-29 15:21:03.228 21717 21717 E Finsky  : 	at android.os.ParcelableException.readFromParcel(ParcelableException.java:56)
11-29 15:21:03.228 21717 21717 E Finsky  : 	at android.os.ParcelableException$1.createFromParcel(ParcelableException.java:82)
11-29 15:21:03.228 21717 21717 E Finsky  : 	at android.os.ParcelableException$1.createFromParcel(ParcelableException.java:79)
11-29 15:21:03.228 21717 21717 E Finsky  : 	at android.os.Parcel.readParcelable(Parcel.java:2774)
11-29 15:21:03.228 21717 21717 E Finsky  : 	at android.os.Parcel.createException(Parcel.java:1945)
11-29 15:21:03.228 21717 21717 E Finsky  : 	at android.os.Parcel.readException(Parcel.java:1918)
11-29 15:21:03.228 21717 21717 E Finsky  : 	at android.os.Parcel.readException(Parcel.java:1868)
11-29 15:21:03.228 21717 21717 E Finsky  : 	at android.app.usage.IStorageStatsManager$Stub$Proxy.queryStatsForPackage(IStorageStatsManager.java:351)
11-29 15:21:03.228 21717 21717 E Finsky  : 	at android.app.usage.StorageStatsManager.queryStatsForPackage(StorageStatsManager.java:208)
11-29 15:21:03.228 21717 21717 E Finsky  : 	at kei.run(PG:69)
11-29 15:21:03.228 21717 21717 E Finsky  : 	at android.os.Handler.handleCallback(Handler.java:873)
11-29 15:21:03.228 21717 21717 E Finsky  : 	at android.os.Handler.dispatchMessage(Handler.java:99)
11-29 15:21:03.228 21717 21717 E Finsky  : 	at android.os.Looper.loop(Looper.java:193)
11-29 15:21:03.228 21717 21717 E Finsky  : 	at android.os.HandlerThread.run(HandlerThread.java:65)
11-29 15:21:03.228 21717 21717 E Finsky  : Caused by: android.os.RemoteException: Remote stack trace:
11-29 15:21:03.228 21717 21717 E Finsky  : 	at com.android.server.usage.StorageStatsService.queryStatsForPackage(StorageStatsService.java:261)
11-29 15:21:03.228 21717 21717 E Finsky  : 	at android.app.usage.IStorageStatsManager$Stub.onTransact(IStorageStatsManager.java:132)
11-29 15:21:03.228 21717 21717 E Finsky  : 	at android.os.Binder.execTransact(Binder.java:752)
11-29 15:21:03.228 21717 21717 E Finsky  : 
11-29 15:21:03.228 21717 21717 E Finsky  : [2] qpl.b(8): STU: Error getting stats
11-29 15:21:03.239 21717 21717 I Finsky  : [2] ngb.i(0): PackageMonitorReceiverImpl - Received: android.intent.action.PACKAGE_FULLY_REMOVED, [8DO58UsCU6ZC1iW_fwag7maqFYLxhDJLeNZ5ql4Nx_U]
11-29 15:21:03.240 21717 13538 I Finsky  : [15544] esc.a(11): AIM: AppInfoManager-Perf > ItemModel > CacheSize=84, cacheHitCount=0, cacheMissCount=0, total appsWithNoServerDataCount=78. Missed  in cache (limit 10) : []
11-29 15:21:03.240 21717 21717 I Finsky  : [2] ngp.n(8): Invalidating cached PackageState for com.YourCompany.MyTestProject
11-29 15:21:03.241  8412  8589 I Icing   : IndexChimeraService.getServiceInterface callingPackage=com.google.android.gms componentName=AppsCorpus serviceId=36
11-29 15:21:03.243 21717 21717 I Finsky  : [2] ngp.s(3): Package no longer installed: com.YourCompany.MyTestProject
11-29 15:21:03.244 21717 28125 I Finsky  : [15700] ihu.run(10): Frosting DB delete succeeded: false
11-29 15:21:03.244 21717 21717 I Finsky  : [2] ngb.i(0): PackageMonitorReceiverImpl - Deduping intent android.intent.action.PACKAGE_FULLY_REMOVED
11-29 15:21:03.246  8412 13417 I LegacyGetServiceValidat: onGetService() from Client SDK version [214218000], Module version [214218028], PGA version [304710040], Account [Account {name=<<default account>>, type=com.google}], Calling package [com.google.android.gms], Game package [com.google.android.gms] [CONTEXT service_id=1 ]
11-29 15:21:03.247  8412 13417 W GetGamesServiceReqFacto: Parsing request with ignored arguments. signInOptionsBundle [Bundle[{com.google.android.gms.signin.internal.serverClientId=null, com.google.android.gms.signin.internal.usePromptModeForAuthCode=true, com.google.android.gms.signin.internal.logSessionId=null, com.google.android.gms.signin.internal.hostedDomain=null, com.google.android.gms.signin.internal.offlineAccessRequested=false, com.google.android.gms.signin.internal.waitForAccessTokenRefresh=false, com.google.android.gms.signin.internal.clientRequestedAccount=Account {name=<<default account>>, type=com.google}, com.google.android.gms.signin.internal.idTokenRequested=false, com.google.android.gms.signin.internal.forceCodeForRefreshToken=false}]], isRetryingSignIn [false], skipWelcomePopup [false], requireGooglePlus [false]
11-29 15:21:03.248  8412 13417 I GetGamesServiceReqFacto: Replacing request for `games` scope with `games_lite`
11-29 15:21:03.250 21717 13551 I Finsky  : [15550] elv.accept(24): AIM: AppInfoManager-Perf > getApps > data collection finished
11-29 15:21:03.252  8412 28152 I SignInPerformer-5: Handling request [GetGamesServiceRequest{gamePackageName=com.google.android.gms, gameUid=10010, gamePlayServicesClientLibraryVersion=214218000, sdkVariation=1052947, requestedScopes=[https://www.googleapis.com/auth/games_lite], callingIdentity=CallingIdentity{uid=10010, pid=8412, packageName=com.google.android.gms, playServicesClientLibraryVersion=214218000}, requestedAccount=Optional.absent(), forceResolveAccountKey=null, requestedServiceMode=2}], isFirstPartyCaller [true], Overdrive [enabled] [CONTEXT service_id=1 ]
11-29 15:21:03.253  8412 28152 I SignInPerformer-5: Successfully brokered first-party unauthenticated GamesService [CONTEXT service_id=1 ]
11-29 15:21:03.257  8412 28152 I GetGamesServiceV2Op: Successfully brokered GamesService for request efy{gamePackageName=com.google.android.gms, gameUid=10010, gamePlayServicesClientLibraryVersion=214218000, sdkVariation=1052947, requestedScopes=[https://www.googleapis.com/auth/games_lite], callingIdentity=CallingIdentity{uid=10010, pid=8412, packageName=com.google.android.gms, playServicesClientLibraryVersion=214218000}, requestedAccount=Optional.absent(), forceResolveAccountKey=null, requestedServiceMode=2} [CONTEXT service_id=1 ]
11-29 15:21:03.267 13825 13825 I SoterService: onReceive in
11-29 15:21:03.267 13825 13825 I SoterService: install: isReplacing = false
11-29 15:21:03.267 13825 13825 I SoterService: install: uid = 10181
11-29 15:21:03.267 13825 13825 I SoterService: begin to use uid to remove ask
11-29 15:21:03.269 13825 13825 I android_os_HwBinder: HwBinder: Starting thread pool for default::vendor.qti.hardware.soter@1.0::ISoter
11-29 15:21:03.270 13825 13825 I SoterService: start removeAllAuthKey
11-29 15:21:03.270   743   743 D vendor.qti.hardware.soter@1.0-impl: FremoveAllUidKey called 
11-29 15:21:03.274   573   579 E DrmLibFs: Not in whitelist paths, not peappending
11-29 15:21:03.276   573   579 E DrmLibFs: Not in whitelist paths, not peappending
11-29 15:21:03.277  8412  8412 D BoundBrokerSvc: onBind: Intent { act=com.google.android.gms.common.BIND_SHARED_PREFS pkg=com.google.android.gms }
11-29 15:21:03.277  8412  8412 D BoundBrokerSvc: Loading bound service for intent: Intent { act=com.google.android.gms.common.BIND_SHARED_PREFS pkg=com.google.android.gms }
11-29 15:21:03.278   743   743 E vendor.qti.hardware.soter@1.0-impl: remove ASK send cmd failed
11-29 15:21:03.278   743   743 E vendor.qti.hardware.soter@1.0-impl: ret: 0
11-29 15:21:03.278   743   743 E vendor.qti.hardware.soter@1.0-impl: rsp->status: -5
11-29 15:21:03.280  3101  3294 D DownloadManager: handleUidRemoved: uid = 10181, pkg = com.YourCompany.MyTestProject
11-29 15:21:03.282  8412  8412 D BoundBrokerSvc: onUnbind: Intent { act=com.google.android.gms.common.BIND_SHARED_PREFS pkg=com.google.android.gms }
11-29 15:21:03.283  8412 24369 I GmsCoreXrpcWrapper: Returning a channel provider with trafficStatsTag=12803 trafficStatsUid=-1
11-29 15:21:03.305  8412  8589 I Icing   : IndexChimeraService.getServiceInterface callingPackage=com.google.android.gms componentName=null serviceId=30
11-29 15:21:03.306  8412 24369 I Icing   : Usage reports ok 1, Failed Usage reports 0, indexed 0, rejected 0
11-29 15:21:03.309  8412 24369 I GmsCoreXrpcWrapper: Returning a channel provider with trafficStatsTag=12803 trafficStatsUid=-1
11-29 15:21:03.319  8412 24369 I Icing   : Usage reports ok 0, Failed Usage reports 0, indexed 0, rejected 0
11-29 15:21:03.321  8412 24369 I Icing   : Indexing com.google.android.gms-apps from com.google.android.gms
11-29 15:21:03.324  8412 24369 I Icing   : Indexing done com.google.android.gms-apps
11-29 15:21:03.340   883  1041 W LocationProviderProxy-network: com.qualcomm.location resolves service com.android.location.service.v3.NetworkLocationProvider, but has wrong signature, ignoring
11-29 15:21:03.341   883  1041 W LocationProviderProxy-network: com.google.android.gms resolves service com.android.location.service.v3.NetworkLocationProvider, but has wrong signature, ignoring
11-29 15:21:03.341   883  1041 W LocationProviderProxy-network: com.qualcomm.location resolves service com.android.location.service.v3.NetworkLocationProvider, but has wrong signature, ignoring
11-29 15:21:03.363  7043  7102 D Launcher.IconCache: Package not found
11-29 15:21:03.363  7043  7102 D Launcher.IconCache: android.content.pm.PackageManager$NameNotFoundException: com.YourCompany.MyTestProject
11-29 15:21:03.363  7043  7102 D Launcher.IconCache: 	at android.app.ApplicationPackageManager.getPackageInfoAsUser(ApplicationPackageManager.java:186)
11-29 15:21:03.363  7043  7102 D Launcher.IconCache: 	at android.app.ApplicationPackageManager.getPackageInfo(ApplicationPackageManager.java:157)
11-29 15:21:03.363  7043  7102 D Launcher.IconCache: 	at net.oneplus.launcher.IconCache.updateIconsForPkg(IconCache.java:648)
11-29 15:21:03.363  7043  7102 D Launcher.IconCache: 	at net.oneplus.launcher.AssetCache.flushIconAndLabel(AssetCache.java:341)
11-29 15:21:03.363  7043  7102 D Launcher.IconCache: 	at net.oneplus.launcher.AssetCache.onPackagesRemove(AssetCache.java:792)
11-29 15:21:03.363  7043  7102 D Launcher.IconCache: 	at net.oneplus.launcher.model.PackageUpdatedTask.execute(PackageUpdatedTask.java:186)
11-29 15:21:03.363  7043  7102 D Launcher.IconCache: 	at net.oneplus.launcher.model.BaseModelUpdateTask.run(BaseModelUpdateTask.java:76)
11-29 15:21:03.363  7043  7102 D Launcher.IconCache: 	at android.os.Handler.handleCallback(Handler.java:873)
11-29 15:21:03.363  7043  7102 D Launcher.IconCache: 	at android.os.Handler.dispatchMessage(Handler.java:99)
11-29 15:21:03.363  7043  7102 D Launcher.IconCache: 	at android.os.Looper.loop(Looper.java:193)
11-29 15:21:03.363  7043  7102 D Launcher.IconCache: 	at android.os.HandlerThread.run(HandlerThread.java:65)
11-29 15:21:03.365  7043  7102 D PackageUpdatedTask: execute OP_REMOVE: removeTaskLockState, packageName= com.YourCompany.MyTestProject, uid= 0
11-29 15:21:03.367  7043  7102 D PackageUpdatedTask: mAllAppsList.removePackage user = UserHandle{0}, pkg = com.YourCompany.MyTestProject
11-29 15:21:03.368  7043  7102 D PackageUpdatedTask: addedOrModified count = 0, obj = []
11-29 15:21:03.368  7043  7120 D LockStateController: uninstall Lock task , com.YourCompany.MyTestProject, 0
11-29 15:21:03.371  7043  7043 D AlphabeticalAppsList: refillAdapterItems app = 89, recent = 5, suggestion = 0, adapter = 95, searchResults =  null, filtered = 94, AllappsStore app = 89, recent = 8
11-29 15:21:03.372  7043  7043 D AlphabeticalAppsList: refillAdapterItems app = 89, recent = 5, suggestion = 0, adapter = 95, searchResults =  null, filtered = 94, AllappsStore app = 89, recent = 8
11-29 15:21:03.372  7043  7043 D AlphabeticalHiddenAppsList: [refillAdapterItems] hidden app size = 1
11-29 15:21:03.372  7043  7043 D AlphabeticalHiddenAppsList: [updateAdapterItems] hasFilter: false, filtersAppInfos size = 89, mAdapterItems size = 1
11-29 15:21:03.372  7043  7043 D AllAppsStore: notifyUpdate count = 5. (0) net.oneplus.launcher.allapps.AlphabeticalAppsList@b918772. (1) net.oneplus.launcher.allapps.AlphabeticalAppsList@86797c3. (2) net.oneplus.launcher.allapps.AlphabeticalHiddenAppsList@82b3840. (3) net.oneplus.launcher.allapps.AllAppsContainerView$$Lambda$1@70aa379. (4) net.oneplus.launcher.allapps.search.AppsSearchContainerLayout{e4caea2 VFED..CL. ......ID 16,27-1064,242 #7f0a024c app:id/search_all_apps}. 
11-29 15:21:03.373  7043  7043 D AlphabeticalAppsList: refillAdapterItems app = 89, recent = 5, suggestion = 0, adapter = 95, searchResults =  null, filtered = 94, AllappsStore app = 89, recent = 8
11-29 15:21:03.373  7043  7043 D AlphabeticalAppsList: refillAdapterItems app = 89, recent = 5, suggestion = 0, adapter = 95, searchResults =  null, filtered = 94, AllappsStore app = 89, recent = 8
11-29 15:21:03.374  7043  7043 D AlphabeticalHiddenAppsList: [refillAdapterItems] hidden app size = 1
11-29 15:21:03.374 31824 31824 E adbd    : failed to connect to socket 'tcp:6666': Connection refused
11-29 15:21:03.374  7043  7043 D AlphabeticalHiddenAppsList: [updateAdapterItems] hasFilter: false, filtersAppInfos size = 89, mAdapterItems size = 1
11-29 15:21:03.374  7043  7043 D AllAppsStore: notifyUpdate count = 5. (0) net.oneplus.launcher.allapps.AlphabeticalAppsList@b918772. (1) net.oneplus.launcher.allapps.AlphabeticalAppsList@86797c3. (2) net.oneplus.launcher.allapps.AlphabeticalHiddenAppsList@82b3840. (3) net.oneplus.launcher.allapps.AllAppsContainerView$$Lambda$1@70aa379. (4) net.oneplus.launcher.allapps.search.AppsSearchContainerLayout{e4caea2 VFED..CL. ......ID 16,27-1064,242 #7f0a024c app:id/search_all_apps}. 
11-29 15:21:03.376  9783 27461 I A       : soft deleting data for DEVICE_INSTALLED_APPS [CONTEXT ratelimit_period="100 MILLISECONDS [skipped: 3]" ]
11-29 15:21:03.386  9783 27461 I DeviceAppInfoWork: refreshDeviceAppInfoForAccount done.
11-29 15:21:03.386  9783 27466 I A       : Performing deletion propagation for Geller data.
11-29 15:21:03.386  9783 27461 I DeviceAppInfoWork: refreshDeviceAppInfoForAccount done.
11-29 15:21:03.387  9783 27461 I DeviceAppInfoWork: refreshDeviceAppInfoForAccount done.
11-29 15:21:03.388  9783 27461 I A       : Performing deletion propagation for Geller data.
11-29 15:21:03.389  9783 28158 I A       : Performing deletion propagation for Geller data.
11-29 15:21:03.390  7043  7043 D AppTagModel: onTagChangedUpdate#
11-29 15:21:03.390  7043  7043 D AppTagModel: onTagChangedUpdate# apply default ranks
11-29 15:21:03.390  7043  7043 D AppTagPresenter: dumpCategories# 
11-29 15:21:03.390  7043  7043 D AppTagPresenter: Recent searches: rank=0, count=8
11-29 15:21:03.390  7043  7043 D AppTagPresenter: Social: rank=1, count=9
11-29 15:21:03.390  7043  7043 D AppTagPresenter: Music & Video: rank=2, count=13
11-29 15:21:03.390  7043  7043 D AppTagPresenter: Travel: rank=3, count=2
11-29 15:21:03.390  7043  7043 D AppTagPresenter: Tools: rank=4, count=19
11-29 15:21:03.390  7043  7043 D AppTagPresenter: Games: rank=5, count=6
11-29 15:21:03.390  7043  7043 D AppTagPresenter: Financial: rank=6, count=4
11-29 15:21:03.390  7043  7043 D AppTagPresenter: Lifestyle: rank=7, count=2
11-29 15:21:03.390  7043  7043 D AppTagPresenter: Photo: rank=8, count=2
11-29 15:21:03.390  7043  7043 D AppTagPresenter: Reading: rank=9, count=2
11-29 15:21:03.390  7043  7043 D AppTagPresenter: Sports & Health: rank=10, count=5
11-29 15:21:03.390  7043  7043 D AppTagPresenter: Education: rank=11, count=13
11-29 15:21:03.393  9783 28159 I DeviceAppInfoWork: refreshDeviceAppInfoForAccount done.
11-29 15:21:03.394  9783 28158 I A       : Performing deletion propagation for Geller data.
11-29 15:21:03.405  9783  9821 W DeviceAppInfoWork: missing version info.
11-29 15:21:03.472 21717 13545 I Finsky  : [15547] pmg.accept(69): SCH: Scheduling phonesky job Id: 12-1, CT: 1638195663170, Constraints: [{ L: 15000, D: 86400000, C: 1, I: 1, N: 1 }]
11-29 15:21:03.512 21717 13538 I Finsky  : [15544] pgq.apply(52): SCH: Scheduling 1 system job(s)
11-29 15:21:03.513 21717 13538 I Finsky  : [15544] pgq.apply(58): SCH: Scheduling system job Id: 9039, L: 14658, D: 43242922, C: false, I: false, N: 1
11-29 15:21:03.547 21717 13551 I Finsky  : [15550] ffa.b(32): [ContentSync] finished, scheduled=true
11-29 15:21:03.866  7043  7043 D FrequentAppsGrid: App icon removes from Shelf: com.YourCompany.MyTestProject
11-29 15:21:03.869  7043 10655 D Stats   : save stats in background ...
11-29 15:21:03.871  7043  7043 D FrequentAppsGrid: createFromPackage pkg status: com.discord, 4, true, false
11-29 15:21:03.873  7043  7043 D FrequentAppsGrid: createFromPackage pkg status: com.YourCompany.HandheldAR, 0, true, false
11-29 15:21:03.875  7043  7043 D FrequentAppsGrid: createFromPackage pkg status: com.whatsapp, 4, true, false
11-29 15:21:03.876  7043  7043 D FrequentAppsGrid: createFromPackage pkg status: com.android.chrome, 4, true, false
11-29 15:21:03.877  7043  7043 D FrequentAppsGrid: createFromPackage pkg status: com.oneplus.camera, 0, true, false
11-29 15:21:03.878  7043  7043 D FrequentAppsGrid: createFromPackage pkg status: com.google.android.youtube, 4, true, false
11-29 15:21:03.879  7043  7043 D FrequentAppsGrid: createFromPackage pkg status: com.oneplus.deskclock, 0, true, false
11-29 15:21:03.880  7043  7043 D FrequentAppsGrid: createFromPackage pkg status: com.netflix.mediaclient, 4, true, false
11-29 15:21:03.881  7043  7043 D FrequentAppsGrid: createFromPackage pkg status: com.google.android.keep, 4, true, false
11-29 15:21:03.881  7043  7043 D FrequentAppsGrid: createFromPackage pkg status: uk.co.hsbc.hsbcukmobilebanking, 4, true, false
11-29 15:21:03.882  7043  7043 D FrequentAppsGrid: bindAppGridItem pkg status: com.discord. isPackageValid: true, isPackageRestoring: false
11-29 15:21:03.882  7043  7043 D FrequentAppsGrid: bindAppGridItem: 0
11-29 15:21:03.882  7043  7043 D OneplusFlowLayout: getHeightForSize: 2
11-29 15:21:03.882  7043  7043 D FrequentAppsGrid: bindAppGridItem pkg status: com.YourCompany.HandheldAR. isPackageValid: true, isPackageRestoring: false
11-29 15:21:03.882  7043  7043 D FrequentAppsGrid: bindAppGridItem: 0
11-29 15:21:03.882  7043  7043 D OneplusFlowLayout: getHeightForSize: 2
11-29 15:21:03.882  7043  7043 D FrequentAppsGrid: bindAppGridItem pkg status: com.whatsapp. isPackageValid: true, isPackageRestoring: false
11-29 15:21:03.882  7043  7043 D FrequentAppsGrid: bindAppGridItem: 0
11-29 15:21:03.882  7043  7102 D ModelWriter: update size for Quick Page model item: FrequentAppsGrid{id=10, size=2, count=10}
11-29 15:21:03.882  7043  7043 D OneplusFlowLayout: getHeightForSize: 2
11-29 15:21:03.883  7043  7102 D LauncherProvider: setupStatus=1
11-29 15:21:03.888  7043  7102 D ModelWriter: update size for Quick Page model item: FrequentAppsGrid{id=10, size=2, count=10}
11-29 15:21:03.888  7043  7102 D LauncherProvider: setupStatus=1
11-29 15:21:03.890  7043  7043 D FrequentAppsGrid: bindAppGridItem pkg status: com.android.chrome. isPackageValid: true, isPackageRestoring: false
11-29 15:21:03.890  7043  7043 D FrequentAppsGrid: bindAppGridItem: 0
11-29 15:21:03.890  7043  7043 D OneplusFlowLayout: getHeightForSize: 2
11-29 15:21:03.890  7043  7043 D FrequentAppsGrid: bindAppGridItem pkg status: com.netflix.mediaclient. isPackageValid: true, isPackageRestoring: false
11-29 15:21:03.890  7043  7043 D FrequentAppsGrid: bindAppGridItem: 0
11-29 15:21:03.891  7043  7043 D OneplusFlowLayout: getHeightForSize: 2
11-29 15:21:03.891  7043  7102 D ModelWriter: update size for Quick Page model item: FrequentAppsGrid{id=10, size=2, count=10}
11-29 15:21:03.891  7043  7043 D FrequentAppsGrid: bindAppGridItem pkg status: com.oneplus.deskclock. isPackageValid: true, isPackageRestoring: false
11-29 15:21:03.891  7043  7043 D FrequentAppsGrid: bindAppGridItem: 0
11-29 15:21:03.891  7043  7043 D OneplusFlowLayout: getHeightForSize: 2
11-29 15:21:03.891  7043  7102 D LauncherProvider: setupStatus=1
11-29 15:21:03.891  7043  7043 D FrequentAppsGrid: bindAppGridItem pkg status: com.oneplus.camera. isPackageValid: true, isPackageRestoring: false
11-29 15:21:03.891  7043  7043 D FrequentAppsGrid: bindAppGridItem: 0
11-29 15:21:03.891  7043  7043 D OneplusFlowLayout: getHeightForSize: 2
11-29 15:21:03.891  7043  7043 D FrequentAppsGrid: bindAppGridItem pkg status: com.google.android.keep. isPackageValid: true, isPackageRestoring: false
11-29 15:21:03.891  7043  7043 D FrequentAppsGrid: bindAppGridItem: 0
11-29 15:21:03.891  7043  7043 D OneplusFlowLayout: getHeightForSize: 2
11-29 15:21:03.892  7043  7102 D ModelWriter: update size for Quick Page model item: FrequentAppsGrid{id=10, size=2, count=10}
11-29 15:21:03.892  7043  7102 D LauncherProvider: setupStatus=1
11-29 15:21:03.893  7043  7102 D ModelWriter: update size for Quick Page model item: FrequentAppsGrid{id=10, size=2, count=10}
11-29 15:21:03.893  7043  7102 D LauncherProvider: setupStatus=1
11-29 15:21:03.893  7043  7102 D ModelWriter: update size for Quick Page model item: FrequentAppsGrid{id=10, size=2, count=10}
11-29 15:21:03.893  7043  7102 D LauncherProvider: setupStatus=1
11-29 15:21:03.894  7043  7102 D ModelWriter: update size for Quick Page model item: FrequentAppsGrid{id=10, size=2, count=10}
11-29 15:21:03.894  7043  7102 D LauncherProvider: setupStatus=1
11-29 15:21:03.894  7043  7102 D ModelWriter: update size for Quick Page model item: FrequentAppsGrid{id=10, size=2, count=10}
11-29 15:21:03.894  7043  7102 D LauncherProvider: setupStatus=1
11-29 15:21:03.909  7043  7043 D FrequentAppsGrid: bindAppGridItem pkg status: com.google.android.youtube. isPackageValid: true, isPackageRestoring: false
11-29 15:21:03.909  7043  7043 D FrequentAppsGrid: bindAppGridItem: 0
11-29 15:21:03.909  7043  7043 D OneplusFlowLayout: getHeightForSize: 2
11-29 15:21:03.909  7043  7043 D FrequentAppsGrid: bindAppGridItem pkg status: uk.co.hsbc.hsbcukmobilebanking. isPackageValid: true, isPackageRestoring: false
11-29 15:21:03.909  7043  7043 D FrequentAppsGrid: bindAppGridItem: 0
11-29 15:21:03.909  7043  7043 D OneplusFlowLayout: getHeightForSize: 2
11-29 15:21:03.910  7043  7102 D ModelWriter: update size for Quick Page model item: FrequentAppsGrid{id=10, size=2, count=10}
11-29 15:21:03.910  7043  7102 D LauncherProvider: setupStatus=1
11-29 15:21:03.912  7043  7102 D ModelWriter: update size for Quick Page model item: FrequentAppsGrid{id=10, size=2, count=10}
11-29 15:21:03.912  7043  7102 D LauncherProvider: setupStatus=1
11-29 15:21:05.404 31824 31824 E adbd    : failed to connect to socket 'tcp:6666': Connection refused
11-29 15:21:06.472   883  1041 D BatteryStatsHelper: ===processSingleAppUsage===
11-29 15:21:07.412 31824 31824 E adbd    : failed to connect to socket 'tcp:6666': Connection refused
11-29 15:21:07.770  8412  8412 D BoundBrokerSvc: onUnbind: Intent { act=com.google.android.gms.measurement.START pkg=com.google.android.gms }
11-29 15:21:08.491   915   944 D         : DpmQmiMgr areAllIfaceActive 
11-29 15:21:09.419 31824 31824 E adbd    : failed to connect to socket 'tcp:6666': Connection refused
11-29 15:21:11.439 31824 31824 E adbd    : failed to connect to socket 'tcp:6666': Connection refused
11-29 15:21:12.523   883  1818 E system_server: No package ID 7f found for ID 0x7f0a0010.
11-29 15:21:12.523   883  1818 E system_server: No package ID 7f found for ID 0x7f070001.
11-29 15:21:12.538   883  1387 E system_server: No package ID 7f found for ID 0x7f0a0010.
11-29 15:21:12.538   883  1387 E system_server: No package ID 7f found for ID 0x7f070001.
11-29 15:21:12.770  3495  3495 D BoundBrokerSvc: onUnbind: Intent { act=com.google.android.gms.scheduler.ACTION_PROXY_SCHEDULE cmp=com.google.android.gms/.chimera.PersistentInternalBoundBrokerService }
11-29 15:21:13.442 31824 31824 E adbd    : failed to connect to socket 'tcp:6666': Connection refused
11-29 15:21:13.455  9783  9816 I WorkerManager: dispose()
11-29 15:21:13.602   915   944 D         : DpmQmiMgr areAllIfaceActive 
11-29 15:21:14.038   762   656 D AudioPolicyService: setRecordSilenced() uid 10049 on silenced 0
11-29 15:21:14.047 13308 13345 E id.defcontaine: No package ID 7f found for ID 0x7f0a0010.
11-29 15:21:14.047 13308 13345 E id.defcontaine: No package ID 7f found for ID 0x7f070001.
11-29 15:21:14.098   762   656 D AudioPolicyService: setRecordSilenced() uid 10039 on silenced 0
11-29 15:21:14.766   721 28037 E sensors-hal: handle_sns_client_event:51, device_orient_event: ts=1988134572533667, type=4
11-29 15:21:15.447 31824 31824 E adbd    : failed to connect to socket 'tcp:6666': Connection refused
11-29 15:21:15.540   721 28037 E sensors-hal: handle_sns_client_event:51, device_orient_event: ts=1988135345632469, type=0
11-29 15:21:16.323 28166 28166 E e:seemp_servic: Not starting debugger since process cannot load the jdwp agent.
11-29 15:21:16.352 28166 28178 I e:seemp_servic: The ClassLoaderContext is a special shared library.
11-29 15:21:16.391 28166 28166 I Perf    : Connecting to perf service.
11-29 15:21:16.410 21717 21717 I Finsky  : [2] vjy.c(7): Install-time verification requested for package com.YourCompany.MyTestProject, id = 119
11-29 15:21:16.426 28166 28166 I Process : Sending signal. PID: 28166 SIG: 9
11-29 15:21:16.437 21717 21717 E Finsky  : [2] VerifyPerSourceInstallationConsentInstallTask.d(2): Package name null is not an installed package
11-29 15:21:16.445 21717 28150 I Finsky  : [15711] vkl.a(7): Single user settings service is not running, bind it now
11-29 15:21:16.456 21717 21717 I Finsky  : [2] jns.onServiceConnected(5): Single user settings service is connected
11-29 15:21:16.463 21717 28150 W Settings: Setting install_non_market_apps has moved from android.provider.Settings.Global to android.provider.Settings.Secure, returning read-only value.
11-29 15:21:16.470 21717 28150 E android.vendin: No package ID 7f found for ID 0x7f0a0010.
11-29 15:21:16.470 21717 28150 E android.vendin: No package ID 7f found for ID 0x7f070001.
11-29 15:21:16.472   627   627 I Zygote  : Process 28166 exited due to signal (9)
11-29 15:21:16.473   883  1065 W libprocessgroup: kill(-28166, 9) failed: No such process
11-29 15:21:16.473   883  1065 I libprocessgroup: Successfully killed process cgroup uid 1000 pid 28166 in 0ms
11-29 15:21:17.111 21717 28150 I Finsky  : [15711] iiy.e(3): Task 7 requested foreground
11-29 15:21:17.112 21717 28150 I Finsky  : [15711] iiy.e(8): Not entering foreground
11-29 15:21:17.454 31824 31824 E adbd    : failed to connect to socket 'tcp:6666': Connection refused
11-29 15:21:17.535 21717 28187 I Finsky  : [15714] vmu.c(3): Verify: Verification package=com.YourCompany.MyTestProject, id=119 response=0
11-29 15:21:17.555 21717 28150 E android.vendin: No package ID 7f found for ID 0x7f0a0010.
11-29 15:21:17.556 21717 28150 E android.vendin: No package ID 7f found for ID 0x7f070001.
11-29 15:21:17.755 21717 28150 I Finsky  : [15711] VerifyPerSourceInstallationConsentInstallTask.mv(2): PSIC verification started with installer uid: 2000 package name: null, originating uid: -1
11-29 15:21:17.758 21717 21717 I Finsky  : [2] VerifyInstallTask.j(1): Returning package verification result id=119, result=1
11-29 15:21:17.760 21717 21717 I Finsky  : [2] VerifyInstallTask.mu(6): Verification complete: id=119, package_name=com.YourCompany.MyTestProject
11-29 15:21:17.768 13308 13345 E id.defcontaine: No package ID 7f found for ID 0x7f0a0010.
11-29 15:21:17.768 13308 13345 E id.defcontaine: No package ID 7f found for ID 0x7f070001.
11-29 15:21:17.823   883  1194 E system_server: No package ID 7f found for ID 0x7f0a0010.
11-29 15:21:17.823   883  1194 E system_server: No package ID 7f found for ID 0x7f070001.
11-29 15:21:18.151   883  1194 D RestartProcessManager: Adding package : com.YourCompany.MyTestProject
11-29 15:21:18.272   932  1385 E         : Couldn't opendir /data/app/vmdl1221158102.tmp: No such file or directory
11-29 15:21:18.272   932  1385 E installd: Failed to delete /data/app/vmdl1221158102.tmp: No such file or directory
11-29 15:21:18.304   883 18854 D OSTracker: OS Event: install
11-29 15:21:18.311  7043  7043 D SessionCommitReceiver: onReceive# action: android.content.pm.action.SESSION_COMMITTED 0
11-29 15:21:18.316 21717 21717 I Finsky  : [2] pob.onStartJob(3): SCH: job service start with id 9039.
11-29 15:21:18.319   883 18854 D AbstractTracker: Event success
11-29 15:21:18.320   762   656 D AudioPolicyService: setRecordSilenced() uid 10022 on silenced 0
11-29 15:21:18.338  8412 28190 I Authzen : [DeviceStateSyncManager] The server is in sync with current state. Nothing to do
11-29 15:21:18.347 21717 28140 I Finsky  : [15705] pmq.a(105): SCH: Satisfied jobs for 9039 are: 12-1
11-29 15:21:18.351 21717 28193 I Finsky  : [15715] pgo.accept(28): SCH: Job 12-1 starting
11-29 15:21:18.352 21717 21717 I Finsky  : [2] ContentSyncJob.x(1): [ContentSync] job started
11-29 15:21:18.363   883  1194 D EmbryoManager: packageInstalled com.YourCompany.MyTestProject uid 10182
11-29 15:21:18.365   626   650 E CommandListener: CommandListener::FirewallCmd=[firewall,set_uid_rule,standby,10182,deny,] client pid = 883, uid = 1000, gid = 1000
11-29 15:21:18.365   626   650 E FirewallController: FirewallController::setUidRule chain = 2, uid = 10182, rule = 0, firewallType = 1, mUseBpfOwnerMatch = 0
11-29 15:21:18.365   626   650 E FirewallController: FirewallController::setUidRule command = *filter
11-29 15:21:18.365   626   650 E FirewallController: -A fw_standby -m owner --uid-owner 10182 -j DROP
11-29 15:21:18.365   626   650 E FirewallController: COMMIT
11-29 15:21:18.366   883  1419 I InputReader: Reconfiguring input devices.  changes=0x00000010
11-29 15:21:18.367 21002 21002 I GsaVoiceInteractionSrv: O received Intent { act=android.intent.action.PACKAGE_ADDED dat=package:com.YourCompany.MyTestProject flg=0x4000010 (has extras) }
11-29 15:21:18.370 21717 21717 I Finsky  : [2] ngb.i(0): PackageMonitorReceiverImpl - Received: android.intent.action.PACKAGE_ADDED, [8DO58UsCU6ZC1iW_fwag7maqFYLxhDJLeNZ5ql4Nx_U]
11-29 15:21:18.370 21717 21717 I Finsky  : [2] ngp.n(8): Invalidating cached PackageState for com.YourCompany.MyTestProject
11-29 15:21:18.378   883   883 V Theme   : com.oneplus.account, Add app's resource
11-29 15:21:18.378   883   883 V Theme   : com.oneplus.account, Add app's resource
11-29 15:21:18.380  2959  2959 D RegisteredServicesCache: Intent action: android.intent.action.PACKAGE_ADDED
11-29 15:21:18.380  2463  4336 D AccountTypeManager: Registering external account type=com.google.android.apps.tachyon, packageName=com.google.android.apps.tachyon
11-29 15:21:18.383  2463  4336 D AccountTypeManager: Registering external account type=com.whatsapp, packageName=com.whatsapp
11-29 15:21:18.384  2463  4336 D AccountTypeManager: Registering 1 extension packages
11-29 15:21:18.388  2463  4336 E ExternalAccountType: Unsupported attribute readOnly
11-29 15:21:18.391  2959  2959 D RegisteredServicesCache: Adding service: ComponentInfo{com.google.android.gms/com.google.android.gms.nearby.mediums.nearfieldcommunication.NfcAdvertisingService} AIDs: [F00000FE2C]
11-29 15:21:18.391  2959  2959 D RegisteredServicesCache: Adding service: ComponentInfo{com.google.android.gms/com.google.android.gms.pay.hce.service.PayHceService} AIDs: []
11-29 15:21:18.391  2959  2959 D RegisteredServicesCache: Adding service: ComponentInfo{com.google.android.gms/com.google.android.gms.tapandpay.hce.service.TpHceService} AIDs: [325041592E5359532E4444463031, A0000000041010, A0000000042203, A0000000043060, A0000000031010, A0000000980840, A0000000032010, A0000000032020, A00000000307010001, A0000003241010, A0000001523010, A0000001524010, A00000002501, A000000025011001, A000000025021001, A0000002771010, A00000038410, A00000038420, A0000004941010, A0000004942010, A0000000049101, A0000007800006, A0000006581010]
11-29 15:21:18.391  2959  2959 D RegisteredServicesCache: Adding service: ComponentInfo{se.sas.android/se.sas.android.misc.nfc.SmartPassHostApduService} AIDs: [F0534B46515456]
11-29 15:21:18.391  2959  2959 D RegisteredServicesCache:  Reading service state data always from file
11-29 15:21:18.393  2959  2959 D RegisteredServicesCache: ServiceStateFileVersion=1.0
11-29 15:21:18.393  2959  2959 E RegisteredServicesCache: Next Tag=services
11-29 15:21:18.394  2959  2959 D RegisteredServicesCache:  curr component com.google.android.gms/com.google.android.gms.nearby.mediums.nearfieldcommunication.NfcAdvertisingService
11-29 15:21:18.394  2959  2959 D RegisteredServicesCache:  curr uid 10010
11-29 15:21:18.394  2959  2959 D RegisteredServicesCache:  curr state 2
11-29 15:21:18.394  2959  2959 E RegisteredServicesCache: installedServices no uidString 
11-29 15:21:18.394  2959  2959 D RegisteredServicesCache:  curr component com.google.android.gms/com.google.android.gms.pay.hce.service.PayHceService
11-29 15:21:18.394  2959  2959 D RegisteredServicesCache:  curr uid 10010
11-29 15:21:18.394  2959  2959 D RegisteredServicesCache:  curr state 2
11-29 15:21:18.394  2959  2959 E RegisteredServicesCache: installedServices contains uidString : 10010
11-29 15:21:18.394  2959  2959 D RegisteredServicesCache:  curr component se.sas.android/se.sas.android.misc.nfc.SmartPassHostApduService
11-29 15:21:18.394  2959  2959 D RegisteredServicesCache:  curr uid 10127
11-29 15:21:18.394  2959  2959 D RegisteredServicesCache:  curr state 1
11-29 15:21:18.394  2959  2959 E RegisteredServicesCache: installedServices no uidString 
11-29 15:21:18.394 21717 21717 I Finsky  : [2] qnr.a(8): Clearing split related stale data.
11-29 15:21:18.394  2959  2959 E RegisteredServicesCache: 1invalidateCache:WriteServiceStateToFile
11-29 15:21:18.394  2959  2959 E RegisteredServicesCache:  Writing service state Data Always
11-29 15:21:18.397  2463  4336 D AccountTypeManager: Registering extension package account type=com.google, dataSet=plus, packageName=com.google.android.gms
11-29 15:21:18.398  2959  2959 E RegisteredServicesCache: component namecom.google.android.gms/com.google.android.gms.nearby.mediums.nearfieldcommunication.NfcAdvertisingService
11-29 15:21:18.398  2959  2959 E RegisteredServicesCache: component namecom.google.android.gms/com.google.android.gms.pay.hce.service.PayHceService
11-29 15:21:18.398  2959  2959 E RegisteredServicesCache: component namese.sas.android/se.sas.android.misc.nfc.SmartPassHostApduService
11-29 15:21:18.400  2142  2142 V OPSkinReceiver: intent:Intent { act=android.intent.action.PACKAGE_ADDED dat=package:com.YourCompany.MyTestProject flg=0x4000010 cmp=com.oneplus.skin/.OPSkinReceiver (has extras) }
11-29 15:21:18.403  2959  2959 D CardEmulationManager: Current default: ComponentInfo{com.google.android.gms/com.google.android.gms.tapandpay.hce.service.TpHceService}
11-29 15:21:18.404  2959  2959 D RegisteredServicesCache: ApduService: ComponentInfo{com.google.android.gms/com.google.android.gms.nearby.mediums.nearfieldcommunication.NfcAdvertisingService}, description: Nearby, Static AID Groups: Category: other, AIDs:F00000FE2C, , Dynamic AID Groups: 
11-29 15:21:18.404  2959  2959 D RegisteredServicesCache: ApduService: ComponentInfo{com.google.android.gms/com.google.android.gms.pay.hce.service.PayHceService}, description: Google Pay, Static AID Groups: , Dynamic AID Groups: Category: other, AIDs:4F53452E5641532E3031, A000000476D0000111, 
11-29 15:21:18.404  2959  2959 D RegisteredServicesCache: ApduService: ComponentInfo{com.google.android.gms/com.google.android.gms.tapandpay.hce.service.TpHceService}, description: Google Pay, Static AID Groups: Category: payment, AIDs:325041592E5359532E4444463031, A0000000041010, A0000000042203, A0000000043060, A0000000031010, A0000000980840, A0000000032010, A0000000032020, A00000000307010001, A0000003241010, A0000001523010, A0000001524010, A00000002501, A000000025011001, A000000025021001, A0000002771010, A00000038410, A00000038420, A0000004941010, A0000004942010, A0000000049101, A0000007800006, A0000006581010, , Dynamic AID Groups: 
11-29 15:21:18.404  2959  2959 D RegisteredServicesCache: ApduService: ComponentInfo{se.sas.android/se.sas.android.misc.nfc.SmartPassHostApduService}, description: SAS Smart Pass, Static AID Groups: Category: other, AIDs:F0534B46515456, , Dynamic AID Groups: 
11-29 15:21:18.404  2959  2959 D RegisteredNfcFServicesCache: Service unchanged, not updating
11-29 15:21:18.407 21717 28125 I Finsky  : [15700] ihu.run(9): Wrote row to frosting DB: 38912
