11-29 15:21:33.399 28269 28297 E native  : third_party/arcore/ar/core/session.cc:2734
11-29 15:21:33.399 28269 28297 E native  : 
11-29 15:21:33.399 28269 28297 E native  : E1129 15:21:33.399605   28297 status.cc:162] FAILED_PRECONDITION: 
11-29 15:21:33.399 28269 28297 E native  : ARCoreError: third_party/arcore/ar/core/session.cc:3159
11-29 15:21:33.399 28269 28297 E native  : 
11-29 15:21:33.399 28269 28297 E native  : ARCoreError: vr/perception/depth/projects/motion_stereo/manager/motion_stereo_manager.cc:2139
11-29 15:21:33.399 28269 28297 E native  : No depth data found for the requested timestamp. [type.googleapis.com/util.ErrorSpacePayload='ArStatusErrorSpace::AR_ERROR_NOT_YET_AVAILABLE']
11-29 15:21:33.399 28269 28297 E native  : === Source Location Trace: ===
11-29 15:21:33.399 28269 28297 E native  : vr/perception/depth/projects/motion_stereo/manager/motion_stereo_manager.cc:2139
11-29 15:21:33.399 28269 28297 E native  : third_party/arcore/ar/core/session.cc:3159
11-29 15:21:33.399 28269 28297 E native  : 
11-29 15:21:33.404   706  1170 I mm-camera-CORE: [AFDBG] af_process_parse_stats MainCamera = 1, valid:1, fv: 290211968.000000, fv_norm: 119382.859375, lens_pos: 372, Stats ID =7 Stats type: 6 aec_settled: 0, exp_index: 294, luma:27.502209, real_gain:3.729202, progress:25, gyro:0.199932, sadr:0.000000, greenRatio:0.040365, fps:30 gravity:1.893270
11-29 15:21:33.404   706  1170 I mm-camera-CORE: af_default_mixer_process_search overall: mixer_state = 0 progress 25, cur pos 372, next pos 372target_pos 399, range_near 371, range_far 389, search_dir =1fine_step_size 6 confidence 100
11-29 15:21:33.413   883  1053 I ActivityManager: Waited long enough for: ServiceRecord{16c835c u0 com.google.android.googlequicksearchbox/com.google.android.apps.gsa.shared.util.keepalive.StandaloneKeepAlive$KeepAliveService}
11-29 15:21:33.415 28269 28297 E native  : E1129 15:21:33.415747   28297 status.cc:162] FAILED_PRECONDITION: 
11-29 15:21:33.415 28269 28297 E native  : ARCoreError: third_party/arcore/ar/core/session.cc:2734
11-29 15:21:33.415 28269 28297 E native  :  at third_party/arcore/ar/core/session.cc:2734 [type.googleapis.com/util.ErrorSpacePayload='ArStatusErrorSpace::AR_ERROR_NOT_YET_AVAILABLE']
11-29 15:21:33.415 28269 28297 E native  : === Source Location Trace: ===
11-29 15:21:33.415 28269 28297 E native  : third_party/arcore/ar/core/session.cc:2734
11-29 15:21:33.415 28269 28297 E native  : 
11-29 15:21:33.415 28269 28297 E native  : E1129 15:21:33.415863   28297 status.cc:162] FAILED_PRECONDITION: 
11-29 15:21:33.415 28269 28297 E native  : ARCoreError: third_party/arcore/ar/core/session.cc:3159
11-29 15:21:33.415 28269 28297 E native  : 
11-29 15:21:33.415 28269 28297 E native  : ARCoreError: vr/perception/depth/projects/motion_stereo/manager/motion_stereo_manager.cc:2139
11-29 15:21:33.415 28269 28297 E native  : No depth data found for the requested timestamp. [type.googleapis.com/util.ErrorSpacePayload='ArStatusErrorSpace::AR_ERROR_NOT_YET_AVAILABLE']
11-29 15:21:33.415 28269 28297 E native  : === Source Location Trace: ===
11-29 15:21:33.415 28269 28297 E native  : vr/perception/depth/projects/motion_stereo/manager/motion_stereo_manager.cc:2139
11-29 15:21:33.415 28269 28297 E native  : third_party/arcore/ar/core/session.cc:3159
11-29 15:21:33.415 28269 28297 E native  : 
11-29 15:21:33.416 28269 28297 D UE4     : EngineMemoryWarningHandler: Mem Used 0.00 MB, Texture Memory 66.67 MB, Render Target memory 71.63 MB, OS Free 1164.96 MB
11-29 15:21:33.433 28269 28297 E native  : E1129 15:21:33.433081   28297 status.cc:162] FAILED_PRECONDITION: 
11-29 15:21:33.433 28269 28297 E native  : ARCoreError: third_party/arcore/ar/core/session.cc:3159
11-29 15:21:33.433 28269 28297 E native  : 
11-29 15:21:33.433 28269 28297 E native  : ARCoreError: vr/perception/depth/projects/motion_stereo/manager/motion_stereo_manager.cc:2139
11-29 15:21:33.433 28269 28297 E native  : No depth data found for the requested timestamp. [type.googleapis.com/util.ErrorSpacePayload='ArStatusErrorSpace::AR_ERROR_NOT_YET_AVAILABLE']
11-29 15:21:33.433 28269 28297 E native  : === Source Location Trace: ===
11-29 15:21:33.433 28269 28297 E native  : vr/perception/depth/projects/motion_stereo/manager/motion_stereo_manager.cc:2139
11-29 15:21:33.433 28269 28297 E native  : third_party/arcore/ar/core/session.cc:3159
11-29 15:21:33.433 28269 28297 E native  : 
11-29 15:21:33.436   706  1168 I mm-camera-CORE: [AFDBG] af_process_parse_stats MainCamera = 1, valid:1, fv: 375098304.000000, fv_norm: 129965.242188, lens_pos: 372, Stats ID =8 Stats type: 6 aec_settled: 0, exp_index: 293, luma:28.455288, real_gain:3.729202, progress:25, gyro:0.124531, sadr:9.920074, greenRatio:0.029622, fps:30 gravity:1.771650
11-29 15:21:33.436   706  1168 I mm-camera-CORE: [AFDBG] af_pdaf_is_focus_converge_done defocus=-8, focus_converge_done_thres=13, focus_converge_done=FALSE. sad panning=1, gyro panning=1, aec_settled=0, wait_caf_cnt:2, conf:1023, orig_defocus:-17, orig_conf:1023 temporal_converge_done:0 next_move:-7 focus_converge_cnt:2 is_roi_conf:1
11-29 15:21:33.436   706  1168 I mm-camera-CORE: af_default_mixer_process_search overall: mixer_state = 0 progress 25, cur pos 372, next pos 365target_pos 365, range_near 356, range_far 374, search_dir =0fine_step_size 6 confidence 100
11-29 15:21:33.436   706  1168 I         : StepToDAC [AFDBG] step:365 dac:299 actuatorName:imx519_lc898217xc OIS shift X:9 shift Y:4
11-29 15:21:33.437   706  1168 E CamX    : [ERROR][SENSOR ] camxactuator.cpp:688 OnPropertyUpdate() RequestId:8 Cur pos:365
11-29 15:21:33.449 28269 28297 E native  : E1129 15:21:33.449133   28297 status.cc:162] FAILED_PRECONDITION: 
11-29 15:21:33.449 28269 28297 E native  : ARCoreError: third_party/arcore/ar/core/session.cc:3159
11-29 15:21:33.449 28269 28297 E native  : 
11-29 15:21:33.449 28269 28297 E native  : ARCoreError: vr/perception/depth/projects/motion_stereo/manager/motion_stereo_manager.cc:2139
11-29 15:21:33.449 28269 28297 E native  : No depth data found for the requested timestamp. [type.googleapis.com/util.ErrorSpacePayload='ArStatusErrorSpace::AR_ERROR_NOT_YET_AVAILABLE']
11-29 15:21:33.449 28269 28297 E native  : === Source Location Trace: ===
11-29 15:21:33.449 28269 28297 E native  : vr/perception/depth/projects/motion_stereo/manager/motion_stereo_manager.cc:2139
11-29 15:21:33.449 28269 28297 E native  : third_party/arcore/ar/core/session.cc:3159
11-29 15:21:33.449 28269 28297 E native  : 
11-29 15:21:33.456 28269 28427 W native  : W1129 15:21:33.456410   28427 motion_tracking_context.cc:1524] Unable to find measurements corresponding to VIO status at timestamp 1988153226280283.
11-29 15:21:33.466 28269 28297 E native  : E1129 15:21:33.466291   28297 status.cc:162] FAILED_PRECONDITION: 
11-29 15:21:33.466 28269 28297 E native  : ARCoreError: third_party/arcore/ar/core/session.cc:3159
11-29 15:21:33.466 28269 28297 E native  : 
11-29 15:21:33.466 28269 28297 E native  : ARCoreError: vr/perception/depth/projects/motion_stereo/manager/motion_stereo_manager.cc:2139
11-29 15:21:33.466 28269 28297 E native  : No depth data found for the requested timestamp. [type.googleapis.com/util.ErrorSpacePayload='ArStatusErrorSpace::AR_ERROR_NOT_YET_AVAILABLE']
11-29 15:21:33.466 28269 28297 E native  : === Source Location Trace: ===
11-29 15:21:33.466 28269 28297 E native  : vr/perception/depth/projects/motion_stereo/manager/motion_stereo_manager.cc:2139
11-29 15:21:33.466 28269 28297 E native  : third_party/arcore/ar/core/session.cc:3159
11-29 15:21:33.466 28269 28297 E native  : 
11-29 15:21:33.469   706  1168 I mm-camera-CORE: [AFDBG] af_process_parse_stats MainCamera = 1, valid:1, fv: 347719616.000000, fv_norm: 130094.867188, lens_pos: 365, Stats ID =9 Stats type: 6 aec_settled: 0, exp_index: 293, luma:28.452219, real_gain:3.729202, progress:25, gyro:0.322995, sadr:13.186623, greenRatio:0.028971, fps:30 gravity:1.754420
11-29 15:21:33.469   706  1168 I mm-camera-CORE: af_default_mixer_process_search overall: mixer_state = 0 progress 25, cur pos 365, next pos 365target_pos 358, range_near 356, range_far 374, search_dir =0fine_step_size 6 confidence 100
11-29 15:21:33.482 28269 28297 E native  : E1129 15:21:33.482584   28297 status.cc:162] FAILED_PRECONDITION: 
11-29 15:21:33.482 28269 28297 E native  : ARCoreError: third_party/arcore/ar/core/session.cc:3159
11-29 15:21:33.482 28269 28297 E native  : 
11-29 15:21:33.482 28269 28297 E native  : ARCoreError: vr/perception/depth/projects/motion_stereo/manager/motion_stereo_manager.cc:2139
11-29 15:21:33.482 28269 28297 E native  : No depth data found for the requested timestamp. [type.googleapis.com/util.ErrorSpacePayload='ArStatusErrorSpace::AR_ERROR_NOT_YET_AVAILABLE']
11-29 15:21:33.482 28269 28297 E native  : === Source Location Trace: ===
11-29 15:21:33.482 28269 28297 E native  : vr/perception/depth/projects/motion_stereo/manager/motion_stereo_manager.cc:2139
11-29 15:21:33.482 28269 28297 E native  : third_party/arcore/ar/core/session.cc:3159
11-29 15:21:33.482 28269 28297 E native  : 
11-29 15:21:33.499 28269 28297 E native  : E1129 15:21:33.499578   28297 status.cc:162] FAILED_PRECONDITION: 
11-29 15:21:33.499 28269 28297 E native  : ARCoreError: third_party/arcore/ar/core/session.cc:3159
11-29 15:21:33.499 28269 28297 E native  : 
11-29 15:21:33.499 28269 28297 E native  : ARCoreError: vr/perception/depth/projects/motion_stereo/manager/motion_stereo_manager.cc:2139
11-29 15:21:33.499 28269 28297 E native  : No depth data found for the requested timestamp. [type.googleapis.com/util.ErrorSpacePayload='ArStatusErrorSpace::AR_ERROR_NOT_YET_AVAILABLE']
11-29 15:21:33.499 28269 28297 E native  : === Source Location Trace: ===
11-29 15:21:33.499 28269 28297 E native  : vr/perception/depth/projects/motion_stereo/manager/motion_stereo_manager.cc:2139
11-29 15:21:33.499 28269 28297 E native  : third_party/arcore/ar/core/session.cc:3159
11-29 15:21:33.499 28269 28297 E native  : 
11-29 15:21:33.503   706  1169 I mm-camera-CORE: [AFDBG] af_process_parse_stats MainCamera = 1, valid:1, fv: 307922432.000000, fv_norm: 131720.828125, lens_pos: 365, Stats ID =10 Stats type: 6 aec_settled: 0, exp_index: 293, luma:35.821560, real_gain:3.515131, progress:25, gyro:0.474423, sadr:14.710289, greenRatio:0.015299, fps:30 gravity:1.715398
11-29 15:21:33.503   706  1169 I mm-camera-CORE: [AFDBG] af_pdaf_is_focus_converge_done defocus=-9, focus_converge_done_thres=13, focus_converge_done=FALSE. sad panning=1, gyro panning=1, aec_settled=0, wait_caf_cnt:4, conf:1023, orig_defocus:-18, orig_conf:1023 temporal_converge_done:0 next_move:-8 focus_converge_cnt:3 is_roi_conf:1
11-29 15:21:33.503   706  1169 I mm-camera-CORE: af_default_mixer_process_search overall: mixer_state = 0 progress 25, cur pos 365, next pos 357target_pos 357, range_near 348, range_far 366, search_dir =0fine_step_size 6 confidence 100
11-29 15:21:33.503   706  1169 I         : StepToDAC [AFDBG] step:357 dac:317 actuatorName:imx519_lc898217xc OIS shift X:3 shift Y:1
11-29 15:21:33.504   706  1169 E CamX    : [ERROR][SENSOR ] camxactuator.cpp:688 OnPropertyUpdate() RequestId:10 Cur pos:357
11-29 15:21:33.515 28269 28297 E native  : E1129 15:21:33.515898   28297 status.cc:162] FAILED_PRECONDITION: 
11-29 15:21:33.515 28269 28297 E native  : ARCoreError: third_party/arcore/ar/core/session.cc:3159
11-29 15:21:33.515 28269 28297 E native  : 
11-29 15:21:33.515 28269 28297 E native  : ARCoreError: vr/perception/depth/projects/motion_stereo/manager/motion_stereo_manager.cc:2139
11-29 15:21:33.515 28269 28297 E native  : No depth data found for the requested timestamp. [type.googleapis.com/util.ErrorSpacePayload='ArStatusErrorSpace::AR_ERROR_NOT_YET_AVAILABLE']
11-29 15:21:33.515 28269 28297 E native  : === Source Location Trace: ===
11-29 15:21:33.515 28269 28297 E native  : vr/perception/depth/projects/motion_stereo/manager/motion_stereo_manager.cc:2139
11-29 15:21:33.515 28269 28297 E native  : third_party/arcore/ar/core/session.cc:3159
11-29 15:21:33.515 28269 28297 E native  : 
11-29 15:21:33.532 28269 28297 E native  : E1129 15:21:33.532918   28297 status.cc:162] FAILED_PRECONDITION: 
11-29 15:21:33.532 28269 28297 E native  : ARCoreError: third_party/arcore/ar/core/session.cc:3159
11-29 15:21:33.532 28269 28297 E native  : 
11-29 15:21:33.532 28269 28297 E native  : ARCoreError: vr/perception/depth/projects/motion_stereo/manager/motion_stereo_manager.cc:2139
11-29 15:21:33.532 28269 28297 E native  : No depth data found for the requested timestamp. [type.googleapis.com/util.ErrorSpacePayload='ArStatusErrorSpace::AR_ERROR_NOT_YET_AVAILABLE']
11-29 15:21:33.532 28269 28297 E native  : === Source Location Trace: ===
11-29 15:21:33.532 28269 28297 E native  : vr/perception/depth/projects/motion_stereo/manager/motion_stereo_manager.cc:2139
11-29 15:21:33.532 28269 28297 E native  : third_party/arcore/ar/core/session.cc:3159
11-29 15:21:33.532 28269 28297 E native  : 
11-29 15:21:33.536   706  1168 I mm-camera-CORE: [AFDBG] af_process_parse_stats MainCamera = 1, valid:1, fv: 319909024.000000, fv_norm: 144167.000000, lens_pos: 357, Stats ID =11 Stats type: 6 aec_settled: 0, exp_index: 293, luma:35.748367, real_gain:3.362681, progress:25, gyro:0.548241, sadr:17.923117, greenRatio:0.022786, fps:30 gravity:1.527619
11-29 15:21:33.536   706  1168 I mm-camera-CORE: af_default_mixer_process_search overall: mixer_state = 0 progress 25, cur pos 357, next pos 357target_pos 349, range_near 348, range_far 366, search_dir =0fine_step_size 6 confidence 100
11-29 15:21:33.549 28269 28297 E native  : E1129 15:21:33.549222   28297 status.cc:162] FAILED_PRECONDITION: 
11-29 15:21:33.549 28269 28297 E native  : ARCoreError: third_party/arcore/ar/core/session.cc:3159
11-29 15:21:33.549 28269 28297 E native  : 
11-29 15:21:33.549 28269 28297 E native  : ARCoreError: vr/perception/depth/projects/motion_stereo/manager/motion_stereo_manager.cc:2139
11-29 15:21:33.549 28269 28297 E native  : No depth data found for the requested timestamp. [type.googleapis.com/util.ErrorSpacePayload='ArStatusErrorSpace::AR_ERROR_NOT_YET_AVAILABLE']
11-29 15:21:33.549 28269 28297 E native  : === Source Location Trace: ===
11-29 15:21:33.549 28269 28297 E native  : vr/perception/depth/projects/motion_stereo/manager/motion_stereo_manager.cc:2139
11-29 15:21:33.549 28269 28297 E native  : third_party/arcore/ar/core/session.cc:3159
11-29 15:21:33.549 28269 28297 E native  : 
11-29 15:21:33.550   706  1168 E CamX    : [ERROR][STATS_AEC] caecmodconvergence.cpp:885: ConvergeFrameExposure conv algo set to ConvIDFast
11-29 15:21:33.566 28269 28297 E native  : E1129 15:21:33.566315   28297 status.cc:162] FAILED_PRECONDITION: 
11-29 15:21:33.566 28269 28297 E native  : ARCoreError: third_party/arcore/ar/core/session.cc:3159
11-29 15:21:33.566 28269 28297 E native  : 
11-29 15:21:33.566 28269 28297 E native  : ARCoreError: vr/perception/depth/projects/motion_stereo/manager/motion_stereo_manager.cc:2139
11-29 15:21:33.566 28269 28297 E native  : No depth data found for the requested timestamp. [type.googleapis.com/util.ErrorSpacePayload='ArStatusErrorSpace::AR_ERROR_NOT_YET_AVAILABLE']
11-29 15:21:33.566 28269 28297 E native  : === Source Location Trace: ===
11-29 15:21:33.566 28269 28297 E native  : vr/perception/depth/projects/motion_stereo/manager/motion_stereo_manager.cc:2139
11-29 15:21:33.566 28269 28297 E native  : third_party/arcore/ar/core/session.cc:3159
11-29 15:21:33.566 28269 28297 E native  : 
11-29 15:21:33.569   706  1170 I mm-camera-CORE: [AFDBG] af_process_parse_stats MainCamera = 1, valid:1, fv: 330113248.000000, fv_norm: 153555.203125, lens_pos: 357, Stats ID =12 Stats type: 6 aec_settled: 0, exp_index: 293, luma:35.421391, real_gain:3.264739, progress:25, gyro:0.429300, sadr:24.258289, greenRatio:0.022461, fps:30 gravity:1.370770
11-29 15:21:33.569   706  1170 I mm-camera-CORE: [AFDBG] af_pdaf_is_focus_converge_done defocus=-2, focus_converge_done_thres=13, focus_converge_done=TRUE. sad panning=1, gyro panning=1, aec_settled=0, wait_caf_cnt:6, conf:1023, orig_defocus:-4, orig_conf:1023 temporal_converge_done:1 next_move:-1 focus_converge_cnt:4 is_roi_conf:1
11-29 15:21:33.569   706  1170 I mm-camera-CORE: af_default_mixer_process_search overall: mixer_state = 0 progress 25, cur pos 357, next pos 356target_pos 356, range_near 347, range_far 365, search_dir =0fine_step_size 6 confidence 100
11-29 15:21:33.569   706  1170 I         : StepToDAC [AFDBG] step:356 dac:319 actuatorName:imx519_lc898217xc OIS shift X:3 shift Y:1
11-29 15:21:33.570   706  1170 E CamX    : [ERROR][SENSOR ] camxactuator.cpp:688 OnPropertyUpdate() RequestId:12 Cur pos:356
11-29 15:21:33.582 28269 28297 E native  : E1129 15:21:33.582567   28297 status.cc:162] FAILED_PRECONDITION: 
11-29 15:21:33.582 28269 28297 E native  : ARCoreError: third_party/arcore/ar/core/session.cc:3159
11-29 15:21:33.582 28269 28297 E native  : 
11-29 15:21:33.582 28269 28297 E native  : ARCoreError: vr/perception/depth/projects/motion_stereo/manager/motion_stereo_manager.cc:2139
11-29 15:21:33.582 28269 28297 E native  : No depth data found for the requested timestamp. [type.googleapis.com/util.ErrorSpacePayload='ArStatusErrorSpace::AR_ERROR_NOT_YET_AVAILABLE']
11-29 15:21:33.582 28269 28297 E native  : === Source Location Trace: ===
11-29 15:21:33.582 28269 28297 E native  : vr/perception/depth/projects/motion_stereo/manager/motion_stereo_manager.cc:2139
11-29 15:21:33.582 28269 28297 E native  : third_party/arcore/ar/core/session.cc:3159
11-29 15:21:33.582 28269 28297 E native  : 
11-29 15:21:33.599 28269 28297 E native  : E1129 15:21:33.599701   28297 status.cc:162] FAILED_PRECONDITION: 
11-29 15:21:33.599 28269 28297 E native  : ARCoreError: third_party/arcore/ar/core/session.cc:3159
11-29 15:21:33.599 28269 28297 E native  : 
11-29 15:21:33.599 28269 28297 E native  : ARCoreError: vr/perception/depth/projects/motion_stereo/manager/motion_stereo_manager.cc:2139
11-29 15:21:33.599 28269 28297 E native  : No depth data found for the requested timestamp. [type.googleapis.com/util.ErrorSpacePayload='ArStatusErrorSpace::AR_ERROR_NOT_YET_AVAILABLE']
11-29 15:21:33.599 28269 28297 E native  : === Source Location Trace: ===
11-29 15:21:33.599 28269 28297 E native  : vr/perception/depth/projects/motion_stereo/manager/motion_stereo_manager.cc:2139
11-29 15:21:33.599 28269 28297 E native  : third_party/arcore/ar/core/session.cc:3159
11-29 15:21:33.599 28269 28297 E native  : 
11-29 15:21:33.603   706  1168 I mm-camera-CORE: [AFDBG] af_process_parse_stats MainCamera = 1, valid:1, fv: 317952512.000000, fv_norm: 153100.734375, lens_pos: 356, Stats ID =13 Stats type: 6 aec_settled: 1, exp_index: 293, luma:34.919258, real_gain:3.169650, progress:25, gyro:0.281935, sadr:29.907413, greenRatio:0.026693, fps:30 gravity:1.373793
11-29 15:21:33.603   706  1168 I mm-camera-CORE: af_default_mixer_process_search overall: mixer_state = 0 progress 25, cur pos 356, next pos 356target_pos 355, range_near 347, range_far 365, search_dir =0fine_step_size 6 confidence 100
11-29 15:21:33.615 28269 28297 E native  : E1129 15:21:33.615876   28297 status.cc:162] FAILED_PRECONDITION: 
11-29 15:21:33.615 28269 28297 E native  : ARCoreError: third_party/arcore/ar/core/session.cc:3159
11-29 15:21:33.615 28269 28297 E native  : 
11-29 15:21:33.615 28269 28297 E native  : ARCoreError: vr/perception/depth/projects/motion_stereo/manager/motion_stereo_manager.cc:2139
11-29 15:21:33.615 28269 28297 E native  : No depth data found for the requested timestamp. [type.googleapis.com/util.ErrorSpacePayload='ArStatusErrorSpace::AR_ERROR_NOT_YET_AVAILABLE']
11-29 15:21:33.615 28269 28297 E native  : === Source Location Trace: ===
11-29 15:21:33.615 28269 28297 E native  : vr/perception/depth/projects/motion_stereo/manager/motion_stereo_manager.cc:2139
11-29 15:21:33.615 28269 28297 E native  : third_party/arcore/ar/core/session.cc:3159
11-29 15:21:33.615 28269 28297 E native  : 
11-29 15:21:33.633 28269 28297 E native  : E1129 15:21:33.633007   28297 status.cc:162] FAILED_PRECONDITION: 
11-29 15:21:33.633 28269 28297 E native  : ARCoreError: third_party/arcore/ar/core/session.cc:3159
11-29 15:21:33.633 28269 28297 E native  : 
11-29 15:21:33.633 28269 28297 E native  : ARCoreError: vr/perception/depth/projects/motion_stereo/manager/motion_stereo_manager.cc:2139
11-29 15:21:33.633 28269 28297 E native  : No depth data found for the requested timestamp. [type.googleapis.com/util.ErrorSpacePayload='ArStatusErrorSpace::AR_ERROR_NOT_YET_AVAILABLE']
11-29 15:21:33.633 28269 28297 E native  : === Source Location Trace: ===
11-29 15:21:33.633 28269 28297 E native  : vr/perception/depth/projects/motion_stereo/manager/motion_stereo_manager.cc:2139
11-29 15:21:33.633 28269 28297 E native  : third_party/arcore/ar/core/session.cc:3159
11-29 15:21:33.633 28269 28297 E native  : 
11-29 15:21:33.638   706  1168 I mm-camera-CORE: [AFDBG] af_process_parse_stats MainCamera = 1, valid:1, fv: 317097888.000000, fv_norm: 155947.796875, lens_pos: 356, Stats ID =14 Stats type: 6 aec_settled: 0, exp_index: 292, luma:32.716576, real_gain:3.123149, progress:25, gyro:0.326348, sadr:30.923445, greenRatio:0.016927, fps:30 gravity:1.314972
11-29 15:21:33.638   706  1168 I mm-camera-CORE: [AFDBG] af_pdaf_is_focus_converge_done defocus=0, focus_converge_done_thres=12, focus_converge_done=TRUE. sad panning=1, gyro panning=1, aec_settled=0, wait_caf_cnt:8, conf:1023, orig_defocus:-1, orig_conf:1023 temporal_converge_done:1 next_move:0 focus_converge_cnt:5 is_roi_conf:1
11-29 15:21:33.638   706  1168 I mm-camera-CORE: af_default_mixer_process_search overall: mixer_state = 0 progress 25, cur pos 356, next pos 356target_pos 356, range_near 348, range_far 364, search_dir =0fine_step_size 6 confidence 100
11-29 15:21:33.649 28269 28297 E native  : E1129 15:21:33.649233   28297 status.cc:162] FAILED_PRECONDITION: 
11-29 15:21:33.649 28269 28297 E native  : ARCoreError: third_party/arcore/ar/core/session.cc:3159
11-29 15:21:33.649 28269 28297 E native  : 
11-29 15:21:33.649 28269 28297 E native  : ARCoreError: vr/perception/depth/projects/motion_stereo/manager/motion_stereo_manager.cc:2139
11-29 15:21:33.649 28269 28297 E native  : No depth data found for the requested timestamp. [type.googleapis.com/util.ErrorSpacePayload='ArStatusErrorSpace::AR_ERROR_NOT_YET_AVAILABLE']
11-29 15:21:33.649 28269 28297 E native  : === Source Location Trace: ===
11-29 15:21:33.649 28269 28297 E native  : vr/perception/depth/projects/motion_stereo/manager/motion_stereo_manager.cc:2139
11-29 15:21:33.649 28269 28297 E native  : third_party/arcore/ar/core/session.cc:3159
11-29 15:21:33.649 28269 28297 E native  : 
11-29 15:21:33.666 28269 28297 E native  : E1129 15:21:33.666383   28297 status.cc:162] FAILED_PRECONDITION: 
11-29 15:21:33.666 28269 28297 E native  : ARCoreError: third_party/arcore/ar/core/session.cc:3159
11-29 15:21:33.666 28269 28297 E native  : 
11-29 15:21:33.666 28269 28297 E native  : ARCoreError: vr/perception/depth/projects/motion_stereo/manager/motion_stereo_manager.cc:2139
11-29 15:21:33.666 28269 28297 E native  : No depth data found for the requested timestamp. [type.googleapis.com/util.ErrorSpacePayload='ArStatusErrorSpace::AR_ERROR_NOT_YET_AVAILABLE']
11-29 15:21:33.666 28269 28297 E native  : === Source Location Trace: ===
11-29 15:21:33.666 28269 28297 E native  : vr/perception/depth/projects/motion_stereo/manager/motion_stereo_manager.cc:2139
11-29 15:21:33.666 28269 28297 E native  : third_party/arcore/ar/core/session.cc:3159
11-29 15:21:33.666 28269 28297 E native  : 
11-29 15:21:33.671   706  1169 I mm-camera-CORE: [AFDBG] af_process_parse_stats MainCamera = 1, valid:1, fv: 347297952.000000, fv_norm: 175529.812500, lens_pos: 356, Stats ID =15 Stats type: 6 aec_settled: 0, exp_index: 292, luma:31.205109, real_gain:3.077330, progress:25, gyro:0.067229, sadr:34.373428, greenRatio:0.028320, fps:30 gravity:1.207755
11-29 15:21:33.671   706  1169 I mm-camera-CORE: [AFDBG] af_pdaf_is_focus_converge_done defocus=0, focus_converge_done_thres=12, focus_converge_done=TRUE. sad panning=1, gyro panning=1, aec_settled=0, wait_caf_cnt:9, conf:1023, orig_defocus:0, orig_conf:1023 temporal_converge_done:1 next_move:0 focus_converge_cnt:6 is_roi_conf:1
11-29 15:21:33.671   706  1169 I mm-camera-CORE: af_default_mixer_process_search overall: mixer_state = 0 progress 25, cur pos 356, next pos 356target_pos 356, range_near 348, range_far 364, search_dir =0fine_step_size 6 confidence 100
11-29 15:21:33.682 28269 28297 E native  : E1129 15:21:33.682597   28297 status.cc:162] FAILED_PRECONDITION: 
11-29 15:21:33.682 28269 28297 E native  : ARCoreError: third_party/arcore/ar/core/session.cc:3159
11-29 15:21:33.682 28269 28297 E native  : 
11-29 15:21:33.682 28269 28297 E native  : ARCoreError: vr/perception/depth/projects/motion_stereo/manager/motion_stereo_manager.cc:2139
11-29 15:21:33.682 28269 28297 E native  : No depth data found for the requested timestamp. [type.googleapis.com/util.ErrorSpacePayload='ArStatusErrorSpace::AR_ERROR_NOT_YET_AVAILABLE']
11-29 15:21:33.682 28269 28297 E native  : === Source Location Trace: ===
11-29 15:21:33.682 28269 28297 E native  : vr/perception/depth/projects/motion_stereo/manager/motion_stereo_manager.cc:2139
11-29 15:21:33.682 28269 28297 E native  : third_party/arcore/ar/core/session.cc:3159
11-29 15:21:33.682 28269 28297 E native  : 
11-29 15:21:33.699 28269 28297 E native  : E1129 15:21:33.699683   28297 status.cc:162] FAILED_PRECONDITION: 
11-29 15:21:33.699 28269 28297 E native  : ARCoreError: third_party/arcore/ar/core/session.cc:3159
11-29 15:21:33.699 28269 28297 E native  : 
11-29 15:21:33.699 28269 28297 E native  : ARCoreError: vr/perception/depth/projects/motion_stereo/manager/motion_stereo_manager.cc:2139
11-29 15:21:33.699 28269 28297 E native  : No depth data found for the requested timestamp. [type.googleapis.com/util.ErrorSpacePayload='ArStatusErrorSpace::AR_ERROR_NOT_YET_AVAILABLE']
11-29 15:21:33.699 28269 28297 E native  : === Source Location Trace: ===
11-29 15:21:33.699 28269 28297 E native  : vr/perception/depth/projects/motion_stereo/manager/motion_stereo_manager.cc:2139
11-29 15:21:33.699 28269 28297 E native  : third_party/arcore/ar/core/session.cc:3159
11-29 15:21:33.699 28269 28297 E native  : 
11-29 15:21:33.702   706  1167 I mm-camera-CORE: [AFDBG] af_process_parse_stats MainCamera = 1, valid:1, fv: 336646400.000000, fv_norm: 171468.406250, lens_pos: 356, Stats ID =16 Stats type: 6 aec_settled: 0, exp_index: 292, luma:30.340664, real_gain:3.032183, progress:25, gyro:0.205898, sadr:37.249928, greenRatio:0.026042, fps:30 gravity:1.184755
11-29 15:21:33.702   706  1167 I mm-camera-CORE: [AFDBG] af_pdaf_is_focus_converge_done defocus=0, focus_converge_done_thres=12, focus_converge_done=TRUE. sad panning=1, gyro panning=1, aec_settled=0, wait_caf_cnt:10, conf:1023, orig_defocus:0, orig_conf:1023 temporal_converge_done:1 next_move:0 focus_converge_cnt:7 is_roi_conf:1
11-29 15:21:33.702   706  1167 I mm-camera-CORE: af_default_mixer_process_search overall: mixer_state = 0 progress 25, cur pos 356, next pos 356target_pos 356, range_near 348, range_far 364, search_dir =0fine_step_size 6 confidence 100
11-29 15:21:33.715 28269 28297 E native  : E1129 15:21:33.715914   28297 status.cc:162] FAILED_PRECONDITION: 
11-29 15:21:33.715 28269 28297 E native  : ARCoreError: third_party/arcore/ar/core/session.cc:3159
11-29 15:21:33.715 28269 28297 E native  : 
11-29 15:21:33.715 28269 28297 E native  : ARCoreError: vr/perception/depth/projects/motion_stereo/manager/motion_stereo_manager.cc:2139
11-29 15:21:33.715 28269 28297 E native  : No depth data found for the requested timestamp. [type.googleapis.com/util.ErrorSpacePayload='ArStatusErrorSpace::AR_ERROR_NOT_YET_AVAILABLE']
11-29 15:21:33.715 28269 28297 E native  : === Source Location Trace: ===
11-29 15:21:33.715 28269 28297 E native  : vr/perception/depth/projects/motion_stereo/manager/motion_stereo_manager.cc:2139
11-29 15:21:33.715 28269 28297 E native  : third_party/arcore/ar/core/session.cc:3159
11-29 15:21:33.715 28269 28297 E native  : 
11-29 15:21:33.733 28269 28297 E native  : E1129 15:21:33.733147   28297 status.cc:162] FAILED_PRECONDITION: 
11-29 15:21:33.733 28269 28297 E native  : ARCoreError: third_party/arcore/ar/core/session.cc:3159
11-29 15:21:33.733 28269 28297 E native  : 
11-29 15:21:33.733 28269 28297 E native  : ARCoreError: vr/perception/depth/projects/motion_stereo/manager/motion_stereo_manager.cc:2139
11-29 15:21:33.733 28269 28297 E native  : No depth data found for the requested timestamp. [type.googleapis.com/util.ErrorSpacePayload='ArStatusErrorSpace::AR_ERROR_NOT_YET_AVAILABLE']
11-29 15:21:33.733 28269 28297 E native  : === Source Location Trace: ===
11-29 15:21:33.733 28269 28297 E native  : vr/perception/depth/projects/motion_stereo/manager/motion_stereo_manager.cc:2139
11-29 15:21:33.733 28269 28297 E native  : third_party/arcore/ar/core/session.cc:3159
11-29 15:21:33.733 28269 28297 E native  : 
11-29 15:21:33.736   706  1167 I mm-camera-CORE: [AFDBG] af_process_parse_stats MainCamera = 1, valid:1, fv: 329960896.000000, fv_norm: 171247.156250, lens_pos: 356, Stats ID =17 Stats type: 6 aec_settled: 1, exp_index: 292, luma:29.387201, real_gain:2.987699, progress:25, gyro:0.282134, sadr:37.980556, greenRatio:0.034180, fps:30 gravity:1.186191
11-29 15:21:33.736   706  1167 I mm-camera-CORE: [AFDBG] af_pdaf_is_focus_converge_done defocus=0, focus_converge_done_thres=12, focus_converge_done=TRUE. sad panning=1, gyro panning=1, aec_settled=1, wait_caf_cnt:11, conf:1023, orig_defocus:0, orig_conf:1023 temporal_converge_done:1 next_move:0 focus_converge_cnt:8 is_roi_conf:1
11-29 15:21:33.736   706  1167 I mm-camera-CORE: af_default_mixer_process_search overall: mixer_state = 0 progress 25, cur pos 356, next pos 356target_pos 356, range_near 348, range_far 364, search_dir =0fine_step_size 6 confidence 100
11-29 15:21:33.749 28269 28297 E native  : E1129 15:21:33.749250   28297 status.cc:162] FAILED_PRECONDITION: 
11-29 15:21:33.749 28269 28297 E native  : ARCoreError: third_party/arcore/ar/core/session.cc:3159
11-29 15:21:33.749 28269 28297 E native  : 
11-29 15:21:33.749 28269 28297 E native  : ARCoreError: vr/perception/depth/projects/motion_stereo/manager/motion_stereo_manager.cc:2139
11-29 15:21:33.749 28269 28297 E native  : No depth data found for the requested timestamp. [type.googleapis.com/util.ErrorSpacePayload='ArStatusErrorSpace::AR_ERROR_NOT_YET_AVAILABLE']
11-29 15:21:33.749 28269 28297 E native  : === Source Location Trace: ===
11-29 15:21:33.749 28269 28297 E native  : vr/perception/depth/projects/motion_stereo/manager/motion_stereo_manager.cc:2139
11-29 15:21:33.749 28269 28297 E native  : third_party/arcore/ar/core/session.cc:3159
11-29 15:21:33.749 28269 28297 E native  : 
11-29 15:21:33.760 28269 28423 I native  : I1129 15:21:33.759968   28423 bundle_adjustment_initializer.cc:268] Intrinsic vector size of the camera 0 is 7
11-29 15:21:33.765 28269 28297 E native  : E1129 15:21:33.765863   28297 status.cc:162] FAILED_PRECONDITION: 
11-29 15:21:33.765 28269 28297 E native  : ARCoreError: third_party/arcore/ar/core/session.cc:3159
11-29 15:21:33.765 28269 28297 E native  : 
11-29 15:21:33.765 28269 28297 E native  : ARCoreError: vr/perception/depth/projects/motion_stereo/manager/motion_stereo_manager.cc:2139
11-29 15:21:33.765 28269 28297 E native  : No depth data found for the requested timestamp. [type.googleapis.com/util.ErrorSpacePayload='ArStatusErrorSpace::AR_ERROR_NOT_YET_AVAILABLE']
11-29 15:21:33.765 28269 28297 E native  : === Source Location Trace: ===
11-29 15:21:33.765 28269 28297 E native  : vr/perception/depth/projects/motion_stereo/manager/motion_stereo_manager.cc:2139
11-29 15:21:33.765 28269 28297 E native  : third_party/arcore/ar/core/session.cc:3159
11-29 15:21:33.765 28269 28297 E native  : 
11-29 15:21:33.771 28269 28423 I native  : I1129 15:21:33.771659   28423 bundle_adjustment_initialization.h:136] Number of measurements used in BA initialization for temporal landmarks: 300
11-29 15:21:33.771 28269 28423 I native  : I1129 15:21:33.771742   28423 bundle_adjustment_initialization.h:138] Number of good measurements (i.e., reprojection errors <= 3 pixels) in BA initialization for temporal landmarks: 260
11-29 15:21:33.775   706  1168 I mm-camera-CORE: [AFDBG] af_process_parse_stats MainCamera = 1, valid:1, fv: 342767520.000000, fv_norm: 180472.359375, lens_pos: 356, Stats ID =18 Stats type: 6 aec_settled: 1, exp_index: 292, luma:29.046299, real_gain:2.943867, progress:25, gyro:0.173690, sadr:37.622856, greenRatio:0.023438, fps:30 gravity:1.171386
11-29 15:21:33.775   706  1168 I mm-camera-CORE: [AFDBG] af_pdaf_is_focus_converge_done defocus=0, focus_converge_done_thres=12, focus_converge_done=TRUE. sad panning=1, gyro panning=1, aec_settled=1, wait_caf_cnt:12, conf:1023, orig_defocus:1, orig_conf:1023 temporal_converge_done:1 next_move:0 focus_converge_cnt:9 is_roi_conf:1
11-29 15:21:33.775   706  1168 I mm-camera-CORE: af_default_mixer_process_search overall: mixer_state = 0 progress 25, cur pos 356, next pos 356target_pos 356, range_near 348, range_far 364, search_dir =0fine_step_size 6 confidence 100
11-29 15:21:33.783 28269 28297 E native  : E1129 15:21:33.783001   28297 status.cc:162] FAILED_PRECONDITION: 
11-29 15:21:33.783 28269 28297 E native  : ARCoreError: third_party/arcore/ar/core/session.cc:3159
11-29 15:21:33.783 28269 28297 E native  : 
11-29 15:21:33.783 28269 28297 E native  : ARCoreError: vr/perception/depth/projects/motion_stereo/manager/motion_stereo_manager.cc:2139
11-29 15:21:33.783 28269 28297 E native  : No depth data found for the requested timestamp. [type.googleapis.com/util.ErrorSpacePayload='ArStatusErrorSpace::AR_ERROR_NOT_YET_AVAILABLE']
11-29 15:21:33.783 28269 28297 E native  : === Source Location Trace: ===
11-29 15:21:33.783 28269 28297 E native  : vr/perception/depth/projects/motion_stereo/manager/motion_stereo_manager.cc:2139
11-29 15:21:33.783 28269 28297 E native  : third_party/arcore/ar/core/session.cc:3159
11-29 15:21:33.783 28269 28297 E native  : 
11-29 15:21:33.799 28269 28297 E native  : E1129 15:21:33.799729   28297 status.cc:162] FAILED_PRECONDITION: 
11-29 15:21:33.799 28269 28297 E native  : ARCoreError: third_party/arcore/ar/core/session.cc:3159
11-29 15:21:33.799 28269 28297 E native  : 
11-29 15:21:33.799 28269 28297 E native  : ARCoreError: vr/perception/depth/projects/motion_stereo/manager/motion_stereo_manager.cc:2139
11-29 15:21:33.799 28269 28297 E native  : No depth data found for the requested timestamp. [type.googleapis.com/util.ErrorSpacePayload='ArStatusErrorSpace::AR_ERROR_NOT_YET_AVAILABLE']
11-29 15:21:33.799 28269 28297 E native  : === Source Location Trace: ===
11-29 15:21:33.799 28269 28297 E native  : vr/perception/depth/projects/motion_stereo/manager/motion_stereo_manager.cc:2139
11-29 15:21:33.799 28269 28297 E native  : third_party/arcore/ar/core/session.cc:3159
11-29 15:21:33.799 28269 28297 E native  : 
11-29 15:21:33.803   706  1168 I mm-camera-CORE: [AFDBG] af_process_parse_stats MainCamera = 1, valid:1, fv: 328747424.000000, fv_norm: 175286.343750, lens_pos: 356, Stats ID =19 Stats type: 6 aec_settled: 1, exp_index: 291, luma:28.562590, real_gain:2.900679, progress:25, gyro:0.259726, sadr:37.519272, greenRatio:0.024414, fps:30 gravity:1.186566
11-29 15:21:33.803   706  1168 I mm-camera-CORE: [AFDBG] af_pdaf_is_focus_converge_done defocus=0, focus_converge_done_thres=12, focus_converge_done=TRUE. sad panning=1, gyro panning=1, aec_settled=1, wait_caf_cnt:13, conf:1023, orig_defocus:1, orig_conf:1023 temporal_converge_done:1 next_move:0 focus_converge_cnt:10 is_roi_conf:1
11-29 15:21:33.803   706  1168 I mm-camera-CORE: af_default_mixer_process_search overall: mixer_state = 0 progress 25, cur pos 356, next pos 356target_pos 356, range_near 348, range_far 364, search_dir =0fine_step_size 6 confidence 100
11-29 15:21:33.809 28269 28493 D UE4     : [2021.11.29-14.21.33:809][125]LogTcpMessaging: Started Connection to '127.0.0.1:40007'
11-29 15:21:33.810 28269 28493 D UE4     : [2021.11.29-14.21.33:810][125]LogTcpMessaging: Discovered node 'DDA50CF0480A513CC8448DB2D45445B2' on connection '127.0.0.1:40007'...
11-29 15:21:33.815 28269 28297 E native  : E1129 15:21:33.815918   28297 status.cc:162] FAILED_PRECONDITION: 
11-29 15:21:33.815 28269 28297 E native  : ARCoreError: third_party/arcore/ar/core/session.cc:3159
11-29 15:21:33.815 28269 28297 E native  : 
11-29 15:21:33.815 28269 28297 E native  : ARCoreError: vr/perception/depth/projects/motion_stereo/manager/motion_stereo_manager.cc:2139
11-29 15:21:33.815 28269 28297 E native  : No depth data found for the requested timestamp. [type.googleapis.com/util.ErrorSpacePayload='ArStatusErrorSpace::AR_ERROR_NOT_YET_AVAILABLE']
11-29 15:21:33.815 28269 28297 E native  : === Source Location Trace: ===
11-29 15:21:33.815 28269 28297 E native  : vr/perception/depth/projects/motion_stereo/manager/motion_stereo_manager.cc:2139
11-29 15:21:33.815 28269 28297 E native  : third_party/arcore/ar/core/session.cc:3159
11-29 15:21:33.815 28269 28297 E native  : 
11-29 15:21:33.833 28269 28297 E native  : E1129 15:21:33.833325   28297 status.cc:162] FAILED_PRECONDITION: 
11-29 15:21:33.833 28269 28297 E native  : ARCoreError: third_party/arcore/ar/core/session.cc:3159
11-29 15:21:33.833 28269 28297 E native  : 
11-29 15:21:33.833 28269 28297 E native  : ARCoreError: vr/perception/depth/projects/motion_stereo/manager/motion_stereo_manager.cc:2139
11-29 15:21:33.833 28269 28297 E native  : No depth data found for the requested timestamp. [type.googleapis.com/util.ErrorSpacePayload='ArStatusErrorSpace::AR_ERROR_NOT_YET_AVAILABLE']
11-29 15:21:33.833 28269 28297 E native  : === Source Location Trace: ===
11-29 15:21:33.833 28269 28297 E native  : vr/perception/depth/projects/motion_stereo/manager/motion_stereo_manager.cc:2139
11-29 15:21:33.833 28269 28297 E native  : third_party/arcore/ar/core/session.cc:3159
11-29 15:21:33.833 28269 28297 E native  : 
11-29 15:21:33.836   706  1167 I mm-camera-CORE: [AFDBG] af_process_parse_stats MainCamera = 1, valid:1, fv: 328233632.000000, fv_norm: 177832.734375, lens_pos: 356, Stats ID =20 Stats type: 6 aec_settled: 1, exp_index: 291, luma:28.128387, real_gain:2.858124, progress:25, gyro:0.203628, sadr:37.359383, greenRatio:0.024740, fps:30 gravity:1.214407
11-29 15:21:33.836   706  1167 I mm-camera-CORE: [AFDBG] af_pdaf_is_focus_converge_done defocus=0, focus_converge_done_thres=12, focus_converge_done=TRUE. sad panning=1, gyro panning=1, aec_settled=1, wait_caf_cnt:14, conf:1023, orig_defocus:1, orig_conf:1023 temporal_converge_done:1 next_move:0 focus_converge_cnt:11 is_roi_conf:1
11-29 15:21:33.836   706  1167 I mm-camera-CORE: af_default_mixer_process_search overall: mixer_state = 0 progress 25, cur pos 356, next pos 356target_pos 356, range_near 348, range_far 364, search_dir =0fine_step_size 6 confidence 100
11-29 15:21:33.849 28269 28297 E native  : E1129 15:21:33.849242   28297 status.cc:162] FAILED_PRECONDITION: 
11-29 15:21:33.849 28269 28297 E native  : ARCoreError: third_party/arcore/ar/core/session.cc:3159
11-29 15:21:33.849 28269 28297 E native  : 
11-29 15:21:33.849 28269 28297 E native  : ARCoreError: vr/perception/depth/projects/motion_stereo/manager/motion_stereo_manager.cc:2139
11-29 15:21:33.849 28269 28297 E native  : No depth data found for the requested timestamp. [type.googleapis.com/util.ErrorSpacePayload='ArStatusErrorSpace::AR_ERROR_NOT_YET_AVAILABLE']
11-29 15:21:33.849 28269 28297 E native  : === Source Location Trace: ===
11-29 15:21:33.849 28269 28297 E native  : vr/perception/depth/projects/motion_stereo/manager/motion_stereo_manager.cc:2139
11-29 15:21:33.849 28269 28297 E native  : third_party/arcore/ar/core/session.cc:3159
11-29 15:21:33.849 28269 28297 E native  : 
11-29 15:21:33.867 28269 28297 E native  : E1129 15:21:33.867403   28297 point_cloud_c_api.cc:65] operator(): point_cloud was passed NULL.
11-29 15:21:33.867 28269 28297 E native  : E1129 15:21:33.867551   28297 status.cc:162] FAILED_PRECONDITION: 
11-29 15:21:33.867 28269 28297 E native  : ARCoreError: third_party/arcore/ar/core/session.cc:3159
11-29 15:21:33.867 28269 28297 E native  : 
11-29 15:21:33.867 28269 28297 E native  : ARCoreError: vr/perception/depth/projects/motion_stereo/manager/motion_stereo_manager.cc:2139
11-29 15:21:33.867 28269 28297 E native  : No depth data found for the requested timestamp. [type.googleapis.com/util.ErrorSpacePayload='ArStatusErrorSpace::AR_ERROR_NOT_YET_AVAILABLE']
11-29 15:21:33.867 28269 28297 E native  : === Source Location Trace: ===
11-29 15:21:33.867 28269 28297 E native  : vr/perception/depth/projects/motion_stereo/manager/motion_stereo_manager.cc:2139
11-29 15:21:33.867 28269 28297 E native  : third_party/arcore/ar/core/session.cc:3159
11-29 15:21:33.867 28269 28297 E native  : 
11-29 15:21:33.869   706  1168 I mm-camera-CORE: [AFDBG] af_process_parse_stats MainCamera = 1, valid:1, fv: 312674624.000000, fv_norm: 170003.375000, lens_pos: 356, Stats ID =21 Stats type: 6 aec_settled: 1, exp_index: 291, luma:27.772535, real_gain:2.816193, progress:25, gyro:0.222301, sadr:36.886505, greenRatio:0.020508, fps:30 gravity:1.264402
11-29 15:21:33.870   706  1168 I mm-camera-CORE: [AFDBG] af_pdaf_is_focus_converge_done defocus=0, focus_converge_done_thres=12, focus_converge_done=TRUE. sad panning=1, gyro panning=1, aec_settled=1, wait_caf_cnt:15, conf:1023, orig_defocus:1, orig_conf:1023 temporal_converge_done:1 next_move:0 focus_converge_cnt:12 is_roi_conf:1
11-29 15:21:33.870   706  1168 I mm-camera-CORE: af_default_mixer_process_search overall: mixer_state = 0 progress 25, cur pos 356, next pos 356target_pos 356, range_near 348, range_far 364, search_dir =0fine_step_size 6 confidence 100
11-29 15:21:33.884 28269 28297 E native  : E1129 15:21:33.884735   28297 status.cc:162] FAILED_PRECONDITION: 
11-29 15:21:33.884 28269 28297 E native  : ARCoreError: third_party/arcore/ar/core/session.cc:3159
11-29 15:21:33.884 28269 28297 E native  : 
11-29 15:21:33.884 28269 28297 E native  : ARCoreError: vr/perception/depth/projects/motion_stereo/manager/motion_stereo_manager.cc:2139
11-29 15:21:33.884 28269 28297 E native  : No depth data found for the requested timestamp. [type.googleapis.com/util.ErrorSpacePayload='ArStatusErrorSpace::AR_ERROR_NOT_YET_AVAILABLE']
11-29 15:21:33.884 28269 28297 E native  : === Source Location Trace: ===
11-29 15:21:33.884 28269 28297 E native  : vr/perception/depth/projects/motion_stereo/manager/motion_stereo_manager.cc:2139
11-29 15:21:33.884 28269 28297 E native  : third_party/arcore/ar/core/session.cc:3159
11-29 15:21:33.884 28269 28297 E native  : 
11-29 15:21:33.903   706  1167 I mm-camera-CORE: [AFDBG] af_process_parse_stats MainCamera = 1, valid:1, fv: 313742400.000000, fv_norm: 173796.750000, lens_pos: 356, Stats ID =22 Stats type: 6 aec_settled: 1, exp_index: 291, luma:27.318110, real_gain:2.774878, progress:25, gyro:0.071413, sadr:36.379738, greenRatio:0.027995, fps:30 gravity:1.360185
11-29 15:21:33.903   706  1167 I mm-camera-CORE: [AFDBG] af_pdaf_is_focus_converge_done defocus=0, focus_converge_done_thres=12, focus_converge_done=TRUE. sad panning=1, gyro panning=1, aec_settled=1, wait_caf_cnt:16, conf:1023, orig_defocus:1, orig_conf:1023 temporal_converge_done:1 next_move:0 focus_converge_cnt:13 is_roi_conf:1
11-29 15:21:33.903   706  1167 I mm-camera-CORE: af_default_mixer_process_search overall: mixer_state = 0 progress 25, cur pos 356, next pos 356target_pos 356, range_near 348, range_far 364, search_dir =0fine_step_size 6 confidence 100
11-29 15:21:33.937   706  1167 I mm-camera-CORE: [AFDBG] af_process_parse_stats MainCamera = 1, valid:1, fv: 311497504.000000, fv_norm: 174637.859375, lens_pos: 356, Stats ID =23 Stats type: 6 aec_settled: 1, exp_index: 291, luma:26.941509, real_gain:2.734168, progress:25, gyro:0.049408, sadr:35.224506, greenRatio:0.029948, fps:30 gravity:1.400326
11-29 15:21:33.938   706  1167 I mm-camera-CORE: [AFDBG] af_pdaf_is_focus_converge_done defocus=0, focus_converge_done_thres=12, focus_converge_done=TRUE. sad panning=1, gyro panning=1, aec_settled=1, wait_caf_cnt:17, conf:1023, orig_defocus:1, orig_conf:1023 temporal_converge_done:1 next_move:0 focus_converge_cnt:14 is_roi_conf:1
11-29 15:21:33.938   706  1167 I mm-camera-CORE: af_default_mixer_process_search overall: mixer_state = 0 progress 25, cur pos 356, next pos 356target_pos 356, range_near 348, range_far 364, search_dir =0fine_step_size 6 confidence 100
11-29 15:21:33.938   706  1167 I mm-camera-CORE: [AFDBG] af_util_adjust_roi MainCamera = 1, Calculated new ROI: (1862, 1398, 930 698) roi_type:0 spotlight:1 lowlight:0 camif[4656,3496] zoom_ratio:1.000000
11-29 15:21:33.950 28269 28297 D UE4     : [2021.11.29-14.21.33:950][133]LogGoogleARCoreAPI: Added NewTrackableObject:  for handle 0xa7a7c260, current total number of trackables: 1
11-29 15:21:33.950 28269 28297 D UE4     : [2021.11.29-14.21.33:950][133]LogGoogleARCoreTrackingSystem: OnTrackableAdded: 
11-29 15:21:33.955 28269 28297 D UE4     : [2021.11.29-14.21.33:954][133]LogBlueprintUserMessages: [BP_ARPawn_C_2147482531] PLACED
11-29 15:21:33.964 28269 28439 I native  : I1129 15:21:33.964128   28439 tracking.cc:3493] no history. confidence : 1.0
11-29 15:21:33.979   706  1169 I mm-camera-CORE: [AFDBG] af_process_parse_stats MainCamera = 1, valid:0, fv: 302447296.000000, fv_norm: 171471.046875, lens_pos: 356, Stats ID =24 Stats type: 6 aec_settled: 1, exp_index: 292, luma:26.528477, real_gain:2.694056, progress:25, gyro:0.163797, sadr:33.348938, greenRatio:0.033203, fps:30 gravity:1.409882
11-29 15:21:33.979   706  1169 I mm-camera-CORE: [AFDBG] af_pdaf_is_focus_converge_done defocus=0, focus_converge_done_thres=12, focus_converge_done=TRUE. sad panning=1, gyro panning=1, aec_settled=1, wait_caf_cnt:18, conf:1023, orig_defocus:1, orig_conf:1023 temporal_converge_done:1 next_move:0 focus_converge_cnt:15 is_roi_conf:1
11-29 15:21:33.979   706  1169 I mm-camera-CORE: af_default_mixer_process_search overall: mixer_state = 0 progress 25, cur pos 356, next pos 356target_pos 356, range_near 348, range_far 364, search_dir =0fine_step_size 6 confidence 100
11-29 15:21:33.989  8412  8412 D BoundBrokerSvc: onUnbind: Intent { act=com.google.android.gms.measurement.START pkg=com.google.android.gms }
11-29 15:21:34.004   706  1168 I mm-camera-CORE: [AFDBG] af_process_parse_stats MainCamera = 1, valid:0, fv: 291971648.000000, fv_norm: 168185.468750, lens_pos: 356, Stats ID =25 Stats type: 6 aec_settled: 1, exp_index: 292, luma:26.152773, real_gain:2.654532, progress:25, gyro:0.295616, sadr:33.406017, greenRatio:0.034831, fps:30 gravity:1.389113
11-29 15:21:34.005   706  1168 I mm-camera-CORE: [AFDBG] af_pdaf_is_focus_converge_done defocus=0, focus_converge_done_thres=12, focus_converge_done=TRUE. sad panning=1, gyro panning=1, aec_settled=1, wait_caf_cnt:19, conf:1023, orig_defocus:1, orig_conf:1023 temporal_converge_done:1 next_move:0 focus_converge_cnt:16 is_roi_conf:1
11-29 15:21:34.005   706  1168 I mm-camera-CORE: af_default_mixer_process_search overall: mixer_state = 0 progress 25, cur pos 356, next pos 356target_pos 356, range_near 348, range_far 364, search_dir =0fine_step_size 6 confidence 100
11-29 15:21:34.037   706  1167 I mm-camera-CORE: [AFDBG] af_process_parse_stats MainCamera = 1, valid:1, fv: 69673088.000000, fv_norm: 34041.964844, lens_pos: 356, Stats ID =26 Stats type: 6 aec_settled: 1, exp_index: 292, luma:25.802328, real_gain:2.615588, progress:25, gyro:0.293445, sadr:35.046997, greenRatio:0.033854, fps:30 gravity:1.303121
11-29 15:21:34.038   706  1167 I mm-camera-CORE: [AFDBG] af_pdaf_is_focus_converge_done defocus=0, focus_converge_done_thres=12, focus_converge_done=TRUE. sad panning=1, gyro panning=1, aec_settled=1, wait_caf_cnt:20, conf:1023, orig_defocus:0, orig_conf:1023 temporal_converge_done:1 next_move:0 focus_converge_cnt:17 is_roi_conf:1
11-29 15:21:34.038   706  1167 I mm-camera-CORE: af_default_mixer_process_search overall: mixer_state = 0 progress 25, cur pos 356, next pos 356target_pos 356, range_near 348, range_far 364, search_dir =0fine_step_size 6 confidence 100
11-29 15:21:34.070   706  1167 I mm-camera-CORE: [AFDBG] af_process_parse_stats MainCamera = 1, valid:1, fv: 82287296.000000, fv_norm: 40917.417969, lens_pos: 356, Stats ID =27 Stats type: 6 aec_settled: 1, exp_index: 292, luma:25.489609, real_gain:2.577216, progress:25, gyro:0.217413, sadr:36.477184, greenRatio:0.024740, fps:30 gravity:1.215255
11-29 15:21:34.072   706  1167 I mm-camera-CORE: [AFDBG] af_pdaf_is_focus_converge_done defocus=0, focus_converge_done_thres=12, focus_converge_done=TRUE. sad panning=1, gyro panning=1, aec_settled=1, wait_caf_cnt:21, conf:1023, orig_defocus:0, orig_conf:1023 temporal_converge_done:1 next_move:0 focus_converge_cnt:18 is_roi_conf:1
11-29 15:21:34.072   706  1167 I mm-camera-CORE: af_default_mixer_process_search overall: mixer_state = 0 progress 25, cur pos 356, next pos 356target_pos 356, range_near 348, range_far 364, search_dir =0fine_step_size 6 confidence 100
11-29 15:21:34.108   706  1167 I mm-camera-CORE: [AFDBG] af_process_parse_stats MainCamera = 1, valid:1, fv: 76222832.000000, fv_norm: 38370.542969, lens_pos: 356, Stats ID =28 Stats type: 6 aec_settled: 1, exp_index: 291, luma:25.085066, real_gain:2.577216, progress:25, gyro:0.227471, sadr:37.306301, greenRatio:0.021159, fps:30 gravity:1.179477
11-29 15:21:34.108   706  1167 I mm-camera-CORE: [AFDBG] af_pdaf_is_focus_converge_done defocus=0, focus_converge_done_thres=12, focus_converge_done=TRUE. sad panning=1, gyro panning=1, aec_settled=1, wait_caf_cnt:22, conf:1023, orig_defocus:1, orig_conf:1023 temporal_converge_done:1 next_move:0 focus_converge_cnt:19 is_roi_conf:1
