11-29 15:21:32.403 28269 28298 D UE4     : LogAndroidEvents::EnqueueAppEvent : 11, [width=-1, height=-1], tid = 28298, APP_EVENT_STATE_WINDOW_GAINED_FOCUS
11-29 15:21:32.403 28269 28298 D UE4     : [2021.11.29-14.21.32:403][ 65]LogAndroid: event thread, activate app, unlocking HW window
11-29 15:21:32.403 28269 28298 D UE4     : LogAndroidEvents::EnqueueAppEvent : 14, [width=-1, height=-1], tid = 28298, APP_EVENT_STATE_APP_ACTIVATED
11-29 15:21:32.403 28269 28298 D UE4     : LogAndroidEvents::EnqueueAppEvent : 15, [width=-1, height=-1], tid = 28298, APP_EVENT_RUN_CALLBACK
11-29 15:21:32.403 28269 28298 D UE4     : Case APP_CMD_RESUME
11-29 15:21:32.403 28269 28298 D UE4     : [2021.11.29-14.21.32:403][ 65]LogAndroid: Case APP_CMD_RESUME
11-29 15:21:32.403 28269 28298 D UE4     : LogAndroidEvents::EnqueueAppEvent : 7, [width=-1, height=-1], tid = 28298, APP_EVENT_STATE_ON_RESUME
11-29 15:21:32.404 28269 28269 D UE4     : [GameActivity] onResume: start memory reporter runnable
11-29 15:21:32.404   883   907 V AudioService: playerEvent: 42943 event: 3 isMusicActive:true device:2
11-29 15:21:32.404   883   907 V AudioMonitor: MDM,stop. 
11-29 15:21:32.404 28269 28269 D UE4     : [GameActivity] === Restoring Transparent Bars ===
11-29 15:21:32.404 28269 28340 D UE4     : [2021.11.29-14.21.32:404][ 65]LogAndroid: RendererBlock acquired window lock
11-29 15:21:32.404 28269 28340 D UE4     : AndroidEGL::SetRenderContextWindowSurface  recreating context! tid: 28340
11-29 15:21:32.405 28269 28340 D UE4     : AndroidEGL::UnBind()
11-29 15:21:32.405 28269 28340 D UE4     : AndroidEGL::ResetDisplay()
11-29 15:21:32.405 28269 28269 D UE4     : [GameActivity] ==============> [JAVA] AndroidThunkJava_KeepScreenOn(false) - Enabled screen saver
11-29 15:21:32.405   883   907 D OSTracker: OS Event: audio_connect
11-29 15:21:32.406   883   907 V AudioMonitor: MDM, playing,device5 lapse 304
11-29 15:21:32.406   883   907 V AudioMonitor: MDM,device:2 lapse 304
11-29 15:21:32.406 28269 28340 D UE4     : AndroidEGL::DestroyRenderSurface()
11-29 15:21:32.406 28269 28297 I third_party/arcore/ar/core/android/sdk/session_create.cc: Entering ArSession_create
11-29 15:21:32.406 28269 28297 I third_party/arcore/ar/core/android/sdk/session_create.cc: ARCore Version: SDK build name: 1.22
11-29 15:21:32.407 28269 28269 D UE4     : [GameActivity] ==============> [JAVA] AndroidThunkJava_DisableScreenCapture(false) - Enabled screen captures
11-29 15:21:32.408 28269 28340 D UE4     : AndroidEGL::DestroySharedSurface()
11-29 15:21:32.408 28269 28340 D UE4     : AndroidEGL::InitRenderSurface 0, 1
11-29 15:21:32.408 28269 28340 D UE4     : AndroidEGL::InitRenderSurface, Using CachedWindowRect, width: 608, height 1280 
11-29 15:21:32.408 28269 28340 D UE4     : AndroidEGL::InitRenderSurface, Using width: 608, height 1280 
11-29 15:21:32.408 28269 28269 D UE4     : App is running in Portrait
11-29 15:21:32.408 28269 28340 D UE4     : AndroidEGL::InitRenderSurface, wnd: 0xe51f8008, width: 608, height 1280 
11-29 15:21:32.408 28269 28269 D UE4     : [GameActivity] === Restoring Transparent Bars ===
11-29 15:21:32.408 28269 28269 D UE4     : [GameActivity] ==============> Resuming main init
11-29 15:21:32.409 28269 28269 D UE4     : [2021.11.29-14.21.32:408][ 65]LogGoogleARCore: OnResume Called: 0
11-29 15:21:32.409 28269 28269 D UE4     : [GameActivity] ==============> GameActive.onResume complete!
11-29 15:21:32.409 28269 28340 D UE4     : AndroidEGL::CreateEGLRenderSurface() 0xc0fb2aa0
11-29 15:21:32.409 28269 28340 D UE4     : AndroidEGL::InitSharedSurface 0
11-29 15:21:32.409 28269 28340 D UE4     : [2021.11.29-14.21.32:409][ 65]LogAndroid: Mobile HDR: YES
11-29 15:21:32.409 28269 28340 D UE4     : [2021.11.29-14.21.32:409][ 65]LogAndroidWindowUtils: Setting Width=608 and Height=1280 (requested scale = 1.000000)
11-29 15:21:32.409 28269 28340 D UE4     : AndroidEGL::InitSharedSurface, Using CachedWindowRect, width: 608, height 1280 
11-29 15:21:32.409 28269 28340 D UE4     : AndroidEGL::InitSharedSurface, Using width: 608, height 1280 
11-29 15:21:32.409 28269 28340 D UE4     : AndroidEGL::InitSharedSurface, width: 608, height 1280 
11-29 15:21:32.409 28269 28340 D UE4     : AndroidEGL::CreateEGLSharedSurface(), auxSurface = eglCreatePbufferSurface(), 608x1280
11-29 15:21:32.412 28269 28340 D UE4     : AndroidEGL::SetRenderContextWindowSurface  DONE! tid: 28340
11-29 15:21:32.412 28269 28340 D UE4     : [2021.11.29-14.21.32:412][ 65]LogAndroid: RendererBlock updating window
11-29 15:21:32.412 28269 28363 D UE4     : [2021.11.29-14.21.32:412][ 65]LogAndroid: RendererBlock released window lock
11-29 15:21:32.415 28269 28269 I Choreographer: Skipped 111 frames!  The application may be doing too much work on its main thread.
11-29 15:21:32.419 28269 28297 I third_party/arcore/ar/core/android/sdk/session_create.cc: ARCore Version: APK version code: 212840223
11-29 15:21:32.421   883   883 D AbstractTracker: Event success
11-29 15:21:32.434 28269 28299 I OpenGLRenderer: Davey! duration=1878ms; Flags=1, IntendedVsync=624543255037875, Vsync=624545105037801, OldestInputEvent=9223372036854775807, NewestInputEvent=0, HandleInputStart=624545114811179, AnimationStart=624545114972533, PerformTraversalsStart=624545114983315, DrawStart=624545131184513, SyncQueued=624545132284877, SyncStart=624545132340346, IssueDrawCommandsStart=624545132482533, SwapBuffers=624545132975711, FrameCompleted=624545133425086, DequeueBufferDuration=195000, QueueBufferDuration=237000, 
11-29 15:21:32.434 28269 28269 D OnePlusJankManager:  Chor uploadMDM JANK_TYPE_ONCE mViewTitle = com.YourCompany.MyTestProject/com.epicgames.ue4.GameActivity--- jank level = 3
11-29 15:21:32.435   883   907 D ActivityManager: # addPackageDependency # packageName=com.google.ar.core -> proc: ProcessRecord{112e167 28269:com.YourCompany.MyTestProject/u0a182}
11-29 15:21:32.450 28269 28297 I third_party/arcore/ar/core/android/sdk/session_create.cc: Dynamite load ok.
11-29 15:21:32.450 28269 28297 I third_party/arcore/java/com/google/vr/dynamite/client/native/dynamite_client.cc: Attempting to load native library arcore_c from package com.google.ar.core
11-29 15:21:32.460 28269 28297 I OpenCV  : cpufeatures library is not available for CPU detection
11-29 15:21:32.460 28269 28297 I OpenCV  : - NEON instructions is enabled via build flags
11-29 15:21:32.460 28269 28297 I OpenCV  : - FP16 instructions is enabled via build flags
11-29 15:21:32.472   762   903 I APM_AudioPolicyManager: stopOutput() output 13, stream 3, session 12369
11-29 15:21:32.472   762   903 I APM_AudioPolicyManager: getNewOutputDevice() selected device 0
11-29 15:21:32.472 28269 28297 I third_party/arcore/java/com/google/vr/dynamite/client/native/dynamite_client.cc: Dynamite::LoadNativeRemoteLibrary handle=957222077
11-29 15:21:32.473 28269 28297 I third_party/arcore/ar/core/android/sdk/session_create.cc: ARCore SDK: dynamite number_of_symbols_loaded=226
11-29 15:21:32.473 28269 28297 I native  : I1129 15:21:32.473750   28297 session_create_implementation.cc:244] Entering createImplementationWithFeaturesAndSettings. ARCore SDK version: [1.22.202940000].
11-29 15:21:32.486 28269 28297 I native  : I1129 15:21:32.485982   28297 session_create_implementation.cc:208] AugmentedRegion downsample mode from Phenotype: true
11-29 15:21:32.490 28269 28389 V third_party/redwood/infrastructure/jni_common/jni_helper.cc: JniHelper: attached thread (Called from line 364).
11-29 15:21:32.505 11849 17034 W ARCore-ContentProvider: No usable local profile
11-29 15:21:32.506 11849 17034 I native  : I1129 15:21:32.506693   17034 device_profile_database_helpers.cc:535] Found nothing for hgarzk
11-29 15:21:32.506 11849 17034 I native  : I1129 15:21:32.506793   17034 device_profile_database_helpers.cc:535] Found nothing for OnePlus6T/OnePlus6T
11-29 15:21:32.506 11849 17034 I native  : I1129 15:21:32.506802   17034 device_profile_database_helpers.cc:522] Considering avb6Tz:9
11-29 15:21:32.506 11849 17034 I native  : I1129 15:21:32.506829   17034 device_profile_database_helpers.cc:481] Device profile for OnePlus/OnePlus6T/OnePlus6T:9/PKQ1.180716.001/1906251200:user/release-keys: avb6Tz:9
11-29 15:21:32.507 11849 17034 W native  : W1129 15:21:32.507487   17034 helpers.cc:4701] Defaulting to persistent calibration file.
11-29 15:21:32.507 11849 17034 W native  : W1129 15:21:32.507532   17034 helpers.cc:4678] Property calibration_cad is not defined.
11-29 15:21:32.510 28269 28297 I native  : I1129 15:21:32.510127   28297 session_create_implementation_shared.cc:2014] min_apk_version_code is: 202940000, phenotype flag of enable_dual_camera_support is: false, phenotype flag of unified_data_source_status is: 2, phenotype flag of unified_shared_cameras_status is: 2, is_dual_camera_supported based on device profile is: false
11-29 15:21:32.510 28269 28297 I native  : I1129 15:21:32.510203   28297 session_create_implementation_shared.cc:2027] Settings.camera_stack_option is not specified
11-29 15:21:32.510 28269 28297 I native  : I1129 15:21:32.510214   28297 session_create_implementation_shared.cc:2068] Datasource will be created with camera_stack_option = kNdk
11-29 15:21:32.510 28269 28297 I native  : I1129 15:21:32.510289   28297 session_create_implementation_shared.cc:2203] Persistent online recalibration is enabled by Phenotype.
11-29 15:21:32.512 28269 28297 I tflite  : Initialized TensorFlow Lite runtime.
11-29 15:21:32.513 28269 28297 I tflite  : Created TensorFlow Lite XNNPACK delegate for CPU.
11-29 15:21:32.513 28269 28297 I tflite  : Replacing 2 node(s) with delegate (TfLiteXNNPackDelegate) node, yielding 1 partitions.
11-29 15:21:32.513 28269 28297 I native  : I1129 15:21:32.513501   28297 online_calibration_manager.cc:91] OnlineCalibrationManager: Could not open /data/user/0/com.YourCompany.MyTestProject/cache/arcore-online-recalibration for reading.
11-29 15:21:32.520 28269 28297 W y.MyTestProjec: Accessing hidden field Ljava/nio/Buffer;->address:J (light greylist, reflection)
11-29 15:21:32.529 28269 28297 W ARCore-ContextUtils: The API key for use with the Google AR service could not be obtained!
11-29 15:21:32.548 28269 28297 I native  : I1129 15:21:32.548167   28297 session_create_implementation_shared.cc:966] Datasource will be created with timeout = 4s, should_wait = false, should_use_greedy_recovery = true
11-29 15:21:32.548 28269 28297 I native  : I1129 15:21:32.548263   28297 android_camera.cc:168] Camera start operation timeout set to 4000 ms.
11-29 15:21:32.548 28269 28297 I native  : I1129 15:21:32.548301   28297 android_camera.cc:1826] Initializing camera manager.
11-29 15:21:32.553 28269 28297 I native  : I1129 15:21:32.553043   28297 android_camera.cc:1852] Camera manager initialized successfully with 4 cameras.
11-29 15:21:32.553 28269 28297 I native  : I1129 15:21:32.553632   28297 imagereader_ndk_wrapper.cc:46] Loading Android NDK 26 symbols from libmediandk.so
11-29 15:21:32.554 28269 28297 I native  : I1129 15:21:32.554100   28297 imagereader_ndk_wrapper.cc:69] Successfully loaded Android NDK 26 libmediandk.so symbols.
11-29 15:21:32.554 28269 28297 I native  : I1129 15:21:32.554128   28297 cameras.cc:122] Number of hardware buffers is 16. sdk_version=28, is_hardware_buffer_supported=true
11-29 15:21:32.559 28269 28297 I native  : I1129 15:21:32.559171   28297 android_sensors.cc:134] Using uncalibrated accelerometer.
11-29 15:21:32.559 28269 28297 I native  : I1129 15:21:32.559334   28297 android_sensors.cc:173] Uncalibrated magnetometer available.
11-29 15:21:32.559 28269 28297 I native  : I1129 15:21:32.559384   28297 android_sensors.cc:177] Calibrated magnetometer available.
11-29 15:21:32.559 28269 28297 I native  : I1129 15:21:32.559447   28297 android_sensors.cc:190] Using SENSOR_TYPE_LIGHT
11-29 15:21:32.559 28269 28297 I native  : I1129 15:21:32.559497   28297 android_sensors.cc:193] Could not find SENSOR_TYPE_PRESSURE
11-29 15:21:32.559 28269 28297 I native  : I1129 15:21:32.559557   28297 android_sensors.cc:190] Using SENSOR_TYPE_PROXIMITY
11-29 15:21:32.559 28269 28297 I native  : I1129 15:21:32.559637   28297 android_sensors.cc:190] Using SENSOR_TYPE_GRAVITY
11-29 15:21:32.559   883  1080 E BatteryExternalStatsWorker: no controller energy info supplied for wifi
11-29 15:21:32.559 28269 28297 I native  : I1129 15:21:32.559691   28297 android_sensors.cc:190] Using SENSOR_TYPE_ROTATION_VECTOR
11-29 15:21:32.559   883  1080 E BatteryExternalStatsWorker: no controller energy info supplied for bluetooth
11-29 15:21:32.559 28269 28297 I native  : I1129 15:21:32.559742   28297 android_sensors.cc:190] Using SENSOR_TYPE_GAME_ROTATION_VECTOR
11-29 15:21:32.559 28269 28297 I native  : I1129 15:21:32.559789   28297 android_sensors.cc:190] Using SENSOR_TYPE_GEOMAGNETIC_ROTATION_VECTOR
11-29 15:21:32.559 28269 28297 I native  : I1129 15:21:32.559842   28297 android_sensors.cc:190] Using SENSOR_TYPE_STEP_DETECTOR
11-29 15:21:32.562 28269 28297 I native  : I1129 15:21:32.562396   28297 android_platform_checks.cc:196] IsZeroRotationLandscape = false
11-29 15:21:32.563 28269 28297 I native  : I1129 15:21:32.563251   28297 app_version_util.cc:50] Package name: com.google.ar.core App version: 1.28.212840223
11-29 15:21:32.563 28269 28297 I native  : I1129 15:21:32.563439   28297 logger.h:28] DataSourceMetrics: CamerasInit: 36.146us
11-29 15:21:32.563 28269 28297 I native  : I1129 15:21:32.563460   28297 session_create_implementation_shared.cc:1288] CPU Image enable frame delay to compensate delay: false
11-29 15:21:32.595   883  1041 D BatteryStatsService: @@@@ awaitUninterruptibly in 38 ms
11-29 15:21:32.595   883  1041 D BatteryStatsHelper: ===processSingleAppUsage===
11-29 15:21:32.595 28269 28297 I native  : I1129 15:21:32.595650   28297 config_helpers.cc:396] Legacy IMU sigma values are used
11-29 15:21:32.595 28269 28297 I native  : I1129 15:21:32.595742   28297 config_helpers.cc:349] Failed to find IMU intrinsic covariance matrix in profile for id: 100
11-29 15:21:32.595 28269 28297 I native  : I1129 15:21:32.595769   28297 config_helpers.cc:107] Does not find camera intrinsic covariance matrix in profile for id 0
11-29 15:21:32.595 28269 28297 I native  : I1129 15:21:32.595783   28297 config_helpers.cc:180] Does not find extrinsic covariance matrix in profile for IMU id 100
11-29 15:21:32.597 28269 28297 I native  : I1129 15:21:32.597249   28297 feature_matcher_and_filter.cc:91] Enabled the robustification to large-sized and fast-moving objects on this mono-camera device.
11-29 15:21:32.599 28269 28297 I tflite  : Replacing 3 node(s) with delegate (TfLiteXNNPackDelegate) node, yielding 1 partitions.
11-29 15:21:32.599 28269 28297 I native  : I1129 15:21:32.599247   28297 pose_confidence_estimator.cc:231] Pose confidence model loaded successfully
11-29 15:21:32.724 28269 28297 I native  : I1129 15:21:32.724849   28297 asset_manager_util.cc:59] Created global reference to asset manager.
11-29 15:21:32.724 28269 28297 I native  : I1129 15:21:32.724926   28297 session_create_implementation_shared.cc:1316] Normal detector created.
11-29 15:21:32.729 28269 28297 I native  : I1129 15:21:32.729336   28297 planar_target_tracking_manager.h:116] Config of PlanarTargetTrackingManager:
11-29 15:21:32.729 28269 28297 I native  : -pose_refinement_with_detection_interval_ns: 0
11-29 15:21:32.729 28269 28297 I native  : -min_interval_between_detections_ns: 500000000
11-29 15:21:32.729 28269 28297 I native  : -filter_parallax: false
11-29 15:21:32.729 28269 28297 I native  : -filter_result: true
11-29 15:21:32.729 28269 28297 I native  : -multiple_targets: true
11-29 15:21:32.729 28269 28297 I native  : -mini_detection: true
11-29 15:21:32.729 28269 28297 I native  : -tracking_mode: 1
11-29 15:21:32.729 28269 28297 I native  : -camera_id: 0
11-29 15:21:32.736 28269 28297 W native  : W1129 15:21:32.736766   28297 session.cc:3130] Unknown engine type 'Unreal Engine'
11-29 15:21:32.736 28269 28297 I native  : I1129 15:21:32.736847   28297 camera_config_manager.cc:719] UpdateBugFixes on CameraConfigManager is unimplemented!
11-29 15:21:32.738 28269 28297 D UE4     : [2021.11.29-14.21.32:738][ 65]LogGoogleARCore: Created external camera texture of size (1920 x 1080) with texture Id (182) and external texture Guid (D372F8B0DC254E1E996EA9031E33C127)
11-29 15:21:32.738 28269 28297 D UE4     : [2021.11.29-14.21.32:738][ 65]LogGoogleARCore: Created external camera texture of size (1920 x 1080) with texture Id (183) and external texture Guid (2428BF908FCF410D809A68BDCA7B129B)
11-29 15:21:32.738 28269 28297 D UE4     : [2021.11.29-14.21.32:738][ 65]LogGoogleARCore: Created external camera texture of size (1920 x 1080) with texture Id (184) and external texture Guid (F0F472C57A6E49BCBCDCF9978A3E306E)
11-29 15:21:32.738 28269 28297 D UE4     : [2021.11.29-14.21.32:738][ 65]LogGoogleARCore: Created external camera texture of size (1920 x 1080) with texture Id (185) and external texture Guid (4C29131F2B264BF19452A97933C7C501)
11-29 15:21:32.749 11849 11849 W ARCore.Analytics: Log Source: PJgQUl1CRhj8-rGlwtloKA==
11-29 15:21:32.755 28269 28297 I native  : I1129 15:21:32.755830   28297 session.cc:558] Session::CheckAndWriteCurrentConfig returning OK.
11-29 15:21:32.756 28269 28297 D UE4     : [2021.11.29-14.21.32:756][ 65]LogGoogleARCore: Got 9 supported camera config from ARCore:
11-29 15:21:32.756 28269 28297 D UE4     : [2021.11.29-14.21.32:756][ 65]LogGoogleARCore: 1: CameraImageResolution (640 x 480), CameraTextureResolution (1920 x 1080), CameraID (0), TargetFPS Mode (1, 30 Max FPS), DepthSensorUsage Mode (2)
11-29 15:21:32.756 28269 28297 D UE4     : [2021.11.29-14.21.32:756][ 65]LogGoogleARCore: 2: CameraImageResolution (1280 x 720), CameraTextureResolution (1920 x 1080), CameraID (0), TargetFPS Mode (1, 30 Max FPS), DepthSensorUsage Mode (2)
11-29 15:21:32.756 28269 28297 D UE4     : [2021.11.29-14.21.32:756][ 65]LogGoogleARCore: 3: CameraImageResolution (1920 x 1080), CameraTextureResolution (1920 x 1080), CameraID (0), TargetFPS Mode (1, 30 Max FPS), DepthSensorUsage Mode (2)
11-29 15:21:32.756 28269 28297 D UE4     : [2021.11.29-14.21.32:756][ 65]LogGoogleARCore: 4: CameraImageResolution (640 x 480), CameraTextureResolution (1280 x 720), CameraID (0), TargetFPS Mode (1, 30 Max FPS), DepthSensorUsage Mode (2)
11-29 15:21:32.756 28269 28297 D UE4     : [2021.11.29-14.21.32:756][ 65]LogGoogleARCore: 5: CameraImageResolution (1280 x 720), CameraTextureResolution (1280 x 720), CameraID (0), TargetFPS Mode (1, 30 Max FPS), DepthSensorUsage Mode (2)
11-29 15:21:32.756 28269 28297 D UE4     : [2021.11.29-14.21.32:756][ 65]LogGoogleARCore: 6: CameraImageResolution (1920 x 1080), CameraTextureResolution (1280 x 720), CameraID (0), TargetFPS Mode (1, 30 Max FPS), DepthSensorUsage Mode (2)
11-29 15:21:32.756 28269 28297 D UE4     : [2021.11.29-14.21.32:756][ 65]LogGoogleARCore: 7: CameraImageResolution (640 x 480), CameraTextureResolution (640 x 480), CameraID (0), TargetFPS Mode (1, 30 Max FPS), DepthSensorUsage Mode (2)
11-29 15:21:32.756 28269 28297 D UE4     : [2021.11.29-14.21.32:756][ 65]LogGoogleARCore: 8: CameraImageResolution (1280 x 720), CameraTextureResolution (640 x 480), CameraID (0), TargetFPS Mode (1, 30 Max FPS), DepthSensorUsage Mode (2)
11-29 15:21:32.756 28269 28297 D UE4     : [2021.11.29-14.21.32:756][ 65]LogGoogleARCore: 9: CameraImageResolution (1920 x 1080), CameraTextureResolution (640 x 480), CameraID (0), TargetFPS Mode (1, 30 Max FPS), DepthSensorUsage Mode (2)
11-29 15:21:32.756 28269 28297 I native  : I1129 15:21:32.756652   28297 session.cc:1201] Entering Session::Resume.
11-29 15:21:32.757 28269 28297 I native  : I1129 15:21:32.757332   28297 camera_config_manager.cc:719] UpdateBugFixes on CameraConfigManager is unimplemented!
11-29 15:21:32.757 28269 28297 I native  : I1129 15:21:32.757542   28297 pursuit_tracker.cc:1516] AugmentedRegion config changed, enabled:1, quad:true, downsample:true, global reacquisition:false, lite mode:false, adaptive frame delay:false, interpolation:true, feature match stats:false, sharpness score computation:false, enable_pursuit_higher_frequent_reacquisition_on_roi:false, enable_profiling:false
11-29 15:21:32.759 28269 28438 W native  : W1129 15:21:32.759467   28438 motion_analysis_calculator.cc:380] No input video header found. Downstream calculators expecting video headers are likely to fail.
11-29 15:21:32.782 28269 28297 I CameraManagerGlobal: Connecting to camera service
11-29 15:21:32.786 28269 28297 W CameraManagerGlobal: [soar.cts] ignore the status update of camera: 2
11-29 15:21:32.787 28269 28297 W CameraManagerGlobal: [soar.cts] ignore the status update of camera: 3
11-29 15:21:32.790 28269 28297 I native  : I1129 15:21:32.790725   28297 session.cc:3321] Update Frame Delay to 3 frames.
11-29 15:21:32.791 28269 28297 I native  : I1129 15:21:32.791042   28297 android_sensors.cc:212] Starting thread.
11-29 15:21:32.791 28269 28401 I native  : I1129 15:21:32.791082   28401 android_camera.cc:762] [Camera=0; State=CLOSED] Reset cleanly got to CLOSED state.
11-29 15:21:32.791 28269 28297 I native  : I1129 15:21:32.791183   28297 cameras.cc:1200] Included camera stream {camera_id = "0", stream_index = 0} as feature extraction streams.
11-29 15:21:32.791 28269 28297 I native  : I1129 15:21:32.791236   28297 logger.h:28] DataSourceMetrics: kStartImageSubSystem: 93.958us
11-29 15:21:32.791 28269 28297 I native  : I1129 15:21:32.791255   28297 session.cc:1389] Session::ResumeWithAnalytics returning OK.
11-29 15:21:32.791 28269 28297 D UE4     : [2021.11.29-14.21.32:791][ 65]LogGoogleARCore: ARCore session started successfully.
11-29 15:21:32.791 28269 28297 I native  : I1129 15:21:32.791721   28297 session.cc:3321] Update Frame Delay to 3 frames.
11-29 15:21:32.793   721   721 I sensors-hal: batch:132, android.sensor.gyroscope_uncalibrated/25, period=200000000, max_latency=0
11-29 15:21:32.793   721   721 I sensors-hal: batch:141, android.sensor.gyroscope_uncalibrated/25, period=200000000, max_latency=0 request completed
11-29 15:21:32.793   721   721 I sensors-hal: activate:99, android.sensor.gyroscope_uncalibrated/25 en=1
11-29 15:21:32.793 28269 28297 E libEGL  : eglMakeCurrent:1028 error 300d (EGL_BAD_SURFACE)
11-29 15:21:32.794 28269 28297 E native  : E1129 15:21:32.794001   28297 android_frame_manager_gl.cc:287] eglMakeCurrent failed. egl_error=12301
11-29 15:21:32.794 28269 28297 E native  : E1129 15:21:32.794195   28297 status.cc:162] FAILED_PRECONDITION: 
11-29 15:21:32.794 28269 28297 E native  : ARCoreError: third_party/arcore/ar/core/session.cc:2734
11-29 15:21:32.794 28269 28297 E native  :  at third_party/arcore/ar/core/session.cc:2734 [type.googleapis.com/util.ErrorSpacePayload='ArStatusErrorSpace::AR_ERROR_NOT_YET_AVAILABLE']
11-29 15:21:32.794 28269 28297 E native  : === Source Location Trace: ===
11-29 15:21:32.794 28269 28297 E native  : third_party/arcore/ar/core/session.cc:2734
11-29 15:21:32.794 28269 28297 E native  : 
11-29 15:21:32.794 28269 28297 E native  : E1129 15:21:32.794261   28297 status.cc:162] FAILED_PRECONDITION: 
11-29 15:21:32.794 28269 28297 E native  : ARCoreError: third_party/arcore/ar/core/session.cc:3159
11-29 15:21:32.794 28269 28297 E native  : 
11-29 15:21:32.794 28269 28297 E native  : ARCoreError: vr/perception/depth/projects/motion_stereo/manager/motion_stereo_manager.cc:2139
11-29 15:21:32.794 28269 28297 E native  : No depth data found for the requested timestamp. [type.googleapis.com/util.ErrorSpacePayload='ArStatusErrorSpace::AR_ERROR_NOT_YET_AVAILABLE']
11-29 15:21:32.794 28269 28297 E native  : === Source Location Trace: ===
11-29 15:21:32.794 28269 28297 E native  : vr/perception/depth/projects/motion_stereo/manager/motion_stereo_manager.cc:2139
11-29 15:21:32.794 28269 28297 E native  : third_party/arcore/ar/core/session.cc:3159
11-29 15:21:32.794 28269 28297 E native  : 
11-29 15:21:32.794   926 20126 I CameraService: CameraService::connect call (PID -1 "", camera ID 0) for HAL version default and Camera API version 2
11-29 15:21:32.795   926 20126 I CameraService: CameraService::connect Bypass active check:  (active: 1)
11-29 15:21:32.798 28269 28363 D UE4     : [2021.11.29-14.21.32:798][ 65]LogRHI: Error: GetAndOrCreateGraphicsPipelineState RenderTarget check failed with: 185 !
11-29 15:21:32.798   926 20126 I Camera2ClientBase: Camera 0: Opened. Client:  (PID 28269, UID 10182)
11-29 15:21:32.798   926 20126 I CameraDeviceClient: CameraDeviceClient 0: Opened
11-29 15:21:32.798   721   721 E Diag_Lib: diag diag_get_max_file_size size=500,max_file_size=524288000,min_file_size=419430400
11-29 15:21:32.799 28269 28297 D UE4     : [2021.11.29-14.21.32:799][ 66]LogAndroidEvents: Display: LogAndroidEvents::DequeueAppEvent : 13, [width=-1, height=-1], APP_EVENT_STATE_APP_SUSPENDED
11-29 15:21:32.800 28269 28297 D UE4     : FAppEventManager::Tick processing, 13
11-29 15:21:32.800 28269 28297 D UE4     : Execution will be paused...
11-29 15:21:32.800 28269 28297 D UE4     : [2021.11.29-14.21.32:800][ 66]LogAndroidEvents: Display: LogAndroidEvents::DequeueAppEvent : 10, [width=-1, height=-1], APP_EVENT_STATE_WINDOW_LOST_FOCUS
11-29 15:21:32.800 28269 28297 D UE4     : FAppEventManager::Tick processing, 10
11-29 15:21:32.800 28269 28297 D UE4     : [2021.11.29-14.21.32:800][ 66]LogAndroidEvents: Display: LogAndroidEvents::DequeueAppEvent : 11, [width=-1, height=-1], APP_EVENT_STATE_WINDOW_GAINED_FOCUS
11-29 15:21:32.800 28269 28297 D UE4     : FAppEventManager::Tick processing, 11
11-29 15:21:32.800 28269 28297 D UE4     : [2021.11.29-14.21.32:800][ 66]LogAndroidEvents: Display: LogAndroidEvents::DequeueAppEvent : 14, [width=-1, height=-1], APP_EVENT_STATE_APP_ACTIVATED
11-29 15:21:32.800 28269 28297 D UE4     : FAppEventManager::Tick processing, 14
11-29 15:21:32.800 28269 28297 D UE4     : Execution will be resumed!
11-29 15:21:32.800 28269 28297 D UE4     : [2021.11.29-14.21.32:800][ 66]LogAndroidEvents: Display: LogAndroidEvents::DequeueAppEvent : 15, [width=-1, height=-1], APP_EVENT_RUN_CALLBACK
11-29 15:21:32.800 28269 28297 D UE4     : FAppEventManager::Tick processing, 15
11-29 15:21:32.800 28269 28297 D UE4     : [2021.11.29-14.21.32:800][ 66]LogAndroidEvents: Display: Event thread callback running.
11-29 15:21:32.800 28269 28297 D UE4     : [2021.11.29-14.21.32:800][ 66]LogAndroid: performing app foregrounding callback.
11-29 15:21:32.800 28269 28297 D UE4     : [GameActivity] Registering volume receiver
11-29 15:21:32.803 28269 28297 D UE4     : [GameActivity] startVolumeReceiver: 0
11-29 15:21:32.803 28269 28297 D UE4     : nativeVolumeEvent(0)
11-29 15:21:32.803 28269 28297 D UE4     : [GameActivity] Registering battery receiver
11-29 15:21:32.803   926 20126 I CameraService: onTorchStatusChangedLocked: Torch status changed for cameraId=0, newStatus=0
11-29 15:21:32.804  2959  2959 I NfcService: Camera 0 is unavailable
11-29 15:21:32.805 28269 28297 D UE4     : [GameActivity] Registering headset receiver
11-29 15:21:32.806   926 20126 I CameraProviderManager: Camera device device@3.3/legacy/0 torch status is now NOT_AVAILABLE
11-29 15:21:32.806   926 20126 E CameraProviderManager: torchModeStatusChange:813 call onTorchStatusChanged
11-29 15:21:32.806   926 20126 I CameraService: onTorchStatusChangedLocked: Torch status changed for cameraId=0, newStatus=0
11-29 15:21:32.806   926 20126 I CameraProviderManager: Camera device device@3.3/legacy/1 torch status is now NOT_AVAILABLE
11-29 15:21:32.806   926 20126 E CameraProviderManager: torchModeStatusChange:813 call onTorchStatusChanged
11-29 15:21:32.806   926 20126 I CameraService: onTorchStatusChangedLocked: Torch status changed for cameraId=1, newStatus=0
11-29 15:21:32.806   926 20126 E CameraService: onTorchStatusChangedLocked: cannot get torch status of camera 1: No such file or directory (-2)
11-29 15:21:32.806   926 20126 I CameraProviderManager: Camera device device@1.0/legacy/2 torch status is now NOT_AVAILABLE
11-29 15:21:32.806   926 20126 E CameraProviderManager: torchModeStatusChange:813 call onTorchStatusChanged
11-29 15:21:32.806   926 20126 I CameraService: onTorchStatusChangedLocked: Torch status changed for cameraId=2, newStatus=0
11-29 15:21:32.806   926 20126 E CameraService: onTorchStatusChangedLocked: cannot get torch status of camera 2: No such file or directory (-2)
11-29 15:21:32.806   926 20126 I CameraProviderManager: Camera device device@3.3/legacy/2 torch status is now NOT_AVAILABLE
11-29 15:21:32.806   926 20126 E CameraProviderManager: torchModeStatusChange:813 call onTorchStatusChanged
11-29 15:21:32.806   926 20126 I CameraService: onTorchStatusChangedLocked: Torch status changed for cameraId=2, newStatus=0
11-29 15:21:32.806   926 20126 E CameraService: onTorchStatusChangedLocked: cannot get torch status of camera 2: No such file or directory (-2)
11-29 15:21:32.806   926 20126 I CameraProviderManager: Camera device device@1.0/legacy/3 torch status is now NOT_AVAILABLE
11-29 15:21:32.806   926 20126 E CameraProviderManager: torchModeStatusChange:813 call onTorchStatusChanged
11-29 15:21:32.806   926 20126 I CameraService: onTorchStatusChangedLocked: Torch status changed for cameraId=3, newStatus=0
11-29 15:21:32.806   926 20126 E CameraService: onTorchStatusChangedLocked: cannot get torch status of camera 3: No such file or directory (-2)
11-29 15:21:32.806   926 20126 I CameraProviderManager: Camera device device@3.3/legacy/3 torch status is now NOT_AVAILABLE
11-29 15:21:32.806   926 20126 E CameraProviderManager: torchModeStatusChange:813 call onTorchStatusChanged
11-29 15:21:32.806   926 20126 I CameraService: onTorchStatusChangedLocked: Torch status changed for cameraId=3, newStatus=0
11-29 15:21:32.806   926 20126 E CameraService: onTorchStatusChangedLocked: cannot get torch status of camera 3: No such file or directory (-2)
11-29 15:21:32.806   706  1364 D CHIUSECASE: [chi_extend_open][142] "[OP_EXT] OPEN_CAMERA E cameraId 0"
11-29 15:21:32.806   706  1364 I OPCameraBinder: OPHWBinder
11-29 15:21:32.807 28269 28297 D UE4     : [GameActivity] startHeadsetReceiver: 0
11-29 15:21:32.807 28269 28297 D UE4     : nativeHeadsetEvent(0)
11-29 15:21:32.808 28269 28297 D UE4     : [2021.11.29-14.21.32:807][ 66]LogCore: Display: AppLifetime: Application has entered foreground
11-29 15:21:32.808 28269 28297 D UE4     : [2021.11.29-14.21.32:808][ 66]LogTcpMessaging: Initializing TcpMessaging bridge, listening on 127.0.0.1:6666
11-29 15:21:32.808 28269 28269 D UE4     : [GameActivity] headsetReceiver::onReceive
11-29 15:21:32.808   706  1364 D CHIUSECASE: [initPackageName][2488] "[OP_EXT] com.YourCompany.MyTestProject"
11-29 15:21:32.808   706  1364 I OPCameraBinder: ~OPHWBinder
11-29 15:21:32.808   706  1364 D CHIUSECASE: [chi_extend_open][146] "[OP_EXT] OPEN_CAMERA X"
11-29 15:21:32.808   706  1364 I OPCameraBinder: OPHWBinder
11-29 15:21:32.808 28269 28269 D UE4     : nativeHeadsetEvent(0)
11-29 15:21:32.810 28269 28297 D UE4     : [2021.11.29-14.21.32:810][ 66]LogUdpMessaging: Initializing bridge on interface 0.0.0.0:0 to multicast group 230.0.0.1:6666.
11-29 15:21:32.810   706  1364 I         : LoadOPPackageName: [OP_EXT] com.YourCompany.MyTestProject
11-29 15:21:32.810   706  1364 I OPCameraBinder: ~OPHWBinder
11-29 15:21:32.811   706  1364 I OPCameraBinder: OPHWBinder
11-29 15:21:32.811   721   721 I sensors-hal: activate:110, android.sensor.gyroscope_uncalibrated/25 en=1 completed
11-29 15:21:32.805   706   706 W HwBinder:706_3: type=1400 audit(0.0:5638268): avc: denied { read } for name="u:object_r:default_prop:s0" dev="tmpfs" ino=14761 scontext=u:r:hal_camera_default:s0 tcontext=u:object_r:default_prop:s0 tclass=file permissive=0
11-29 15:21:32.805   706   706 W HwBinder:706_3: type=1400 audit(0.0:5638269): avc: denied { read } for name="u:object_r:default_prop:s0" dev="tmpfs" ino=14761 scontext=u:r:hal_camera_default:s0 tcontext=u:object_r:default_prop:s0 tclass=file permissive=0
11-29 15:21:32.812 28269 28297 D UE4     : [2021.11.29-14.21.32:812][ 66]LogCore: Display: AppLifetime: Application has reactivated
11-29 15:21:32.812 28269 28297 D UE4     : [2021.11.29-14.21.32:812][ 66]LogTemp: Android resume audio
11-29 15:21:32.812 28269 28297 D UE4     : [2021.11.29-14.21.32:812][ 66]LogAudioMixerAndroid: Display: Resuming android audio renderer
11-29 15:21:32.812   706  1364 I         : LoadOPPackageName: [OP_EXT] com.YourCompany.MyTestProject
11-29 15:21:32.812   706  1364 I OPCameraBinder: ~OPHWBinder
11-29 15:21:32.812 28269 28443 I native  : I1129 15:21:32.812753   28443 android_sensors.cc:51] Gyro min delay 2.404ms requesting 5ms
11-29 15:21:32.813   721   721 I sensors-hal: batch:132, android.sensor.gyroscope_uncalibrated/25, period=5000000, max_latency=0
11-29 15:21:32.813   706  1364 E libc    : Access denied finding property "ro.camera.req.fmq.size"
11-29 15:21:32.813   883  7082 V AudioService: playerEvent: 42943 event: 2 isMusicActive:false device:2
11-29 15:21:32.814   706  1364 E libc    : Access denied finding property "ro.camera.res.fmq.size"
11-29 15:21:32.814   883  7082 V AudioMonitor: MDM,start. 
11-29 15:21:32.815   703   703 W AshmemAllocator: ashmem_create_region(7680) returning hidl_memory(0x76d222c100, 7680)
11-29 15:21:32.815   721   721 I sensors-hal: batch:141, android.sensor.gyroscope_uncalibrated/25, period=5000000, max_latency=0 request completed
11-29 15:21:32.816   721   721 I sensors-hal: batch:132, android.sensor.accelerometer_uncalibrated/45, period=200000000, max_latency=0
11-29 15:21:32.816   721   721 I sensors-hal: batch:141, android.sensor.accelerometer_uncalibrated/45, period=200000000, max_latency=0 request completed
11-29 15:21:32.816   721   721 I sensors-hal: activate:99, android.sensor.accelerometer_uncalibrated/45 en=1
11-29 15:21:32.818   703   703 W AshmemAllocator: ashmem_create_region(7680) returning hidl_memory(0x76d222c100, 7680)
11-29 15:21:32.820   762   903 D APM_AudioPolicyManager: startOutput() output 13, stream 3, session 12369
11-29 15:21:32.821   762   903 I APM_AudioPolicyManager: isStrategyActive: strategy:0,stream:3
11-29 15:21:32.821   762   903 I APM_AudioPolicyManager: getNewOutputDevice() selected device 2
11-29 15:21:32.821   762   903 D APM_AudioPolicyManager: startOutput()-- newDevice:0
11-29 15:21:32.828 11849 28436 W PeopleDeviceAccounts: Processing 4 accounts
11-29 15:21:32.829 28269 28401 I native  : I1129 15:21:32.829162   28401 logger.h:28] CameraMetrics: OpenCamera: 37.565625ms
11-29 15:21:32.829 28269 28297 D UE4     : [2021.11.29-14.21.32:829][ 66]LogAndroidEvents: Display: LogAndroidEvents::DequeueAppEvent : 7, [width=-1, height=-1], APP_EVENT_STATE_ON_RESUME
11-29 15:21:32.829 28269 28297 D UE4     : FAppEventManager::Tick processing, 7
11-29 15:21:32.829 28269 28401 I native  : I1129 15:21:32.829724   28401 camera_ndk_wrapper.cc:27] Loading Android NDK 28 symbols from libcamera2ndk.so
11-29 15:21:32.830 28269 28401 I native  : I1129 15:21:32.830500   28401 camera_ndk_wrapper.cc:47] Successfully loaded Android NDK 28 libcamera2ndk.so symbols.
11-29 15:21:32.831 28269 28297 E native  : E1129 15:21:32.831266   28297 status.cc:162] FAILED_PRECONDITION: 
11-29 15:21:32.831 28269 28297 E native  : ARCoreError: third_party/arcore/ar/core/session.cc:2734
11-29 15:21:32.831 28269 28297 E native  :  at third_party/arcore/ar/core/session.cc:2734 [type.googleapis.com/util.ErrorSpacePayload='ArStatusErrorSpace::AR_ERROR_NOT_YET_AVAILABLE']
11-29 15:21:32.831 28269 28297 E native  : === Source Location Trace: ===
11-29 15:21:32.831 28269 28297 E native  : third_party/arcore/ar/core/session.cc:2734
11-29 15:21:32.831 28269 28297 E native  : 
11-29 15:21:32.831 28269 28297 E native  : E1129 15:21:32.831395   28297 status.cc:162] FAILED_PRECONDITION: 
11-29 15:21:32.831 28269 28297 E native  : ARCoreError: third_party/arcore/ar/core/session.cc:3159
11-29 15:21:32.831 28269 28297 E native  : 
11-29 15:21:32.831 28269 28297 E native  : ARCoreError: vr/perception/depth/projects/motion_stereo/manager/motion_stereo_manager.cc:2139
11-29 15:21:32.831 28269 28297 E native  : No depth data found for the requested timestamp. [type.googleapis.com/util.ErrorSpacePayload='ArStatusErrorSpace::AR_ERROR_NOT_YET_AVAILABLE']
11-29 15:21:32.831 28269 28297 E native  : === Source Location Trace: ===
11-29 15:21:32.831 28269 28297 E native  : vr/perception/depth/projects/motion_stereo/manager/motion_stereo_manager.cc:2139
11-29 15:21:32.831 28269 28297 E native  : third_party/arcore/ar/core/session.cc:3159
11-29 15:21:32.831 28269 28297 E native  : 
11-29 15:21:32.835   721   721 I sensors-hal: activate:110, android.sensor.accelerometer_uncalibrated/45 en=1 completed
11-29 15:21:32.835   926 21084 W CameraDeviceClient: createSurfaceFromGbp: Camera 0 with consumer usage flag: 256: Forcing asynchronous mode for stream
11-29 15:21:32.836 28269 28443 I native  : I1129 15:21:32.836284   28443 android_sensors.cc:51] Accel min delay 2.404ms requesting 5ms
11-29 15:21:32.836   721   721 I sensors-hal: batch:132, android.sensor.accelerometer_uncalibrated/45, period=5000000, max_latency=0
11-29 15:21:32.839   721   721 I sensors-hal: batch:141, android.sensor.accelerometer_uncalibrated/45, period=5000000, max_latency=0 request completed
11-29 15:21:32.840   706  1364 D CHIUSECASE: [chi_initialize_override_session][217] "[OP_EXT] CREATE_SESSION E"
11-29 15:21:32.847 28269 28297 E native  : E1129 15:21:32.847562   28297 status.cc:162] FAILED_PRECONDITION: 
11-29 15:21:32.847 28269 28297 E native  : ARCoreError: third_party/arcore/ar/core/session.cc:2734
11-29 15:21:32.847 28269 28297 E native  :  at third_party/arcore/ar/core/session.cc:2734 [type.googleapis.com/util.ErrorSpacePayload='ArStatusErrorSpace::AR_ERROR_NOT_YET_AVAILABLE']
11-29 15:21:32.847 28269 28297 E native  : === Source Location Trace: ===
11-29 15:21:32.847 28269 28297 E native  : third_party/arcore/ar/core/session.cc:2734
11-29 15:21:32.847 28269 28297 E native  : 
11-29 15:21:32.847 28269 28297 E native  : E1129 15:21:32.847687   28297 status.cc:162] FAILED_PRECONDITION: 
11-29 15:21:32.847 28269 28297 E native  : ARCoreError: third_party/arcore/ar/core/session.cc:3159
11-29 15:21:32.847 28269 28297 E native  : 
11-29 15:21:32.847 28269 28297 E native  : ARCoreError: vr/perception/depth/projects/motion_stereo/manager/motion_stereo_manager.cc:2139
11-29 15:21:32.847 28269 28297 E native  : No depth data found for the requested timestamp. [type.googleapis.com/util.ErrorSpacePayload='ArStatusErrorSpace::AR_ERROR_NOT_YET_AVAILABLE']
11-29 15:21:32.847 28269 28297 E native  : === Source Location Trace: ===
11-29 15:21:32.847 28269 28297 E native  : vr/perception/depth/projects/motion_stereo/manager/motion_stereo_manager.cc:2139
11-29 15:21:32.847 28269 28297 E native  : third_party/arcore/ar/core/session.cc:3159
11-29 15:21:32.847 28269 28297 E native  : 
11-29 15:21:32.864 28269 28297 E native  : E1129 15:21:32.864443   28297 status.cc:162] FAILED_PRECONDITION: 
11-29 15:21:32.864 28269 28297 E native  : ARCoreError: third_party/arcore/ar/core/session.cc:2734
11-29 15:21:32.864 28269 28297 E native  :  at third_party/arcore/ar/core/session.cc:2734 [type.googleapis.com/util.ErrorSpacePayload='ArStatusErrorSpace::AR_ERROR_NOT_YET_AVAILABLE']
11-29 15:21:32.864 28269 28297 E native  : === Source Location Trace: ===
11-29 15:21:32.864 28269 28297 E native  : third_party/arcore/ar/core/session.cc:2734
11-29 15:21:32.864 28269 28297 E native  : 
11-29 15:21:32.864 28269 28297 E native  : E1129 15:21:32.864578   28297 status.cc:162] FAILED_PRECONDITION: 
11-29 15:21:32.864 28269 28297 E native  : ARCoreError: third_party/arcore/ar/core/session.cc:3159
11-29 15:21:32.864 28269 28297 E native  : 
11-29 15:21:32.864 28269 28297 E native  : ARCoreError: vr/perception/depth/projects/motion_stereo/manager/motion_stereo_manager.cc:2139
11-29 15:21:32.864 28269 28297 E native  : No depth data found for the requested timestamp. [type.googleapis.com/util.ErrorSpacePayload='ArStatusErrorSpace::AR_ERROR_NOT_YET_AVAILABLE']
11-29 15:21:32.864 28269 28297 E native  : === Source Location Trace: ===
11-29 15:21:32.864 28269 28297 E native  : vr/perception/depth/projects/motion_stereo/manager/motion_stereo_manager.cc:2139
11-29 15:21:32.864 28269 28297 E native  : third_party/arcore/ar/core/session.cc:3159
11-29 15:21:32.864 28269 28297 E native  : 
11-29 15:21:32.870   706  1364 D CHIUSECASE: [InitializeOverrideSession][1479] "[OP_EXT] CAM Perflock: Release Perflock 1 and acquire OPEN_CAMERA"
11-29 15:21:32.871   706  1364 D CHIUSECASE: [InitializeOverrideSession][1640] "[OP_EXT] CAM Perflock: Select powerHintType=5"
11-29 15:21:32.871   706  1364 I OP_META : OPMetaManager, addr 0xd4aea800, usecaseId 1
11-29 15:21:32.871   706  1364 D CHIUSECASE: [Initialize][2398] "[OP_EXT] stream = 0xe39ca8d4 streamType = 0 streamFormat = 35 streamWidth = 640 streamHeight = 480"
11-29 15:21:32.871   706  1364 D CHIUSECASE: [Initialize][2398] "[OP_EXT] stream = 0xe39c93d4 streamType = 0 streamFormat = 34 streamWidth = 1920 streamHeight = 1080"
11-29 15:21:32.871   706  1364 D CHIUSECASE: [Initialize][2419] "[OP_EXT] Usecase UsecaseVideo selected"
11-29 15:21:32.871   706  1364 D CHIUSECASE: [Initialize][2437] "[OP_EXT][0/1], pipeline name:PreviewVideo, pipeline type:0, session id:0, camera id:0"
11-29 15:21:32.872   706  1364 D CHIUSECASE: [CreatePipeline][659] "[OP_EXT] CreatePipeline E PreviewVideo"
11-29 15:21:32.873   706  1364 I OPFDManager: Create
11-29 15:21:32.873   706  1364 I OPFDManager: FDManagerNode: E
11-29 15:21:32.873   706  1364 I OPFDManager: FDManagerNode: FDHWDimension: 640 x 480
11-29 15:21:32.873   706  1364 I OPFDManager: VendorFDLoad: FD lib ptr existed
11-29 15:21:32.873   706  1364 I OPFDManager: FDManagerNode: X
11-29 15:21:32.873   706  1364 I OPFDManager: FD manager node : max input ports 1, max output ports 4
11-29 15:21:32.873   706  1364 I OPFDManager: Dimensions :Base[640x480], Preview [1920x1080], Original [640x360], Request [640x360]
11-29 15:21:32.873   706  1364 I OPFDManager: FD frames processed 0 skipped 0 total frames 0
11-29 15:21:32.873   706  1364 I OPFDManager: VendorFDDeinit: FD deinit spends 0 ms (pending engine: 0)
11-29 15:21:32.873   706  1364 D CHIUSECASE: [FindBestSensorMode][591] "[OP_EXT] SelectedMode W=4656, H=3496, FPS:30, NumBatchedFrames:1, modeIndex:4"
11-29 15:21:32.873   706  1364 D CHIUSECASE: [CreatePipeline][740] "[OP_EXT] CreatePipeline X"
11-29 15:21:32.873   706  1364 E CHIUSECASE: [PipelineCreated][2633] "MULTIFRAME AdvancedCameraUsecase pipelineId: 0"
11-29 15:21:32.874   706  1364 I OPFDManager: Create
11-29 15:21:32.874   706  1364 I OPFDManager: FDManagerNode: E
11-29 15:21:32.874   706  1364 I OPFDManager: FDManagerNode: FDHWDimension: 640 x 480
11-29 15:21:32.874   706  1364 I OPFDManager: VendorFDLoad: FD lib ptr existed
11-29 15:21:32.874   706  1364 I OPFDManager: FDManagerNode: X
11-29 15:21:32.874   706  1364 I OPFDManager: FD manager node : max input ports 1, max output ports 4
11-29 15:21:32.874   706  1364 I OPFDManager: Dimensions :Base[640x480], Preview [1920x1080], Original [640x360], Request [640x360]
11-29 15:21:32.881 28269 28297 E native  : E1129 15:21:32.881248   28297 status.cc:162] FAILED_PRECONDITION: 
11-29 15:21:32.881 28269 28297 E native  : ARCoreError: third_party/arcore/ar/core/session.cc:2734
11-29 15:21:32.881 28269 28297 E native  :  at third_party/arcore/ar/core/session.cc:2734 [type.googleapis.com/util.ErrorSpacePayload='ArStatusErrorSpace::AR_ERROR_NOT_YET_AVAILABLE']
11-29 15:21:32.881 28269 28297 E native  : === Source Location Trace: ===
11-29 15:21:32.881 28269 28297 E native  : third_party/arcore/ar/core/session.cc:2734
11-29 15:21:32.881 28269 28297 E native  : 
11-29 15:21:32.881 28269 28297 E native  : E1129 15:21:32.881363   28297 status.cc:162] FAILED_PRECONDITION: 
11-29 15:21:32.881 28269 28297 E native  : ARCoreError: third_party/arcore/ar/core/session.cc:3159
11-29 15:21:32.881 28269 28297 E native  : 
11-29 15:21:32.881 28269 28297 E native  : ARCoreError: vr/perception/depth/projects/motion_stereo/manager/motion_stereo_manager.cc:2139
11-29 15:21:32.881 28269 28297 E native  : No depth data found for the requested timestamp. [type.googleapis.com/util.ErrorSpacePayload='ArStatusErrorSpace::AR_ERROR_NOT_YET_AVAILABLE']
11-29 15:21:32.881 28269 28297 E native  : === Source Location Trace: ===
11-29 15:21:32.881 28269 28297 E native  : vr/perception/depth/projects/motion_stereo/manager/motion_stereo_manager.cc:2139
11-29 15:21:32.881 28269 28297 E native  : third_party/arcore/ar/core/session.cc:3159
11-29 15:21:32.881 28269 28297 E native  : 
11-29 15:21:32.899 28269 28297 E native  : E1129 15:21:32.898975   28297 status.cc:162] FAILED_PRECONDITION: 
11-29 15:21:32.899 28269 28297 E native  : ARCoreError: third_party/arcore/ar/core/session.cc:2734
11-29 15:21:32.899 28269 28297 E native  :  at third_party/arcore/ar/core/session.cc:2734 [type.googleapis.com/util.ErrorSpacePayload='ArStatusErrorSpace::AR_ERROR_NOT_YET_AVAILABLE']
11-29 15:21:32.899 28269 28297 E native  : === Source Location Trace: ===
11-29 15:21:32.899 28269 28297 E native  : third_party/arcore/ar/core/session.cc:2734
11-29 15:21:32.899 28269 28297 E native  : 
11-29 15:21:32.899 28269 28297 E native  : E1129 15:21:32.899119   28297 status.cc:162] FAILED_PRECONDITION: 
11-29 15:21:32.899 28269 28297 E native  : ARCoreError: third_party/arcore/ar/core/session.cc:3159
11-29 15:21:32.899 28269 28297 E native  : 
11-29 15:21:32.899 28269 28297 E native  : ARCoreError: vr/perception/depth/projects/motion_stereo/manager/motion_stereo_manager.cc:2139
11-29 15:21:32.899 28269 28297 E native  : No depth data found for the requested timestamp. [type.googleapis.com/util.ErrorSpacePayload='ArStatusErrorSpace::AR_ERROR_NOT_YET_AVAILABLE']
11-29 15:21:32.899 28269 28297 E native  : === Source Location Trace: ===
11-29 15:21:32.899 28269 28297 E native  : vr/perception/depth/projects/motion_stereo/manager/motion_stereo_manager.cc:2139
11-29 15:21:32.899 28269 28297 E native  : third_party/arcore/ar/core/session.cc:3159
11-29 15:21:32.899 28269 28297 E native  : 
11-29 15:21:32.903   706  1168 I         : CalibrateActuatorDriverData [AFDBG] AF OTP Infinity:288 Macro:908 -> inf:226 macro:1094
11-29 15:21:32.911   706  1364 E CamX    : [ERROR][PPROC  ] camxipenode.cpp:2471 FinalizeBufferProperties() __debug: IPEInputPortFull: 1920 x 1440
11-29 15:21:32.915 28269 28297 E native  : E1129 15:21:32.915838   28297 status.cc:162] FAILED_PRECONDITION: 
11-29 15:21:32.915 28269 28297 E native  : ARCoreError: third_party/arcore/ar/core/session.cc:2734
11-29 15:21:32.915 28269 28297 E native  :  at third_party/arcore/ar/core/session.cc:2734 [type.googleapis.com/util.ErrorSpacePayload='ArStatusErrorSpace::AR_ERROR_NOT_YET_AVAILABLE']
11-29 15:21:32.915 28269 28297 E native  : === Source Location Trace: ===
11-29 15:21:32.915 28269 28297 E native  : third_party/arcore/ar/core/session.cc:2734
11-29 15:21:32.915 28269 28297 E native  : 
11-29 15:21:32.915 28269 28297 E native  : E1129 15:21:32.915986   28297 status.cc:162] FAILED_PRECONDITION: 
11-29 15:21:32.915 28269 28297 E native  : ARCoreError: third_party/arcore/ar/core/session.cc:3159
11-29 15:21:32.915 28269 28297 E native  : 
11-29 15:21:32.915 28269 28297 E native  : ARCoreError: vr/perception/depth/projects/motion_stereo/manager/motion_stereo_manager.cc:2139
11-29 15:21:32.915 28269 28297 E native  : No depth data found for the requested timestamp. [type.googleapis.com/util.ErrorSpacePayload='ArStatusErrorSpace::AR_ERROR_NOT_YET_AVAILABLE']
11-29 15:21:32.915 28269 28297 E native  : === Source Location Trace: ===
11-29 15:21:32.915 28269 28297 E native  : vr/perception/depth/projects/motion_stereo/manager/motion_stereo_manager.cc:2139
11-29 15:21:32.915 28269 28297 E native  : third_party/arcore/ar/core/session.cc:3159
11-29 15:21:32.915 28269 28297 E native  : 
11-29 15:21:32.932 28269 28297 E native  : E1129 15:21:32.932795   28297 status.cc:162] FAILED_PRECONDITION: 
11-29 15:21:32.932 28269 28297 E native  : ARCoreError: third_party/arcore/ar/core/session.cc:2734
11-29 15:21:32.932 28269 28297 E native  :  at third_party/arcore/ar/core/session.cc:2734 [type.googleapis.com/util.ErrorSpacePayload='ArStatusErrorSpace::AR_ERROR_NOT_YET_AVAILABLE']
11-29 15:21:32.932 28269 28297 E native  : === Source Location Trace: ===
11-29 15:21:32.932 28269 28297 E native  : third_party/arcore/ar/core/session.cc:2734
11-29 15:21:32.932 28269 28297 E native  : 
11-29 15:21:32.932 28269 28297 E native  : E1129 15:21:32.932906   28297 status.cc:162] FAILED_PRECONDITION: 
11-29 15:21:32.932 28269 28297 E native  : ARCoreError: third_party/arcore/ar/core/session.cc:3159
11-29 15:21:32.932 28269 28297 E native  : 
11-29 15:21:32.932 28269 28297 E native  : ARCoreError: vr/perception/depth/projects/motion_stereo/manager/motion_stereo_manager.cc:2139
11-29 15:21:32.932 28269 28297 E native  : No depth data found for the requested timestamp. [type.googleapis.com/util.ErrorSpacePayload='ArStatusErrorSpace::AR_ERROR_NOT_YET_AVAILABLE']
11-29 15:21:32.932 28269 28297 E native  : === Source Location Trace: ===
11-29 15:21:32.932 28269 28297 E native  : vr/perception/depth/projects/motion_stereo/manager/motion_stereo_manager.cc:2139
11-29 15:21:32.932 28269 28297 E native  : third_party/arcore/ar/core/session.cc:3159
11-29 15:21:32.932 28269 28297 E native  : 
11-29 15:21:32.949 28269 28297 E native  : E1129 15:21:32.949187   28297 status.cc:162] FAILED_PRECONDITION: 
11-29 15:21:32.949 28269 28297 E native  : ARCoreError: third_party/arcore/ar/core/session.cc:2734
11-29 15:21:32.949 28269 28297 E native  :  at third_party/arcore/ar/core/session.cc:2734 [type.googleapis.com/util.ErrorSpacePayload='ArStatusErrorSpace::AR_ERROR_NOT_YET_AVAILABLE']
11-29 15:21:32.949 28269 28297 E native  : === Source Location Trace: ===
11-29 15:21:32.949 28269 28297 E native  : third_party/arcore/ar/core/session.cc:2734
11-29 15:21:32.949 28269 28297 E native  : 
