11-11 13:58:24.871  2472  3307 D OpFingerprintDialogView: shouldForceShowFod: reason= screen turned off, isWindowAttached= false, isFpEnrolled= true, isKeyguardShowing= false, isKeyguardDone= true, isDeviceInteractive= true, isDreaming= false, isLockout= false
11-11 13:58:24.872  2472  2472 I KeyguardUpdateMonitor: getUserUnlockedWithBiometric, fingerprintAllowed:false, faceAllowed:false, canSkipBouncerByFacelock():false, isFacelockUnlocking():false
11-11 13:58:24.872  1752  2166 E SensorManager: registerListenerImpl sensorName:pocket  Wakeup,isWakeUpSensor:true,callingApp: android.uid.system:1000,callingPid:1752,callingUid:1000
11-11 13:58:24.872   990  1051 I vendor.qti.hardware.servicetracker@1.2-service: Activity state is changed to : 4
11-11 13:58:24.872   990  1051 I vendor.qti.hardware.servicetracker@1.2-service: Activity state is changed to : 4
11-11 13:58:24.872  2472  2472 I LockIcon:  updateDarkTint state:false
11-11 13:58:24.872  1752  2166 I SensorService: SensorEventConnection construct, mPackageName : com.android.server.policy.DeviceKeyHandler
11-11 13:58:24.874   958   958 I sensors-hal: batch:251, oneplus.sensor.pocket/1252, period=1000000, max_latency=0
11-11 13:58:24.874   958   958 I sensors-hal: set_config:72, sample_period_ns is adjusted to 0 based on min/max delay_ns
11-11 13:58:24.874   958   958 I sensors-hal: batch:260, oneplus.sensor.pocket/1252, period=1000000, max_latency=0 request completed
11-11 13:58:24.874  1752  2166 D SensorService: recordConnection in enable
11-11 13:58:24.874   958   958 I sensors-hal: activate:212, oneplus.sensor.pocket/1252 en=1
11-11 13:58:24.876  2472  2472 D KeyguardUpdateMonitor: shouldListen: true, vis:false, inter:true, bouncer:false, going:false, sleep:true, occlude:false, dream:false, switch:false, disabled:false, primary:true
11-11 13:58:24.878  2472  2472 D OpKeyguardUpdateMonitor: opShouldListenForFingerprint false: going to sleep
11-11 13:58:24.878  2472  2472 D KeyguardUpdateMonitor: updateFP: false, false, 0
11-11 13:58:24.878  2472  2472 I ClockCtrl: stopUpdate: ScreenOFF
11-11 13:58:24.878  2472  2472 W AlarmManager: Unrecognized alarm listener com.oneplus.keyguard.clock.OpClockCtrl@cd1165e
11-11 13:58:24.878  2472  2472 I OpKeyguardUpdateMonitor:  SeekBarVibratorHelper quit
11-11 13:58:24.880   958   958 I sensors-hal: activate:229, oneplus.sensor.pocket/1252 en=1 completed
11-11 13:58:24.880  1752  2166 D OpRestartProcessManager: No need to write old record
11-11 13:58:24.880   958  5460 I sensors-hal: ssc_conn_resp_cb:689, resp_value = 0
11-11 13:58:24.884  2472  2472 D StackScroller: updateSpeedBumpIndex newIndex:1 noAmbient: false
11-11 13:58:24.882  1752  1752 W android.display: type=1400 audit(0.0:19040): avc: denied { read } for name="u:object_r:vendor_display_notch_prop:s0" dev="tmpfs" ino=10459 scontext=u:r:system_server:s0 tcontext=u:object_r:vendor_display_notch_prop:s0 tclass=file permissive=0
11-11 13:58:24.885  2472  2472 D StackScroller: updateFooter showDismissView false showFooterView true showHistory false hasActiveNotifications() true mStatusBarState 0
11-11 13:58:24.885 22496 22496 D UE4     : [GameActivity] ==============> GameActive.onTrimMemory(TRIM_MEMORY_UI_HIDDEN) called!
11-11 13:58:24.886  1752  1992 E libc    : Access denied finding property "vendor.display.disable_rounded_corner"
11-11 13:58:24.886  1752  1992 I DisplayManagerService: Display device changed: DisplayDeviceInfo{"Inbyggd skrm": uniqueId="local:19260944289885569", 1080 x 2400, modeId 2, defaultModeId 1, supportedModes [{id=1, width=1080, height=2400, fps=60.0}, {id=2, width=1080, height=2400, fps=90.0}], colorMode 0, supportedColorModes [0, 7, 9], HdrCapabilities HdrCapabilities{mSupportedHdrTypes=[2, 3, 4], mMaxLuminance=540.0, mMaxAverageLuminance=270.1, mMinLuminance=0.2}, allmSupported false, gameContentTypeSupported false, density 450, 409.432 x 409.127 dpi, appVsyncOff 1000000, presDeadline 16111111, cutout DisplayCutout{insets=Rect(0, 113 - 0, 0) waterfall=Insets{left=0, top=0, right=0, bottom=0} boundingRect={Bounds=[Rect(0, 0 - 0, 0), Rect(0, 0 - 259, 113), Rect(0, 0 - 0, 0), Rect(0, 0 - 0, 0)]}}, touch INTERNAL, rotation 0, type INTERNAL, address {port=129, model=0x446dba0e6fed}, deviceProductInfo DeviceProductInfo{name=, manufacturerPnpId=QCM, productId=1, modelYear=null, manufactureDate=ManufactureDate{week=27, year=2006}, relativeAddress=null}, state ON, FLAG_DEFAULT_DISPLAY, FLAG_ROTATES_WITH_CONTENT, FLAG_SECURE, FLAG_SUPPORTS_PROTECTED_BUFFERS}
11-11 13:58:24.887  2472  2472 D StackScroller: setting break mode view visibility: isKeyGaurdVisible:false isWLBON:false
11-11 13:58:24.887  2472  2472 D PanelView: instantCollapse: mExpanding = false, mInstantExpanding = false
11-11 13:58:24.888  2472  2472 D OverviewProxyService: SystemUi flags: 40000000
11-11 13:58:24.888  2472  2472 D QSPanel : refreshAllTiles
11-11 13:58:24.889  2472  2472 I KeyguardUpdateMonitor: getUserUnlockedWithBiometric, fingerprintAllowed:false, faceAllowed:false, canSkipBouncerByFacelock():false, isFacelockUnlocking():false
11-11 13:58:24.890  1752  2166 E SensorManager: unregisterListenerImpl callingApp: android.uid.system:1000,callingPid:1752,callingUid:1000
11-11 13:58:24.890  1752  2166 D SensorService: recordConnection in disable
11-11 13:58:24.890   958   958 I sensors-hal: batch:251, qti.sensor.hardware_light/1301, period=200000000, max_latency=0
11-11 13:58:24.890  2472  2472 I KeyguardUpdateMonitor: getUserUnlockedWithBiometric, fingerprintAllowed:false, faceAllowed:false, canSkipBouncerByFacelock():false, isFacelockUnlocking():false
11-11 13:58:24.890   958   958 I sensors-hal: set_config:72, sample_period_ns is adjusted to 0 based on min/max delay_ns
11-11 13:58:24.890   958   958 I sensors-hal: batch:260, qti.sensor.hardware_light/1301, period=200000000, max_latency=0 request completed
11-11 13:58:24.890  2472  2472 I LockIcon:  updateDarkTint state:false
11-11 13:58:24.890  1752  2166 I SensorService: SensorEventConnection destruct, mPackageName : com.android.server.display.AutomaticBrightnessController
11-11 13:58:24.891  1752  1992 D OpPowerConsumpStatsInjector: notifyPkgEvent
11-11 13:58:24.891  2472  2472 D KeyguardUpdateMonitor: shouldListen: true, vis:false, inter:true, bouncer:false, going:false, sleep:true, occlude:false, dream:false, switch:false, disabled:false, primary:true
11-11 13:58:24.892  1752  2166 I RampAnimator: POLICY CHANGING!
11-11 13:58:24.892  1752  2166 I RampAnimator: target:0.0 rate:0.0 mCurrentValue:0.037975937 mTargetValue:0.037975937
11-11 13:58:24.892  2472  2472 D OpKeyguardUpdateMonitor: opShouldListenForFingerprint false: going to sleep
11-11 13:58:24.892  2472  2472 D KeyguardUpdateMonitor: updateFP: false, false, 0
11-11 13:58:24.892   990  1051 I vendor.qti.hardware.servicetracker@1.2-service: Activity state is changed to : 5
11-11 13:58:24.892   990  1051 I vendor.qti.hardware.servicetracker@1.2-service: Activity state is changed to : 5
11-11 13:58:24.893  2472  3307 D OpFodIconViewController: updateIconVisibility: fp client = null, isOwnerKeyguard = false, forceHide = false, isBouncer = false, isImeShow = false, goingToSleep = true, screenOn = false, isUnlockAllowed = true, interactive = false, keyguard visible = false, isDreaming = false, isKeyguardShowingAndOccluded = false, isFaceUnlocked = false, isSimPinSecure = false, isQSExpanded = false, isLaunchingCamera = false, LeftAffordance:false, isPreventActivte = false, isShowing = false, isLockOut = false, isFacelockRecognizing = false, mIsScreenTurningOn = false, mIsWakingUp = false, isShuttingDown = false, isFromBiometricPrompt = false, isBiometricPromptReadyToShow = false, isFpSuspended = false, isFpStopped = true, isKeyguardSensorDetectedNear = false, visibility = 4, isAlwaysOnEnabled = false, isHidingOnAod = false, isFodHintShowing= false, isLandscape= false, isShutdownDialogVisible= false, isUserSwitching= false, isEmergencyPanelExpand = false
11-11 13:58:24.893  2472  2472 D AodDisplayViewManager: resetStatus
11-11 13:58:24.893  2472  3307 D OpFodIconViewController: caseLog: 2
11-11 13:58:24.893  2472  2472 I OpChargingAnimationControllerImpl: onScreenTurnedOff
11-11 13:58:24.893  2472  3237 D AodDisplayViewManager: updateView: state = none mIsPlayFingerprintUnlockAnimation:false mIsPress:false mIsScreenTurnedOff:true mScreenTurnedOn: false
11-11 13:58:24.893  2472  2472 I OpUtils : isSupportREDCharging:false
11-11 13:58:24.893  2472  2472 I OpUtils : isSupportWarpCharging:true
11-11 13:58:24.893  1752  2166 V DisplayPowerController: Brightness [-1.0] reason changing to: 'screen_off', previous reason: 'automatic'.
11-11 13:58:24.893  2472  3237 D OpAodLightEffectContainer: resetNotificationAnimView
11-11 13:58:24.893  2472  2472 D OpFodFingerTouchValidator: reset: callers= com.oneplus.systemui.biometrics.OpBiometricDialogImpl$2.onScreenTurnedOff:351 
11-11 13:58:24.894  1752  2166 I DisplayPowerController: useProximityForceSuspend = false
11-11 13:58:24.894  1752  2166 D OpRestartProcessManager: No need to write old record
11-11 13:58:24.894  1752  2166 I RampAnimator: target:0.0 rate:0.0 mCurrentValue:0.0 mTargetValue:0.0
11-11 13:58:24.895  1025  1025 D SurfaceFlinger: Setting power mode 0 on display 19260944289885569
11-11 13:58:24.896   981  3976 I SDM     : DisplayBase::SetDisplayState: Set state = 0, display 29-0, teardown = 0
11-11 13:58:24.898  3011  3024 D IHansComunication: HANS handleMessage: Got message from kernel
11-11 13:58:24.898  3011  3024 E IHansComunication: HANS printMessageBody: RCVed message body: type = 0, port = 86870, caller_pid = 1752, target_uid = 10250, pkg_cmd = -1
11-11 13:58:24.898  3011  3024 D IHansComunication: sendMsgToFW--type: 0, callerPid: 1752, targetUid: 10250
11-11 13:58:24.898  2795  2795 D LiveWallpaper.VideoEngine: onDisplayChanged# false false false
11-11 13:58:24.899  3011  3024 D IHansComunication: HANS handleMessage: Got message from kernel
11-11 13:58:24.899  3011  3024 E IHansComunication: HANS printMessageBody: RCVed message body: type = 0, port = 86870, caller_pid = 1752, target_uid = 10260, pkg_cmd = -1
11-11 13:58:24.899  3011  3024 D IHansComunication: sendMsgToFW--type: 0, callerPid: 1752, targetUid: 10260
11-11 13:58:24.899  2795  2795 D LiveWallpaper.VideoEngine: createMediaPlayer#java.lang.Throwable: aa
11-11 13:58:24.899  2795  2795 D LiveWallpaper.VideoEngine: 	at com.oneplus.wallpaper.LiveWallpaper$VideoEngine.createMediaPlayer(LiveWallpaper.java:1856)
11-11 13:58:24.899  2795  2795 D LiveWallpaper.VideoEngine: 	at com.oneplus.wallpaper.LiveWallpaper$VideoEngine.onDisplayChanged(LiveWallpaper.java:2106)
11-11 13:58:24.899  2795  2795 D LiveWallpaper.VideoEngine: 	at android.hardware.display.DisplayManagerGlobal$DisplayListenerDelegate.handleMessage(DisplayManagerGlobal.java:741)
11-11 13:58:24.899  2795  2795 D LiveWallpaper.VideoEngine: 	at android.os.Handler.dispatchMessage(Handler.java:106)
11-11 13:58:24.899  2795  2795 D LiveWallpaper.VideoEngine: 	at android.os.Looper.loop(Looper.java:245)
11-11 13:58:24.899  2795  2795 D LiveWallpaper.VideoEngine: 	at android.app.ActivityThread.main(ActivityThread.java:8024)
11-11 13:58:24.899  2795  2795 D LiveWallpaper.VideoEngine: 	at java.lang.reflect.Method.invoke(Native Method)
11-11 13:58:24.899  2795  2795 D LiveWallpaper.VideoEngine: 	at com.android.internal.os.RuntimeInit$MethodAndArgsCaller.run(RuntimeInit.java:631)
11-11 13:58:24.899  2795  2795 D LiveWallpaper.VideoEngine: 	at com.android.internal.os.ZygoteInit.main(ZygoteInit.java:978)
11-11 13:58:24.900  2472  2598 D Tile.BluetoothTile(87fc520): getSecondaryLabel: enabled=false, connecting=false, connected=false, transient=false
11-11 13:58:24.901  6353  6539 I BtGatt.ScanManager: msg.what = 8
11-11 13:58:24.902  2472  3305 I ScreenDecorations: onDisplayChanged, displayId:0, now Rotation:0, newRotation:0
11-11 13:58:24.902  1752  1992 W LocalDisplayAdapter: setDesiredDisplayModeSpecsAsync displayToken android.os.BinderProxy@3289a59 defaultConfig=1 primaryRefreshRateMin=90.0 primaryRefreshRateMax=90.0 appRequestRefreshRateMin=90.0 appRequestRefreshRateMax=90.0
11-11 13:58:24.904  6353  6539 I BtGatt.ScanManager: msg.what = 5
11-11 13:58:24.907  3011  3024 D IHansComunication: HANS handleMessage: Got message from kernel
11-11 13:58:24.907  3011  3024 E IHansComunication: HANS printMessageBody: RCVed message body: type = 0, port = 86870, caller_pid = 1752, target_uid = 10258, pkg_cmd = -1
11-11 13:58:24.907  3011  3024 D IHansComunication: sendMsgToFW--type: 0, callerPid: 1752, targetUid: 10258
11-11 13:58:24.908  4830  4830 D TouchInteractionService: onDisplayChanged displayId = 0, mDefaultDisplayId = 0
11-11 13:58:24.909  3011  3024 D IHansComunication: HANS handleMessage: Got message from kernel
11-11 13:58:24.909  3011  3024 E IHansComunication: HANS printMessageBody: RCVed message body: type = 0, port = 86870, caller_pid = 1752, target_uid = 10249, pkg_cmd = -1
11-11 13:58:24.909  3011  3024 D IHansComunication: sendMsgToFW--type: 0, callerPid: 1752, targetUid: 10249
11-11 13:58:24.909  2472  2598 D BatterySaverTile: handleUpdateState, true, false
11-11 13:58:24.909  2795  2795 D Utilities: openAssetFile# filenameFps=wallpaper_av_live_stone_-1fps.mp4
11-11 13:58:24.909  2795  2795 W Utilities: openAssetFile# failed to open asset: wallpaper_av_live_stone_-1fps.mp4, error: java.io.FileNotFoundException: wallpaper_av_live_stone_-1fps.mp4
11-11 13:58:24.909  2795  2795 D Utilities: openAssetFile# filename=wallpaper_av_live_stone_90fps.mp4
11-11 13:58:24.909  3011  3024 D IHansComunication: HANS handleMessage: Got message from kernel
11-11 13:58:24.909  3011  3024 E IHansComunication: HANS printMessageBody: RCVed message body: type = 0, port = 86870, caller_pid = 1752, target_uid = 10270, pkg_cmd = -1
11-11 13:58:24.909  3011  3024 D IHansComunication: sendMsgToFW--type: 0, callerPid: 1752, targetUid: 10270
11-11 13:58:24.910   960  2366 I WifiHAL : event received NL80211_CMD_VENDOR, vendor_id = 0x1374, subcmd = 0xd
11-11 13:58:24.910  1408  1408 I cnss-daemon: nl80211 response handler invoked
11-11 13:58:24.910  1408  1408 I cnss-daemon: nl80211_response_handler: cmd 103, vendorID 4980, subcmd 13  received
11-11 13:58:24.910  1351  1405 D NuPlayerDriver: NuPlayerDriver(0xf5600510) created, clientPid(2795)
11-11 13:58:24.911  3011  3024 D IHansComunication: HANS handleMessage: Got message from kernel
11-11 13:58:24.911  3011  3024 E IHansComunication: HANS printMessageBody: RCVed message body: type = 0, port = 86870, caller_pid = 1752, target_uid = 10344, pkg_cmd = -1
11-11 13:58:24.911  3011  3024 D IHansComunication: sendMsgToFW--type: 0, callerPid: 1752, targetUid: 10344
11-11 13:58:24.912  3011  3024 D IHansComunication: HANS handleMessage: Got message from kernel
11-11 13:58:24.912  3011  3024 E IHansComunication: HANS printMessageBody: RCVed message body: type = 0, port = 86870, caller_pid = 1752, target_uid = 10253, pkg_cmd = -1
11-11 13:58:24.912  3011  3024 D IHansComunication: sendMsgToFW--type: 0, callerPid: 1752, targetUid: 10253
11-11 13:58:24.915  1351  1405 I ExtendedNuUtils: printFileName fd(7) -> /system_ext/app/OPWallpaperResources/OPWallpaperResources.apk
11-11 13:58:24.915  4830  4830 D TouchInteractionService: initTouchBounds realSize = (1080, 2400), rotation = 0, sizeFromWM = (1080,2400), rotationFromWM = 0, sizeFromDisplay = (1080,2400), rotationFromDisplay = 0, sizeFromService = (1080,2400), rotationFromService = 0, sizeFromLauncherCache = (1080,2400), rotationFromLauncherCache = 0, sizeFromActivity = (1080,2400), rotationFromActivity = 0
11-11 13:58:24.916  2795  2795 D LiveWallpaper.VideoEngine: prepare took 0ms, mediaplayer=105419375
11-11 13:58:24.917  4830  4830 D TouchInteractionService: initTouchBounds# swipeTouchRegion: RectF(0.0, 2338.0, 1080.0, 2400.0)
11-11 13:58:24.917  4830  4830 D TouchInteractionService: initTouchBounds# assistantLeftRegion: RectF(0.0, 2338.0, 135.0, 2400.0)
11-11 13:58:24.917  4830  4830 D TouchInteractionService: initTouchBounds# assistantRightRegion: RectF(945.0, 2338.0, 1080.0, 2400.0)
11-11 13:58:24.917  1431  1716 D [GF_HAL][EventCenter]: [postEvent] enqueue event<-998>
11-11 13:58:24.917  1431  1896 D [GF_HAL][ShenzhenSensor]: msg : 16
11-11 13:58:24.917  1431  1896 D [GF_HAL][CaEntry]: [sendCommand] request token: 300, target: 1000, cmd id: 11
11-11 13:58:24.917  1431  1896 D [GF_HAL][CaEntry]: [sendCommand] carveout_ion_handle_fd = 13,carveout_ion_handle_len = 4194304 
11-11 13:58:24.917  1351  5470 D GenericSource: FileSource remote
11-11 13:58:24.921  2472  2598 D Tile.DataSwitchTile(3c10413): default data phone id=0
11-11 13:58:24.921  1431  1896 D [GF_HAL][HalContext]: [invokeCommand] err = 0, errno = GF_SUCCESS
11-11 13:58:24.921  2472  2598 D Tile.DataSwitchTile(3c10413): DataSwitchTile:updateSimCount:simState=LOADED,ABSENT
11-11 13:58:24.921  1431  1896 D [GF_HAL][EventCenter]: [threadLoop] Wait get event
11-11 13:58:24.921  2472  2598 D Tile.DataSwitchTile(3c10413): DataSwitchTile:updateSimCount:mSimCount=1
11-11 13:58:24.923  1333 14606 I QComExtractorFactory:  Sniff 3GP success <== format:10
11-11 13:58:24.923  1333 14606 E MM_OSAL : FileSource::FileSource
11-11 13:58:24.923  1333 14606 E MM_OSAL : FileSource::FileSource m_bEveryThingOK 1
11-11 13:58:24.924  1333 14606 I QComExtractorFactory: Format:10, numTracks:1
11-11 13:58:24.924  1333 14606 D QComExtractorFactory: Sniff  trackList[0].majorType :2  mAudioCodec :0 
11-11 13:58:24.924  1333 14606 I SampleTable: There are reordered frames present.
11-11 13:58:24.925  2472  2598 D Tile.ReadModeTile(9adce6f): handleUpdateState:state.value=false
11-11 13:58:24.927  1333 21109 D MediaBufferGroup: creating MemoryDealer
11-11 13:58:24.930  2795  2795 D LiveWallpaper.VideoEngine: onPrepared# mediaPlayer=105419375
11-11 13:58:24.930  1351  1405 D SurfaceUtils: connecting to surface 0xef581948, reason setVideoSurfaceTexture
11-11 13:58:24.931  1351  5465 D NuPlayer: onSetVideoSurface(0xef583270, no video decoder)
11-11 13:58:24.931  1351  5465 I GenericSource: start
11-11 13:58:24.931  2795  2795 D LiveWallpaper.VideoEngine: setPlaySpeed# mPrepared=true, speed=0.0
11-11 13:58:24.935  2795  2795 D LiveWallpaper.VideoEngine: onPrepared# false false false
11-11 13:58:24.937  1351  5465 W NuPlayer: instantiateDecoder: getFormat called when source is gone or not set
11-11 13:58:24.939  1351  5476 I OMXClient: IOmx service obtained
11-11 13:58:24.939  1362 12079 I OMXMaster: makeComponentInstance(OMX.qcom.video.decoder.avc) in android.hardwar process
11-11 13:58:24.943  1362 12079 E android.hardware.media.omx@1.0-service: Service not available yet
11-11 13:58:24.944  1362 12079 D PlatformConfig: getInstance: Enter
11-11 13:58:24.944  1362 12079 D PlatformConfig: getConfigStoreBool: vpp/enable=false, returning false 
11-11 13:58:24.947  1362 12079 D PlatformConfig: getInstance: Enter
11-11 13:58:24.947  1362 12079 D PlatformConfig: getInt32 Config name: vidc_dec_log_in value: 0
11-11 13:58:24.947  1362 12079 D PlatformConfig: getInstance: Enter
11-11 13:58:24.947  1362 12079 D PlatformConfig: getInt32 Config name: vidc_dec_log_out value: 0
11-11 13:58:24.947  1362 12079 D PlatformConfig: getInstance: Enter
11-11 13:58:24.947  1362 12079 D PlatformConfig: getInt32 Config name: vidc_dec_sec_prefetch_size_internal value: 31457280
11-11 13:58:24.947  1362 12079 D PlatformConfig: getInstance: Enter
11-11 13:58:24.947  1362 12079 D PlatformConfig: getInt32 Config name: vidc_dec_sec_prefetch_size_output value: 3276800
11-11 13:58:24.947  1362 12079 D PlatformConfig: getInstance: Enter
11-11 13:58:24.947  1362 12079 D PlatformConfig: getInt32: Returning default
11-11 13:58:24.947  1362 12079 D PlatformConfig: getInstance: Enter
11-11 13:58:24.947  1362 12079 D PlatformConfig: getInt32 Config name: vidc_dec_thumbnail_yuv_output value: 0
11-11 13:58:24.947  1362 12079 D PlatformConfig: getInstance: Enter
11-11 13:58:24.947  1362 12079 D PlatformConfig: getInt32: Returning default
11-11 13:58:24.947  1362 12079 D PlatformConfig: getInstance: Enter
11-11 13:58:24.947  1362 12079 D PlatformConfig: getInt32: Returning default
11-11 13:58:24.948  1362 12079 I OMX-VDEC-1080P: component_init: OMX.qcom.video.decoder.avc : fd=8
11-11 13:58:24.948  1362 12079 E OMX-VDEC-1080P: Unsupported output color format for c2d (2141391876)
11-11 13:58:24.948  1362 12079 E OMX-VDEC-1080P: Setting color format failed
11-11 13:58:24.952  1362 12079 D PlatformConfig: getInstance: Enter
11-11 13:58:24.952  1362 12079 D PlatformConfig: getInt32: Returning default
11-11 13:58:24.952  1362 12079 D PlatformConfig: getInstance: Enter
11-11 13:58:24.952  1362 12079 D PlatformConfig: getInt32: Returning default
11-11 13:58:24.952  1362 12079 I OMX-VDEC-1080P: omx_vdec::component_init() success : fd=8
11-11 13:58:24.953  1351  5474 D SurfaceUtils: disconnecting from surface 0xef583278, reason onConfigure
11-11 13:58:24.953  1351  5475 D SurfaceUtils: connecting to surface 0xef583278, reason connectToSurface
11-11 13:58:24.954  1351  5475 I MediaCodec: [OMX.qcom.video.decoder.avc] setting surface generation to 1383456
11-11 13:58:24.954  1351  5475 D SurfaceUtils: disconnecting from surface 0xef583278, reason connectToSurface(reconnect)
11-11 13:58:24.954  1351  5475 D SurfaceUtils: connecting to surface 0xef583278, reason connectToSurface(reconnect)
11-11 13:58:24.955  1362 12079 E OMX-VDEC-1080P: Extension: OMX.google.android.index.storeANWBufferInMetadata not implemented
11-11 13:58:24.955  1362 12079 E OMX-VDEC-1080P: Extension: OMX.google.android.index.configureVideoTunnelMode not implemented
11-11 13:58:24.955  1362 12079 E OMX-VDEC-1080P: Extension: OMX.google.android.index.useAndroidNativeBuffer is supported
11-11 13:58:24.955  1362 12079 E OMX-VDEC-1080P: get_parameter: unknown param 7f000046
11-11 13:58:24.955  1362 12079 E OMXNodeInstance: getParameter(0xedd00014:qcom.decoder.avc, ??(0x7f000046)) ERROR: UnsupportedIndex(0x8000101a)
11-11 13:58:24.956  1362 12079 E OMX-VDEC-1080P: set_parameter: Error: 0x80001019, setting param 0x7f00005d
11-11 13:58:24.956  1362 12079 E OMXNodeInstance: setParameter(0xedd00014:qcom.decoder.avc, OMX.google.android.index.allocateNativeHandle(0x7f00005d): Output:1 en=0) ERROR: UnsupportedSetting(0x80001019)
11-11 13:58:24.956  1362 12079 E OMX-VDEC-1080P: Extension: OMX.google.android.index.storeANWBufferInMetadata not implemented
11-11 13:58:24.956  1362 12079 E OMX-VDEC-1080P: get_parameter: unknown param 6f600011
11-11 13:58:24.956  1362 12079 E OMXNodeInstance: getParameter(0xedd00014:qcom.decoder.avc, ??(0x6f600011)) ERROR: UnsupportedIndex(0x8000101a)
11-11 13:58:24.956  1351  5476 I ExtendedACodec: setupVideoDecoder()
11-11 13:58:24.957  1351  5476 I ExtendedACodec: Decoder will be in frame by frame mode
11-11 13:58:24.957  1362 12079 E OMX-VDEC-1080P: Setparameter: unknown param 2130706434
11-11 13:58:24.957  1362 12079 E OMX-VDEC-1080P: set_parameter: Error: 0x8000101a, setting param 0x7f000002
11-11 13:58:24.957  1362 12079 E OMXNodeInstance: setParameter(0xedd00014:qcom.decoder.avc, ??(0x7f000002)) ERROR: UnsupportedIndex(0x8000101a)
11-11 13:58:24.957  1351  5476 W ExtendedACodec: Failed to set frame packing format on component
11-11 13:58:24.959  1362 12079 E OMXNodeInstance: getConfig(0xedd00014:qcom.decoder.avc, ??(0x7f000062)) ERROR: UnsupportedSetting(0x80001019)
11-11 13:58:24.961  1351  5475 I MediaCodec: MediaCodec will operate in async mode
11-11 13:58:24.969  1362 30528 E OMX-VDEC-1080P: Extension: OMX.google.android.index.AndroidNativeBufferConsumerUsage not implemented
11-11 13:58:24.969  1351  5476 D SurfaceUtils: set up nativeWindow 0xef583278 for 1080x2400, color 0x7fa30c06, rotation 0, usage 0x20002900
11-11 13:58:24.972  1351  5475 W ResourceManagerService: Ignoring request to add new resource entry with value <= 0
11-11 13:58:24.983  1362 12079 E OMXNodeInstance: getConfig(0xedd00014:qcom.decoder.avc, ??(0x7f000062)) ERROR: UnsupportedSetting(0x80001019)
11-11 13:58:24.989  1362 12079 E OMX-VDEC-1080P: Extension: OMX.google.android.index.AndroidNativeBufferConsumerUsage not implemented
11-11 13:58:24.989  1351  5476 D SurfaceUtils: set up nativeWindow 0xef583278 for 1088x2400, color 0x7fa30c06, rotation 0, usage 0x20002900
11-11 13:58:24.990  1752  1988 D DeviceKeyHandler: Receive gesture 15
11-11 13:58:24.995   958  5460 I sensors-hal: handle_indication_realtime:482,  SCHED_FIFO(10) for qmi_cbk
11-11 13:58:24.995   958  5460 E sensors-hal: handle_sns_client_event:68, pocket_sample: ts = 2771063709720 ns; value = [0.000000, 0.000000, 2187.000000, 0.000000]
11-11 13:58:25.019  1362 30528 E OMXNodeInstance: getConfig(0xedd00014:qcom.decoder.avc, ??(0x7f000062)) ERROR: UnsupportedSetting(0x80001019)
11-11 13:58:25.020  1351  5473 I NuPlayerRenderer: NOTE: notifying video preroll complete
11-11 13:58:25.021  1362 12079 E OMX-VDEC-1080P: Extension: OMX.QTI.index.config.video.getdsmode not implemented
11-11 13:58:25.056  1752  2244 D DeviceKeyHandler: onSensorChang: true
11-11 13:58:25.056  1752  2244 D DeviceKeyHandler: p-sensor far, enable gesture
11-11 13:58:25.099  1752  3225 D AS.AudioService: Volume controller visible: false
11-11 13:58:25.107   990  3974 I vendor.qti.hardware.servicetracker@1.2-service: bindService is called for service : com.google.android.gms/.chimera.PersistentApiService and for client com.google.android.googlequicksearchbox:search
11-11 13:58:25.107   990  3974 I vendor.qti.hardware.servicetracker@1.2-service: total connections for service : com.google.android.gms/.chimera.PersistentApiServiceare :12
11-11 13:58:25.107   990  3974 I vendor.qti.hardware.servicetracker@1.2-service: total connections for client : com.google.android.googlequicksearchbox:searchare :3
11-11 13:58:25.121  1025  1025 D SurfaceFlinger: Finished setting power mode 0 on display 19260944289885569
11-11 13:58:25.121  1752  2334 D SurfaceControl: Excessive delay in setPowerMode()
11-11 13:58:25.122  1752  2166 I DisplayPowerController: useProximityForceSuspend = false
11-11 13:58:25.122  1752  2166 D OpRestartProcessManager: No need to write old record
11-11 13:58:25.122  1752  2166 I RampAnimator: target:0.0 rate:0.0 mCurrentValue:0.0 mTargetValue:0.0
11-11 13:58:25.122   954   954 I QTI PowerHAL: Power setMode: 7 to: 0
11-11 13:58:25.123   954   954 E QTI PowerHAL: Failed to acquire lock for hint_id: 1040.
11-11 13:58:25.123   954   954 I QTI PowerHAL: Got set_interactive hint
11-11 13:58:25.123   990  3974 I vendor.qti.hardware.servicetracker@1.2-service: bindService is called for service : com.google.android.gms/.chimera.PersistentDirectBootAwareApiService and for client com.google.android.gms.persistent
11-11 13:58:25.123   990  3974 I vendor.qti.hardware.servicetracker@1.2-service: total connections for service : com.google.android.gms/.chimera.PersistentDirectBootAwareApiServiceare :7
11-11 13:58:25.123   990  3974 I vendor.qti.hardware.servicetracker@1.2-service: total connections for client : com.google.android.gms.persistentare :5
11-11 13:58:25.123  1752  2166 I DreamManagerService: Entering dreamland.
11-11 13:58:25.124  1752  2166 I PowerManagerService: Dozing...
11-11 13:58:25.126  1752  1987 I DreamController: Starting dream: name=ComponentInfo{com.android.systemui/com.android.systemui.doze.DozeService}, isTest=false, canDoze=true, userId=0
11-11 13:58:25.127  2472  2472 D OpStatusBar: Check navigation bar state when ime state change
11-11 13:58:25.127  2472  2472 D OpStatusBar: updateIMENavBar: now=2485632, last=2485220
11-11 13:58:25.128  1752  1992 E libc    : Access denied finding property "vendor.display.disable_rounded_corner"
11-11 13:58:25.128  1752  1992 I DisplayManagerService: Display device changed state: "Inbyggd skrm", OFF
11-11 13:58:25.122  1752  1752 W android.display: type=1400 audit(0.0:19041): avc: denied { read } for name="u:object_r:vendor_display_notch_prop:s0" dev="tmpfs" ino=10459 scontext=u:r:system_server:s0 tcontext=u:object_r:vendor_display_notch_prop:s0 tclass=file permissive=0
11-11 13:58:25.129  2472  2472 V ShadeControllerImpl: NotificationShadeWindow: com.android.systemui.statusbar.phone.NotificationShadeWindowView{3e461ac I.E...... ......ID 0,0-1080,2400} canPanelBeCollapsed(): false
11-11 13:58:25.129   990  3974 I vendor.qti.hardware.servicetracker@1.2-service: bindService is called for service : com.android.systemui/.doze.DozeService and for client system
11-11 13:58:25.129   990  3974 I vendor.qti.hardware.servicetracker@1.2-service: total connections for service : com.android.systemui/.doze.DozeServiceare :1
11-11 13:58:25.129   990  3974 I vendor.qti.hardware.servicetracker@1.2-service: total connections for client : systemare :27
11-11 13:58:25.130   990  3974 I vendor.qti.hardware.servicetracker@1.2-service: startService() is called for servicecom.android.systemui/.doze.DozeService
11-11 13:58:25.131  1752  1992 E SensorManager: unregisterListenerImpl callingApp: android.uid.system:1000,callingPid:1752,callingUid:1000
11-11 13:58:25.133  1752  1992 I InputManager-JNI: Viewport [0] to add: local:19260944289885569, isActive: false
11-11 13:58:25.135  3011  3024 D IHansComunication: HANS handleMessage: Got message from kernel
11-11 13:58:25.135  3011  3024 E IHansComunication: HANS printMessageBody: RCVed message body: type = 0, port = 86870, caller_pid = 1752, target_uid = 10250, pkg_cmd = -1
11-11 13:58:25.135  3011  3024 D IHansComunication: sendMsgToFW--type: 0, callerPid: 1752, targetUid: 10250
11-11 13:58:25.139  6353  6539 I BtGatt.ScanManager: msg.what = 8
11-11 13:58:25.139  6353  6539 I BtGatt.ScanManager: msg.what = 4
11-11 13:58:25.140  1752  2251 I InputReader: Reconfiguring input devices, changes=DISPLAY_INFO | 
11-11 13:58:25.140  1752  2251 I InputReader: Device reconfigured: id=4, name='touchpanel', size 1080x2400, orientation 0, mode 1, display id 0
11-11 13:58:25.142  2795  2795 D LiveWallpaper.VideoEngine: onDisplayChanged# false false false
11-11 13:58:25.142  4830  4830 D TouchInteractionService: onDisplayChanged displayId = 0, mDefaultDisplayId = 0
11-11 13:58:25.145  2472  3305 I ScreenDecorations: onDisplayChanged, displayId:0, now Rotation:0, newRotation:0
11-11 13:58:25.148  2472  2472 I DozeSensors: isPulsingBlocked:false
11-11 13:58:25.148  2472  2472 D DozeSensors: choose sensor: TYPE_MOTION
11-11 13:58:25.148  3011  3024 D IHansComunication: HANS handleMessage: Got message from kernel
11-11 13:58:25.148  3011  3024 E IHansComunication: HANS printMessageBody: RCVed message body: type = 0, port = 86870, caller_pid = 1752, target_uid = 10260, pkg_cmd = -1
11-11 13:58:25.148  3011  3024 D IHansComunication: sendMsgToFW--type: 0, callerPid: 1752, targetUid: 10260
11-11 13:58:25.149  3011  3024 D IHansComunication: HANS handleMessage: Got message from kernel
11-11 13:58:25.149  3011  3024 E IHansComunication: HANS printMessageBody: RCVed message body: type = 0, port = 86870, caller_pid = 1752, target_uid = 10258, pkg_cmd = -1
11-11 13:58:25.149  3011  3024 D IHansComunication: sendMsgToFW--type: 0, callerPid: 1752, targetUid: 10258
11-11 13:58:25.149  4830  4830 D TouchInteractionService: initTouchBounds realSize = (1080, 2400), rotation = 0, sizeFromWM = (1080,2400), rotationFromWM = 0, sizeFromDisplay = (1080,2400), rotationFromDisplay = 0, sizeFromService = (1080,2400), rotationFromService = 0, sizeFromLauncherCache = (1080,2400), rotationFromLauncherCache = 0, sizeFromActivity = (1080,2400), rotationFromActivity = 0
11-11 13:58:25.150  4830  4830 D TouchInteractionService: initTouchBounds# swipeTouchRegion: RectF(0.0, 2338.0, 1080.0, 2400.0)
11-11 13:58:25.150  4830  4830 D TouchInteractionService: initTouchBounds# assistantLeftRegion: RectF(0.0, 2338.0, 135.0, 2400.0)
11-11 13:58:25.150  4830  4830 D TouchInteractionService: initTouchBounds# assistantRightRegion: RectF(945.0, 2338.0, 1080.0, 2400.0)
11-11 13:58:25.152  3011  3024 D IHansComunication: HANS handleMessage: Got message from kernel
11-11 13:58:25.152  3011  3024 E IHansComunication: HANS printMessageBody: RCVed message body: type = 0, port = 86870, caller_pid = 1752, target_uid = 10249, pkg_cmd = -1
11-11 13:58:25.152  3011  3024 D IHansComunication: sendMsgToFW--type: 0, callerPid: 1752, targetUid: 10249
11-11 13:58:25.152  3011  3024 D IHansComunication: HANS handleMessage: Got message from kernel
11-11 13:58:25.152  3011  3024 E IHansComunication: HANS printMessageBody: RCVed message body: type = 0, port = 86870, caller_pid = 1752, target_uid = 10270, pkg_cmd = -1
11-11 13:58:25.152  3011  3024 D IHansComunication: sendMsgToFW--type: 0, callerPid: 1752, targetUid: 10270
11-11 13:58:25.153  3011  3024 D IHansComunication: HANS handleMessage: Got message from kernel
11-11 13:58:25.153  3011  3024 E IHansComunication: HANS printMessageBody: RCVed message body: type = 0, port = 86870, caller_pid = 1752, target_uid = 10344, pkg_cmd = -1
11-11 13:58:25.153  3011  3024 D IHansComunication: sendMsgToFW--type: 0, callerPid: 1752, targetUid: 10344
11-11 13:58:25.154  2472  2472 I android_os_HwBinder: HwBinder: Starting thread pool for getting: vendor.oneplus.hardware.display@1.0::IOneplusDisplay/default
11-11 13:58:25.155  2472  2472 V KeyguardUpdateMonitor: *** register callback for com.android.systemui.doze.DozeUi$1@dd7e0fb
11-11 13:58:25.155  2472  2472 V KeyguardUpdateMonitor: *** unregister callback for null
11-11 13:58:25.156  3011  3024 D IHansComunication: HANS handleMessage: Got message from kernel
11-11 13:58:25.156  3011  3024 E IHansComunication: HANS printMessageBody: RCVed message body: type = 0, port = 86870, caller_pid = 1752, target_uid = 10253, pkg_cmd = -1
11-11 13:58:25.156  3011  3024 D IHansComunication: sendMsgToFW--type: 0, callerPid: 1752, targetUid: 10253
11-11 13:58:25.156  2472  2472 D DozeParameters: setControlScreenOffAnimation, controlScreenOffAnimation:false, stack:com.android.systemui.doze.DozeUi.updateAnimateScreenOff:136 com.android.systemui.doze.DozeUi.updateAnimateScreenOff:130 com.android.systemui.doze.DozeUi.access$100:48 com.android.systemui.doze.DozeUi$1.onKeyguardVisibilityChanged:68 com.android.keyguard.KeyguardUpdateMonitorCallback.onKeyguardVisibilityChangedRaw:104 com.android.keyguard.KeyguardUpdateMonitor.sendUpdates:3327 com.android.keyguard.KeyguardUpdateMonitor.registerCallback:3301 com.android.systemui.doze.DozeUi.<init>:99 com.android.systemui.doze.DozeFactory.createDozeUi:154 com.android.systemui.doze.DozeFactory.assembleMachine:115 
11-11 13:58:25.156  3011  3024 D IHansComunication: HANS handleMessage: Got message from kernel
11-11 13:58:25.156  3011  3024 E IHansComunication: HANS printMessageBody: RCVed message body: type = 0, port = 86870, caller_pid = 1752, target_uid = 10253, pkg_cmd = -1
11-11 13:58:25.156  3011  3024 D IHansComunication: sendMsgToFW--type: 0, callerPid: 1752, targetUid: 10253
11-11 13:58:25.162  2472  2472 D AodWindowManager: startDozing
11-11 13:58:25.162  2472  2472 D AodWindowManager: isTargetProduct is false send MSG_START_DOZING msg
11-11 13:58:25.162  2472  2472 D OpPreventModeCtrl: setKeyguardShowing, false
11-11 13:58:25.163  2472  3237 D AodWindowManager: start handleStartDozing; mDozing = false
11-11 13:58:25.163  2472  3237 D AodWindowManager: handleStartDozing: false
11-11 13:58:25.163  2472  2472 D OpChargingAnimationControllerImpl: onShowingStateChanged false
11-11 13:58:25.163  2472  2472 I OpUtils : isSupportREDCharging:false
11-11 13:58:25.163  2472  2472 I OpUtils : isSupportWarpCharging:true
11-11 13:58:25.163  2472  2472 D KeyguardIndication: onShowingStateChanged false
11-11 13:58:25.163  2472  3237 I OpAodCanvas: reset
11-11 13:58:25.163  2472  3237 E OpAodCanvas: reset: bg paint is null!!!
11-11 13:58:25.164  2472  2751 D KeyguardViewMediator: updateActivityLockScreenState(false, true)
11-11 13:58:25.164  2472  2751 D KeyguardViewMediator: setLockScreenShown, false, true, false
11-11 13:58:25.164  2472  2737 E SensorManager: unregisterListenerImpl callingApp: android.uid.systemui:10193,callingPid:2472,callingUid:10193
11-11 13:58:25.165  2472  2598 D OpKeyguardUnlockCounter: writeToDisk: same event type, abandon.
11-11 13:58:25.166  2472  3237 D ViewRootImpl: not support adaptive color gamut feature!
11-11 13:58:25.166  1752  2912 I OemSceneModeAmHelper: [scene] handleShowOrOccludedChanged showing false, occluded false
11-11 13:58:25.166  1752  2912 D OpPowerConsumpStatsInjector: handleShowOrOccludedChanged
11-11 13:58:25.166  2472  2472 D StackScroller: updateSpeedBumpIndex newIndex:1 noAmbient: false
11-11 13:58:25.167  1752  1992 V UsbDeviceManager: onKeyguardStateChanged: isShowing:false secure:true user:0
11-11 13:58:25.167  2472  2472 D StackScroller: updateFooter showDismissView false showFooterView true showHistory false hasActiveNotifications() true mStatusBarState 0
11-11 13:58:25.168  2472  2472 D StackScroller: setting break mode view visibility: isKeyGaurdVisible:false isWLBON:false
11-11 13:58:25.168  2472  2472 D PanelView: instantCollapse: mExpanding = false, mInstantExpanding = false
11-11 13:58:25.168  2472  2472 D OverviewProxyService: SystemUi flags: 40000000
11-11 13:58:25.169  2472  2472 D QSPanel : refreshAllTiles
11-11 13:58:25.169  2472  2472 I KeyguardUpdateMonitor: getUserUnlockedWithBiometric, fingerprintAllowed:false, faceAllowed:false, canSkipBouncerByFacelock():false, isFacelockUnlocking():false
11-11 13:58:25.170  2472  2472 I KeyguardUpdateMonitor: getUserUnlockedWithBiometric, fingerprintAllowed:false, faceAllowed:false, canSkipBouncerByFacelock():false, isFacelockUnlocking():false
11-11 13:58:25.170  2472  2472 I LockIcon:  updateDarkTint state:false
11-11 13:58:25.171  2472  3237 D OpSliceManager: setListening, mUserId:0, mSmartDisplayEnabled:true, listening:true, mListening:false, mOpKeyguardClockInfoView:null, callers= com.oneplus.aod.OpAodDisplayViewManager$5.run:861 android.os.Handler.handleCallback:938 android.os.Handler.dispatchMessage:99 
11-11 13:58:25.171  2472  2472 D KeyguardUpdateMonitor: shouldListen: true, vis:false, inter:true, bouncer:false, going:false, sleep:true, occlude:false, dream:false, switch:false, disabled:false, primary:true
11-11 13:58:25.171  2472  2472 D OpKeyguardUpdateMonitor: opShouldListenForFingerprint false: going to sleep
11-11 13:58:25.171  2472  2472 D KeyguardUpdateMonitor: updateFP: false, false, 0
11-11 13:58:25.172  2472  3307 D OpFodIconViewController: updateIconVisibility: fp client = null, isOwnerKeyguard = false, forceHide = false, isBouncer = false, isImeShow = false, goingToSleep = true, screenOn = false, isUnlockAllowed = true, interactive = false, keyguard visible = false, isDreaming = false, isKeyguardShowingAndOccluded = false, isFaceUnlocked = false, isSimPinSecure = false, isQSExpanded = false, isLaunchingCamera = false, LeftAffordance:false, isPreventActivte = false, isShowing = false, isLockOut = false, isFacelockRecognizing = false, mIsScreenTurningOn = false, mIsWakingUp = false, isShuttingDown = false, isFromBiometricPrompt = false, isBiometricPromptReadyToShow = false, isFpSuspended = false, isFpStopped = true, isKeyguardSensorDetectedNear = false, visibility = 4, isAlwaysOnEnabled = false, isHidingOnAod = false, isFodHintShowing= false, isLandscape= false, isShutdownDialogVisible= false, isUserSwitching= false, isEmergencyPanelExpand = false
11-11 13:58:25.172  2472  3307 D OpFodIconViewController: caseLog: 2
11-11 13:58:25.172  2472  2472 D DozeSensor.CustomProximityCheck: register pocket 248326370
11-11 13:58:25.173  2472  2472 D DozeSensors: setListening: mListening=false, listen= true, callers= com.android.systemui.doze.DozeTriggers.transitionTo:596 
11-11 13:58:25.173  2472  2472 D OPAodUtils: mMotionAwakeOn: true
11-11 13:58:25.173  2472  2472 D DozeSensors: setListening: adjustListen= true
11-11 13:58:25.173  2472  2472 D DozeSensor.MotionCheck: sensor registered 10187891
11-11 13:58:25.173  2472  2737 E SensorManager: registerListenerImpl sensorName:pocket  Wakeup,isWakeUpSensor:true,callingApp: android.uid.systemui:10193,callingPid:2472,callingUid:10193
11-11 13:58:25.173  1752  1958 I SensorService: SensorEventConnection construct, mPackageName : com.android.systemui.doze.DozeSensors
11-11 13:58:25.173  2472  2598 D Tile.BluetoothTile(87fc520): getSecondaryLabel: enabled=false, connecting=false, connected=false, transient=false
11-11 13:58:25.174  2472  2598 D BatterySaverTile: handleUpdateState, true, false
11-11 13:58:25.175  1752  2912 D SensorService: recordConnection in enable
11-11 13:58:25.175  2472  2472 I KeyguardUpdateMonitor: getUserUnlockedWithBiometric, fingerprintAllowed:false, faceAllowed:false, canSkipBouncerByFacelock():false, isFacelockUnlocking():false
11-11 13:58:25.175  2472  2472 D DozeMachine: transitionTo: finish= 0, size= 1
11-11 13:58:25.175  2472  2737 E SensorManager: registerListenerImpl sensorName:pickup_nn  Wakeup,isWakeUpSensor:true,callingApp: android.uid.systemui:10193,callingPid:2472,callingUid:10193
11-11 13:58:25.176  1752  2166 I DisplayPowerController: useProximityForceSuspend = false
11-11 13:58:25.176  1752  1958 I SensorService: SensorEventConnection construct, mPackageName : com.android.systemui.doze.DozeSensors
11-11 13:58:25.176  1752  2166 D OpRestartProcessManager: No need to write old record
11-11 13:58:25.176  2472  2472 D DozeSensors: onProximityResult: 2
11-11 13:58:25.176  1752  2166 I RampAnimator: POLICY CHANGING!
11-11 13:58:25.176  1752  2166 I RampAnimator: target:0.0 rate:0.0 mCurrentValue:0.0 mTargetValue:0.0
11-11 13:58:25.176  2472  2472 D KeyguardUpdateMonitor: shouldListen: true, vis:false, inter:true, bouncer:false, going:false, sleep:true, occlude:false, dream:true, switch:false, disabled:false, primary:true
11-11 13:58:25.177  2472  2472 D OpKeyguardUpdateMonitor: opShouldListenForFingerprint false: going to sleep
11-11 13:58:25.177  2472  2472 D KeyguardUpdateMonitor: updateFP: false, false, 0
11-11 13:58:25.177  2472  2472 I KeyguardUpdateMonitor: getUserUnlockedWithBiometric, fingerprintAllowed:false, faceAllowed:false, canSkipBouncerByFacelock():false, isFacelockUnlocking():false
11-11 13:58:25.177  2472  2598 D Tile.DataSwitchTile(3c10413): default data phone id=0
11-11 13:58:25.177  2472  2598 D Tile.DataSwitchTile(3c10413): DataSwitchTile:updateSimCount:simState=LOADED,ABSENT
11-11 13:58:25.177  2472  2598 D Tile.DataSwitchTile(3c10413): DataSwitchTile:updateSimCount:mSimCount=1
11-11 13:58:25.177   958   958 I sensors-hal: batch:251, oneplus.sensor.op_motion_detect/1282, period=200000000, max_latency=0
11-11 13:58:25.177   958   958 I sensors-hal: set_config:72, sample_period_ns is adjusted to 0 based on min/max delay_ns
11-11 13:58:25.177   958   958 I sensors-hal: batch:260, oneplus.sensor.op_motion_detect/1282, period=200000000, max_latency=0 request completed
11-11 13:58:25.177  1752  1958 D SensorService: recordConnection in enable
11-11 13:58:25.177  2472  2709 D KeyguardViewMediator: onFinishedGoingToSleep(3)
11-11 13:58:25.177   958   958 I sensors-hal: activate:212, oneplus.sensor.op_motion_detect/1282 en=1
11-11 13:58:25.177  2472  2709 D KeyguardViewMediator: notifyFinishedGoingToSleep
11-11 13:58:25.177  2472  2472 D KeyguardViewMediator: handleNotifyFinishedGoingToSleep
11-11 13:58:25.177  1752  2168 D OpPowerConsumpStatsInjector: notifyScreenEvent
11-11 13:58:25.177  1752  2168 D OpPowerControllerService: SCREEN is OFF
11-11 13:58:25.177  1752  2168 D Hypnus  : hypnusScreenStatus: 0
11-11 13:58:25.178  1752  2168 D OpPowerControllerService: SCREEN is OFF
11-11 13:58:25.178  1752  2168 D OpPowerControllerService: mScreenOffStart=2021-11-11 13:58:25
11-11 13:58:25.178  2472  2598 D Tile.ReadModeTile(9adce6f): handleUpdateState:state.value=false
11-11 13:58:25.179  3881  3897 E horae   : setScreenState, mChargingStateMachine is null!
11-11 13:58:25.179  3881  3890 E horae   : setForegroundPackage, mChargingStateMachine is null!
11-11 13:58:25.180  1752  2168 W ContextImpl: Calling a method in the system process without a qualified user: android.app.ContextImpl.sendBroadcast:1138 com.android.server.power.Notifier.sendGoToSleepBroadcast:850 com.android.server.power.Notifier.sendNextBroadcast:797 com.android.server.power.Notifier.access$500:96 com.android.server.power.Notifier$NotifierHandler.handleMessage:956 
11-11 13:58:25.181   958   958 I sensors-hal: activate:229, oneplus.sensor.op_motion_detect/1282 en=1 completed
11-11 13:58:25.181   958  5488 I sensors-hal: ssc_conn_resp_cb:689, resp_value = 0
11-11 13:58:25.182  3881  3895 E horae   : 0: -13.72, +(2000), 0
11-11 13:58:25.182  2472  2598 D OpSlice.OpWeatherSlice: handleSetListening listening=true mFirstQueryInfo=true mReady=true
11-11 13:58:25.184  2472  2472 D OpFpAodIndicationText: updateFPIndicationText: lockout:false, false, null
11-11 13:58:25.184  2472  2472 D OpFpAodIndicationText: updateFPIndicationText: PIN, 2131887578
11-11 13:58:25.184  2472  2472 I OpChargingAnimationControllerImpl: onFinishedGoingToSleep
11-11 13:58:25.185  2472  2472 D OpFingerprintDialogView: onFinishedGoingToSleep: why= 3
11-11 13:58:25.185  2472  2472 V KeyguardStatusView: Schedule setEnableMarquee: Disable
11-11 13:58:25.185  2472  2472 V KeyguardStatusView: Disable transport text marquee
11-11 13:58:25.185  2472  2472 I KeyguardUpdateMonitor: getUserUnlockedWithBiometric, fingerprintAllowed:false, faceAllowed:false, canSkipBouncerByFacelock():false, isFacelockUnlocking():false
11-11 13:58:25.186  2472  3307 D OpFingerprintDialogView: shouldForceShowFod: reason= finish going to sleep, isWindowAttached= false, isFpEnrolled= true, isKeyguardShowing= false, isKeyguardDone= true, isDeviceInteractive= false, isDreaming= true, isLockout= false
11-11 13:58:25.187  2472  2472 I KeyguardUpdateMonitor: getUserUnlockedWithBiometric, fingerprintAllowed:false, faceAllowed:false, canSkipBouncerByFacelock():false, isFacelockUnlocking():false
11-11 13:58:25.187  2472  2472 I LockIcon:  updateDarkTint state:false
11-11 13:58:25.187  2472  2472 D KeyguardUpdateMonitor: shouldListen: true, vis:false, inter:false, bouncer:false, going:false, sleep:false, occlude:false, dream:true, switch:false, disabled:false, primary:true
11-11 13:58:25.187  2472  2472 D OpKeyguardUpdateMonitor: opShouldListenForFingerprint false: screen off
11-11 13:58:25.187  2472  2472 D KeyguardUpdateMonitor: updateFP: false, false, 0
11-11 13:58:25.187  2472  2472 I KeyguardUpdateMonitor: getUserUnlockedWithBiometric, fingerprintAllowed:false, faceAllowed:false, canSkipBouncerByFacelock():false, isFacelockUnlocking():false
11-11 13:58:25.187  2472  2472 D OpThreekeyDialogImpl: WakefulnessLifecycle, onFinishedGoingToSleep
11-11 13:58:25.188  2472  2472 I KeyguardUpdateMonitor: getUserUnlockedWithBiometric, fingerprintAllowed:false, faceAllowed:false, canSkipBouncerByFacelock():false, isFacelockUnlocking():false
11-11 13:58:25.188  2472  3237 I R/F/OpAodMain/L/OpSliceContainer/KeyguardAssistantView: onViewAttachedToWindow
11-11 13:58:25.188  2472  2472 I KeyguardUpdateMonitor: getUserUnlockedWithBiometric, fingerprintAllowed:false, faceAllowed:false, canSkipBouncerByFacelock():false, isFacelockUnlocking():false
11-11 13:58:25.188  2472  3237 D SmartSpaceViewCtrl: view attached, trying to bind
11-11 13:58:25.188  2472  2472 I LockIcon:  updateDarkTint state:false
11-11 13:58:25.189  2472  2472 D KeyguardUpdateMonitor: shouldListen: true, vis:false, inter:false, bouncer:false, going:false, sleep:false, occlude:false, dream:true, switch:false, disabled:false, primary:true
11-11 13:58:25.189  2472  2472 D OpKeyguardUpdateMonitor: opShouldListenForFingerprint false: screen off
11-11 13:58:25.189  2472  2472 D KeyguardUpdateMonitor: updateFP: false, false, 0
11-11 13:58:25.189  2472  2472 D StatusBar: updateNotificationPanelTouchState, goingToSleepWithoutAnimation:false, isGoingToSleep():false, mDozeParameters.shouldControlScreenOff():false, disabled:true, mDeviceInteractive:false, mDozeServiceHost.isPulsing():false, stack:com.android.systemui.statusbar.phone.StatusBar$13.onFinishedGoingToSleep:4266 com.android.systemui.keyguard.-$$Lambda$AKoGNPXjF07Pzc3_fzdQTCHgk6E.accept:2 com.android.systemui.keyguard.Lifecycle.dispatch:39 com.android.systemui.keyguard.WakefulnessLifecycle.dispatchFinishedGoingToSleep:92 com.android.systemui.keyguard.KeyguardLifecyclesDispatcher$1.handleMessage:81 android.os.Handler.dispatchMessage:106 android.os.Looper.loop:245 
11-11 13:58:25.189  2472  2472 D StatusBar: onFinishedGoingToSleep -- update notification panel status
11-11 13:58:25.190  2472  2472 D StackScroller: updateSpeedBumpIndex newIndex:1 noAmbient: false
11-11 13:58:25.190  2472  2472 D StackScroller: updateFooter showDismissView false showFooterView true showHistory false hasActiveNotifications() true mStatusBarState 0
11-11 13:58:25.191  2472  2472 D StackScroller: setting break mode view visibility: isKeyGaurdVisible:false isWLBON:false
11-11 13:58:25.191  2472  2472 D PanelView: instantCollapse: mExpanding = false, mInstantExpanding = false
11-11 13:58:25.191  2472  2472 D OverviewProxyService: SystemUi flags: 40000000
11-11 13:58:25.191  2472  2472 D QSPanel : refreshAllTiles
